B-b1 priority_scan 44 900 [(4, 0.4277), (6, 0.0615), (8, 0.0117)]
B-b1 priority_scan 44 1800 [(4, 0.6719), (6, 0.0215), (8, 0.0)]
B-b1 priority_scan 44 3600 [(4, 0.4814), (6, 0.0078), (8, 0.0)]
B-b1 priority_scan 44 7200 [(4, 0.8525), (6, 0.0742), (8, 0.0049)]
B-b1 priority_scan 44 14400 [(4, 0.8955), (6, 0.0117), (8, 0.0)]
B-b1 priority_scan 44 28800 [(4, 0.9531), (6, 0.0068), (8, 0.0)]
B-b1 priority_scan 44 36000 [(4, 0.9463), (6, 0.002), (8, 0.0)]
B-b1 position_scan 22 900 [(4, 0.5459), (6, 0.0117), (8, 0.0)]
B-b1 position_scan 22 1800 [(4, 0.627), (6, 0.0068), (8, 0.0)]
B-b1 position_scan 22 3600 [(4, 0.7539), (6, 0.002), (8, 0.0)]
B-b1 position_scan 22 7200 [(4, 0.8662), (6, 0.0039), (8, 0.0)]
B-b1 position_scan 22 14400 [(4, 0.8066), (6, 0.0), (8, 0.0)]
B-b1 position_scan 22 28800 [(4, 0.3252), (6, 0.0), (8, 0.0)]
B-b1 position_scan 22 36000 [(4, 0.9766), (6, 0.001), (8, 0.0)]
B-b1 position_scan 88 900 [(4, 0.5635), (6, 0.0195), (8, 0.0)]
B-b1 position_scan 88 1800 [(4, 0.6504), (6, 0.0039), (8, 0.0)]
B-b1 position_scan 88 3600 [(4, 0.541), (6, 0.0), (8, 0.0)]
B-b1 position_scan 88 7200 [(4, 0.8564), (6, 0.0029), (8, 0.0)]
B-b1 position_scan 88 14400 [(4, 0.9365), (6, 0.0), (8, 0.0)]
B-b1 position_scan 88 28800 [(4, 0.9756), (6, 0.0), (8, 0.0)]
B-b1 position_scan 88 36000 [(4, 0.9697), (6, 0.0), (8, 0.0)]
B-b1 phase_scan 66 900 [(4, 0.7852), (6, 0.3203), (8, 0.0557)]
B-b1 phase_scan 66 1800 [(4, 0.8652), (6, 0.5742), (8, 0.1113)]
B-b1 phase_scan 66 3600 [(4, 0.8799), (6, 0.2979), (8, 0.0)]
B-b1 phase_scan 66 7200 [(4, 0.9375), (6, 0.7207), (8, 0.0117)]
B-b1 phase_scan 66 14400 [(4, 0.9668), (6, 0.8535), (8, 0.0283)]
B-b1 phase_scan 66 28800 [(4, 0.9736), (6, 0.8896), (8, 0.0469)]
B-b1 phase_scan 66 36000 [(4, 0.9619), (6, 0.8564), (8, 0.0)]
B-b16 priority_scan 44 900 [(4, 0.1748), (6, 0.0273), (8, 0.0029)]
B-b16 priority_scan 44 1800 [(4, 0.3008), (6, 0.0537), (8, 0.0049)]
B-b16 priority_scan 44 3600 [(4, 0.7002), (6, 0.2656), (8, 0.0352)]
B-b16 priority_scan 44 7200 [(4, 0.8857), (6, 0.7041), (8, 0.3848)]
B-b16 priority_scan 44 14400 [(4, 0.9297), (6, 0.8066), (8, 0.5176)]
B-b16 priority_scan 44 28800 [(4, 0.959), (6, 0.874), (8, 0.5732)]
B-b16 priority_scan 44 36000 [(4, 0.9648), (6, 0.9023), (8, 0.7891)]
B-b16 position_scan 22 900 [(4, 0.75), (6, 0.334), (8, 0.0654)]
B-b16 position_scan 22 1800 [(4, 0.835), (6, 0.5088), (8, 0.1875)]
B-b16 position_scan 22 3600 [(4, 0.8457), (6, 0.5674), (8, 0.2246)]
B-b16 position_scan 22 7200 [(4, 0.8906), (6, 0.6758), (8, 0.3535)]
B-b16 position_scan 22 14400 [(4, 0.9492), (6, 0.8125), (8, 0.4932)]
B-b16 position_scan 22 28800 [(4, 0.9717), (6, 0.8965), (8, 0.7676)]
B-b16 position_scan 22 36000 [(4, 0.9814), (6, 0.9277), (8, 0.7578)]
B-b16 position_scan 88 900 [(4, 0.7568), (6, 0.3789), (8, 0.0947)]
B-b16 position_scan 88 1800 [(4, 0.8076), (6, 0.4951), (8, 0.2061)]
B-b16 position_scan 88 3600 [(4, 0.8242), (6, 0.4443), (8, 0.0713)]
B-b16 position_scan 88 7200 [(4, 0.873), (6, 0.6641), (8, 0.3975)]
B-b16 position_scan 88 14400 [(4, 0.9512), (6, 0.8516), (8, 0.584)]
B-b16 position_scan 88 28800 [(4, 0.959), (6, 0.8506), (8, 0.6045)]
B-b16 position_scan 88 36000 [(4, 0.9785), (6, 0.9355), (8, 0.8438)]
B-b16 phase_scan 66 900 [(4, 0.6562), (6, 0.2666), (8, 0.0557)]
B-b16 phase_scan 66 1800 [(4, 0.7432), (6, 0.3887), (8, 0.0693)]
B-b16 phase_scan 66 3600 [(4, 0.8857), (6, 0.665), (8, 0.3389)]
B-b16 phase_scan 66 7200 [(4, 0.8994), (6, 0.7188), (8, 0.3857)]
B-b16 phase_scan 66 14400 [(4, 0.9473), (6, 0.8438), (8, 0.5635)]
B-b16 phase_scan 66 28800 [(4, 0.9707), (6, 0.9043), (8, 0.7461)]
B-b16 phase_scan 66 36000 [(4, 0.9785), (6, 0.9326), (8, 0.5791)]
N8-b1 priority_scan 44 900 [(6, 0.0156), (8, 0.001)]
N8-b1 priority_scan 44 1800 [(6, 0.0352), (8, 0.0)]
N8-b1 priority_scan 44 3600 [(6, 0.0049), (8, 0.0)]
N8-b1 position_scan 22 900 [(6, 0.001), (8, 0.0)]
N8-b1 position_scan 22 1800 [(6, 0.0), (8, 0.0)]
N8-b1 position_scan 22 3600 [(6, 0.0), (8, 0.0)]
N8-b1 position_scan 88 900 [(6, 0.0), (8, 0.0)]
N8-b1 position_scan 88 1800 [(6, 0.0), (8, 0.0)]
N8-b1 position_scan 88 3600 [(6, 0.0), (8, 0.0)]
N8-b1 phase_scan 66 900 [(6, 0.2754), (8, 0.0391)]
N8-b1 phase_scan 66 1800 [(6, 0.2197), (8, 0.0068)]
N8-b1 phase_scan 66 3600 [(6, 0.584), (8, 0.123)]
N8-b16 priority_scan 44 900 [(6, 0.0215), (8, 0.002)]
N8-b16 priority_scan 44 1800 [(6, 0.0537), (8, 0.0098)]
N8-b16 priority_scan 44 3600 [(6, 0.2969), (8, 0.0703)]
N8-b16 position_scan 22 900 [(6, 0.3965), (8, 0.1377)]
N8-b16 position_scan 22 1800 [(6, 0.6328), (8, 0.3701)]
N8-b16 position_scan 22 3600 [(6, 0.6426), (8, 0.4316)]
N8-b16 position_scan 88 900 [(6, 0.4307), (8, 0.1514)]
N8-b16 position_scan 88 1800 [(6, 0.1885), (8, 0.001)]
N8-b16 position_scan 88 3600 [(6, 0.6748), (8, 0.4922)]
N8-b16 phase_scan 66 900 [(6, 0.3408), (8, 0.0693)]
N8-b16 phase_scan 66 1800 [(6, 0.5938), (8, 0.375)]
N8-b16 phase_scan 66 3600 [(6, 0.709), (8, 0.4951)]
