B-b1 priority_scan 22 900 [(4, 0.2012), (6, 0.0254), (8, 0.0)]
B-b1 priority_scan 22 1800 [(4, 0.6953), (6, 0.1113), (8, 0.0049)]
B-b1 priority_scan 22 3600 [(4, 0.7969), (6, 0.2041), (8, 0.0068)]
B-b1 priority_scan 22 7200 [(4, 0.8311), (6, 0.0312), (8, 0.001)]
B-b1 priority_scan 22 14400 [(4, 0.9111), (6, 0.0127), (8, 0.0)]
B-b1 priority_scan 22 28800 [(4, 0.9648), (6, 0.334), (8, 0.0)]
B-b1 priority_scan 22 36000 [(4, 0.9502), (6, 0.0), (8, 0.0)]
B-b1 priority_scan 88 900 [(4, 0.168), (6, 0.0215), (8, 0.0)]
B-b1 priority_scan 88 1800 [(4, 0.6611), (6, 0.0371), (8, 0.0)]
B-b1 priority_scan 88 3600 [(4, 0.8115), (6, 0.0469), (8, 0.001)]
B-b1 priority_scan 88 7200 [(4, 0.8525), (6, 0.0146), (8, 0.0)]
B-b1 priority_scan 88 14400 [(4, 0.9326), (6, 0.0654), (8, 0.0)]
B-b1 priority_scan 88 28800 [(4, 0.9463), (6, 0.001), (8, 0.0)]
B-b1 priority_scan 88 36000 [(4, 0.9629), (6, 0.0771), (8, 0.0)]
B-b1 position_scan 66 900 [(4, 0.5029), (6, 0.0068), (8, 0.0)]
B-b1 position_scan 66 1800 [(4, 0.7236), (6, 0.0215), (8, 0.0)]
B-b1 position_scan 66 3600 [(4, 0.7891), (6, 0.0), (8, 0.0)]
B-b1 position_scan 66 7200 [(4, 0.8711), (6, 0.0), (8, 0.0)]
B-b1 position_scan 66 14400 [(4, 0.9463), (6, 0.0), (8, 0.0)]
B-b1 position_scan 66 28800 [(4, 0.9707), (6, 0.001), (8, 0.0)]
B-b1 position_scan 66 36000 [(4, 0.9648), (6, 0.001), (8, 0.0)]
B-b1 phase_scan 44 900 [(4, 0.6953), (6, 0.1738), (8, 0.0068)]
B-b1 phase_scan 44 1800 [(4, 0.8008), (6, 0.1699), (8, 0.0)]
B-b1 phase_scan 44 3600 [(4, 0.8574), (6, 0.417), (8, 0.002)]
B-b1 phase_scan 44 7200 [(4, 0.8857), (6, 0.6016), (8, 0.002)]
B-b1 phase_scan 44 14400 [(4, 0.9541), (6, 0.7891), (8, 0.0)]
B-b1 phase_scan 44 28800 [(4, 0.9062), (6, 0.7832), (8, 0.0)]
B-b1 phase_scan 44 36000 [(4, 0.9756), (6, 0.9072), (8, 0.0225)]
B-b16 priority_scan 22 900 [(4, 0.1875), (6, 0.0254), (8, 0.001)]
B-b16 priority_scan 22 1800 [(4, 0.1963), (6, 0.0273), (8, 0.0029)]
B-b16 priority_scan 22 3600 [(4, 0.5947), (6, 0.1416), (8, 0.0264)]
B-b16 priority_scan 22 7200 [(4, 0.8389), (6, 0.3965), (8, 0.0801)]
B-b16 priority_scan 22 14400 [(4, 0.9297), (6, 0.7461), (8, 0.4795)]
B-b16 priority_scan 22 28800 [(4, 0.9512), (6, 0.8477), (8, 0.7129)]
B-b16 priority_scan 22 36000 [(4, 0.9639), (6, 0.8779), (8, 0.7119)]
B-b16 priority_scan 88 900 [(4, 0.1934), (6, 0.0195), (8, 0.002)]
B-b16 priority_scan 88 1800 [(4, 0.2793), (6, 0.0459), (8, 0.0049)]
B-b16 priority_scan 88 3600 [(4, 0.7695), (6, 0.4814), (8, 0.2236)]
B-b16 priority_scan 88 7200 [(4, 0.8848), (6, 0.5098), (8, 0.0635)]
B-b16 priority_scan 88 14400 [(4, 0.9521), (6, 0.8682), (8, 0.6689)]
B-b16 priority_scan 88 28800 [(4, 0.9629), (6, 0.8916), (8, 0.7695)]
B-b16 priority_scan 88 36000 [(4, 0.9707), (6, 0.918), (8, 0.7686)]
B-b16 position_scan 66 900 [(4, 0.6514), (6, 0.2031), (8, 0.0361)]
B-b16 position_scan 66 1800 [(4, 0.8291), (6, 0.5283), (8, 0.2422)]
B-b16 position_scan 66 3600 [(4, 0.8398), (6, 0.582), (8, 0.2617)]
B-b16 position_scan 66 7200 [(4, 0.8164), (6, 0.3564), (8, 0.0654)]
B-b16 position_scan 66 14400 [(4, 0.9424), (6, 0.7979), (8, 0.5361)]
B-b16 position_scan 66 28800 [(4, 0.9707), (6, 0.8994), (8, 0.4834)]
B-b16 position_scan 66 36000 [(4, 0.9707), (6, 0.8994), (8, 0.0684)]
B-b16 phase_scan 44 900 [(4, 0.7295), (6, 0.3428), (8, 0.0732)]
B-b16 phase_scan 44 1800 [(4, 0.7998), (6, 0.4697), (8, 0.2031)]
B-b16 phase_scan 44 3600 [(4, 0.8955), (6, 0.7021), (8, 0.4482)]
B-b16 phase_scan 44 7200 [(4, 0.8994), (6, 0.749), (8, 0.4619)]
B-b16 phase_scan 44 14400 [(4, 0.9424), (6, 0.8506), (8, 0.6689)]
B-b16 phase_scan 44 28800 [(4, 0.9727), (6, 0.9229), (8, 0.6943)]
B-b16 phase_scan 44 36000 [(4, 0.9688), (6, 0.917), (8, 0.5459)]
N8-b1 priority_scan 22 900 [(6, 0.0068), (8, 0.0)]
N8-b1 priority_scan 22 1800 [(6, 0.0322), (8, 0.0)]
N8-b1 priority_scan 22 3600 [(6, 0.001), (8, 0.0)]
N8-b1 priority_scan 88 900 [(6, 0.0088), (8, 0.0)]
N8-b1 priority_scan 88 1800 [(6, 0.0742), (8, 0.001)]
N8-b1 priority_scan 88 3600 [(6, 0.0312), (8, 0.0)]
N8-b1 position_scan 66 900 [(6, 0.001), (8, 0.0)]
N8-b1 position_scan 66 1800 [(6, 0.0), (8, 0.0)]
N8-b1 position_scan 66 3600 [(6, 0.0), (8, 0.0)]
N8-b1 phase_scan 44 900 [(6, 0.2363), (8, 0.0283)]
N8-b1 phase_scan 44 1800 [(6, 0.1904), (8, 0.0049)]
N8-b1 phase_scan 44 3600 [(6, 0.4043), (8, 0.0186)]
N8-b16 priority_scan 22 900 [(6, 0.0234), (8, 0.0)]
N8-b16 priority_scan 22 1800 [(6, 0.0518), (8, 0.0049)]
N8-b16 priority_scan 22 3600 [(6, 0.5957), (8, 0.3486)]
N8-b16 priority_scan 88 900 [(6, 0.0254), (8, 0.0068)]
N8-b16 priority_scan 88 1800 [(6, 0.3818), (8, 0.1289)]
N8-b16 priority_scan 88 3600 [(6, 0.6855), (8, 0.5449)]
N8-b16 position_scan 66 900 [(6, 0.3457), (8, 0.0908)]
N8-b16 position_scan 66 1800 [(6, 0.6016), (8, 0.3584)]
N8-b16 position_scan 66 3600 [(6, 0.6807), (8, 0.457)]
N8-b16 phase_scan 44 900 [(6, 0.3457), (8, 0.0635)]
N8-b16 phase_scan 44 1800 [(6, 0.3506), (8, 0.0244)]
N8-b16 phase_scan 44 3600 [(6, 0.6914), (8, 0.5273)]
