B-b1 priority_scan 55 900 [(4, 0.1895), (6, 0.0127), (8, 0.001)]
B-b1 priority_scan 55 1800 [(4, 0.6768), (6, 0.0889), (8, 0.0059)]
B-b1 priority_scan 55 3600 [(4, 0.8037), (6, 0.0469), (8, 0.0)]
B-b1 priority_scan 55 7200 [(4, 0.8428), (6, 0.0107), (8, 0.0)]
B-b1 priority_scan 55 14400 [(4, 0.9229), (6, 0.041), (8, 0.0)]
B-b1 priority_scan 55 28800 [(4, 0.9443), (6, 0.0674), (8, 0.0)]
B-b1 priority_scan 55 36000 [(4, 0.9609), (6, 0.0225), (8, 0.0)]
B-b1 position_scan 33 900 [(4, 0.375), (6, 0.0), (8, 0.0)]
B-b1 position_scan 33 1800 [(4, 0.6191), (6, 0.0039), (8, 0.0)]
B-b1 position_scan 33 3600 [(4, 0.7227), (6, 0.0), (8, 0.0)]
B-b1 position_scan 33 7200 [(4, 0.8564), (6, 0.0), (8, 0.0)]
B-b1 position_scan 33 14400 [(4, 0.916), (6, 0.0), (8, 0.0)]
B-b1 position_scan 33 28800 [(4, 0.9268), (6, 0.0), (8, 0.0)]
B-b1 position_scan 33 36000 [(4, 0.9756), (6, 0.0), (8, 0.0)]
B-b1 phase_scan 11 900 [(4, 0.7314), (6, 0.2197), (8, 0.0088)]
B-b1 phase_scan 11 1800 [(4, 0.8438), (6, 0.3096), (8, 0.0098)]
B-b1 phase_scan 11 3600 [(4, 0.8945), (6, 0.5498), (8, 0.0078)]
B-b1 phase_scan 11 7200 [(4, 0.9355), (6, 0.7305), (8, 0.0195)]
B-b1 phase_scan 11 14400 [(4, 0.9189), (6, 0.6758), (8, 0.0)]
B-b1 phase_scan 11 28800 [(4, 0.9707), (6, 0.8271), (8, 0.0)]
B-b1 phase_scan 11 36000 [(4, 0.9697), (6, 0.8301), (8, 0.0059)]
B-b1 phase_scan 77 900 [(4, 0.7744), (6, 0.1328), (8, 0.001)]
B-b1 phase_scan 77 1800 [(4, 0.8408), (6, 0.3066), (8, 0.0068)]
B-b1 phase_scan 77 3600 [(4, 0.917), (6, 0.6133), (8, 0.0811)]
B-b1 phase_scan 77 7200 [(4, 0.9385), (6, 0.6523), (8, 0.0293)]
B-b1 phase_scan 77 14400 [(4, 0.9727), (6, 0.832), (8, 0.0322)]
B-b1 phase_scan 77 28800 [(4, 0.9707), (6, 0.8789), (8, 0.0703)]
B-b1 phase_scan 77 36000 [(4, 0.9736), (6, 0.873), (8, 0.0)]
B-b16 priority_scan 55 900 [(4, 0.1807), (6, 0.0264), (8, 0.002)]
B-b16 priority_scan 55 1800 [(4, 0.2119), (6, 0.0303), (8, 0.0039)]
B-b16 priority_scan 55 3600 [(4, 0.832), (6, 0.623), (8, 0.3262)]
B-b16 priority_scan 55 7200 [(4, 0.917), (6, 0.7646), (8, 0.4482)]
B-b16 priority_scan 55 14400 [(4, 0.915), (6, 0.7793), (8, 0.667)]
B-b16 priority_scan 55 28800 [(4, 0.9688), (6, 0.8701), (8, 0.6152)]
B-b16 priority_scan 55 36000 [(4, 0.9727), (6, 0.9111), (8, 0.8018)]
B-b16 position_scan 33 900 [(4, 0.7451), (6, 0.3486), (8, 0.0889)]
B-b16 position_scan 33 1800 [(4, 0.7959), (6, 0.4697), (8, 0.1279)]
B-b16 position_scan 33 3600 [(4, 0.7578), (6, 0.3857), (8, 0.1113)]
B-b16 position_scan 33 7200 [(4, 0.9004), (6, 0.6787), (8, 0.374)]
B-b16 position_scan 33 14400 [(4, 0.9238), (6, 0.7295), (8, 0.3818)]
B-b16 position_scan 33 28800 [(4, 0.959), (6, 0.9004), (8, 0.7363)]
B-b16 position_scan 33 36000 [(4, 0.9717), (6, 0.8994), (8, 0.5977)]
B-b16 phase_scan 11 900 [(4, 0.7471), (6, 0.4004), (8, 0.1191)]
B-b16 phase_scan 11 1800 [(4, 0.8516), (6, 0.5635), (8, 0.2627)]
B-b16 phase_scan 11 3600 [(4, 0.8955), (6, 0.7256), (8, 0.4541)]
B-b16 phase_scan 11 7200 [(4, 0.8652), (6, 0.5938), (8, 0.1846)]
B-b16 phase_scan 11 14400 [(4, 0.9365), (6, 0.8379), (8, 0.5088)]
B-b16 phase_scan 11 28800 [(4, 0.9668), (6, 0.918), (8, 0.6855)]
B-b16 phase_scan 11 36000 [(4, 0.9766), (6, 0.8994), (8, 0.582)]
B-b16 phase_scan 77 900 [(4, 0.6885), (6, 0.2725), (8, 0.0312)]
B-b16 phase_scan 77 1800 [(4, 0.8096), (6, 0.4971), (8, 0.1572)]
B-b16 phase_scan 77 3600 [(4, 0.8594), (6, 0.626), (8, 0.2793)]
B-b16 phase_scan 77 7200 [(4, 0.9238), (6, 0.79), (8, 0.5195)]
B-b16 phase_scan 77 14400 [(4, 0.9541), (6, 0.8711), (8, 0.5947)]
B-b16 phase_scan 77 28800 [(4, 0.9766), (6, 0.9209), (8, 0.5996)]
B-b16 phase_scan 77 36000 [(4, 0.9814), (6, 0.9414), (8, 0.6992)]
N8-b1 priority_scan 55 900 [(6, 0.0088), (8, 0.0)]
N8-b1 priority_scan 55 1800 [(6, 0.0625), (8, 0.0)]
N8-b1 priority_scan 55 3600 [(6, 0.0244), (8, 0.0)]
N8-b1 position_scan 33 900 [(6, 0.002), (8, 0.0)]
N8-b1 position_scan 33 1800 [(6, 0.0029), (8, 0.0)]
N8-b1 position_scan 33 3600 [(6, 0.0), (8, 0.0)]
N8-b1 phase_scan 11 900 [(6, 0.0996), (8, 0.001)]
N8-b1 phase_scan 11 1800 [(6, 0.0938), (8, 0.002)]
N8-b1 phase_scan 11 3600 [(6, 0.3301), (8, 0.0137)]
N8-b1 phase_scan 77 900 [(6, 0.0801), (8, 0.001)]
N8-b1 phase_scan 77 1800 [(6, 0.3057), (8, 0.0146)]
N8-b1 phase_scan 77 3600 [(6, 0.0303), (8, 0.0)]
N8-b16 priority_scan 55 900 [(6, 0.0166), (8, 0.0)]
N8-b16 priority_scan 55 1800 [(6, 0.2373), (8, 0.0635)]
N8-b16 priority_scan 55 3600 [(6, 0.667), (8, 0.54)]
N8-b16 position_scan 33 900 [(6, 0.4482), (8, 0.1846)]
N8-b16 position_scan 33 1800 [(6, 0.6602), (8, 0.4316)]
N8-b16 position_scan 33 3600 [(6, 0.7227), (8, 0.5459)]
N8-b16 phase_scan 11 900 [(6, 0.3965), (8, 0.1035)]
N8-b16 phase_scan 11 1800 [(6, 0.5762), (8, 0.3096)]
N8-b16 phase_scan 11 3600 [(6, 0.7588), (8, 0.6104)]
N8-b16 phase_scan 77 900 [(6, 0.5303), (8, 0.2471)]
N8-b16 phase_scan 77 1800 [(6, 0.583), (8, 0.3496)]
N8-b16 phase_scan 77 3600 [(6, 0.7471), (8, 0.5479)]
