B-b1 priority_scan 66 900 [(4, 0.3203), (6, 0.0352), (8, 0.0117)]
B-b1 priority_scan 66 1800 [(4, 0.7002), (6, 0.0537), (8, 0.0)]
B-b1 priority_scan 66 3600 [(4, 0.8252), (6, 0.0537), (8, 0.0)]
B-b1 priority_scan 66 7200 [(4, 0.8662), (6, 0.0596), (8, 0.0)]
B-b1 priority_scan 66 14400 [(4, 0.8877), (6, 0.0088), (8, 0.0)]
B-b1 priority_scan 66 28800 [(4, 0.9453), (6, 0.042), (8, 0.0)]
B-b1 priority_scan 66 36000 [(4, 0.9648), (6, 0.1738), (8, 0.0)]
B-b1 position_scan 44 900 [(4, 0.4805), (6, 0.0088), (8, 0.0)]
B-b1 position_scan 44 1800 [(4, 0.668), (6, 0.001), (8, 0.0)]
B-b1 position_scan 44 3600 [(4, 0.7129), (6, 0.002), (8, 0.0)]
B-b1 position_scan 44 7200 [(4, 0.5977), (6, 0.0), (8, 0.0)]
B-b1 position_scan 44 14400 [(4, 0.877), (6, 0.0), (8, 0.0)]
B-b1 position_scan 44 28800 [(4, 0.9551), (6, 0.0), (8, 0.0)]
B-b1 position_scan 44 36000 [(4, 0.9658), (6, 0.0), (8, 0.0)]
B-b1 phase_scan 22 900 [(4, 0.7393), (6, 0.1035), (8, 0.0029)]
B-b1 phase_scan 22 1800 [(4, 0.8145), (6, 0.3662), (8, 0.0273)]
B-b1 phase_scan 22 3600 [(4, 0.918), (6, 0.5713), (8, 0.0371)]
B-b1 phase_scan 22 7200 [(4, 0.9326), (6, 0.7539), (8, 0.0156)]
B-b1 phase_scan 22 14400 [(4, 0.9658), (6, 0.874), (8, 0.0488)]
B-b1 phase_scan 22 28800 [(4, 0.9746), (6, 0.8926), (8, 0.0312)]
B-b1 phase_scan 22 36000 [(4, 0.9756), (6, 0.8887), (8, 0.0215)]
B-b1 phase_scan 88 900 [(4, 0.748), (6, 0.1846), (8, 0.0146)]
B-b1 phase_scan 88 1800 [(4, 0.8438), (6, 0.3438), (8, 0.0156)]
B-b1 phase_scan 88 3600 [(4, 0.8623), (6, 0.4346), (8, 0.002)]
B-b1 phase_scan 88 7200 [(4, 0.9268), (6, 0.6748), (8, 0.0156)]
B-b1 phase_scan 88 14400 [(4, 0.9482), (6, 0.8457), (8, 0.0449)]
B-b1 phase_scan 88 28800 [(4, 0.9697), (6, 0.7617), (8, 0.001)]
B-b1 phase_scan 88 36000 [(4, 0.9795), (6, 0.9336), (8, 0.0586)]
B-b16 priority_scan 66 900 [(4, 0.1914), (6, 0.0205), (8, 0.0039)]
B-b16 priority_scan 66 1800 [(4, 0.1934), (6, 0.0176), (8, 0.0059)]
B-b16 priority_scan 66 3600 [(4, 0.5), (6, 0.124), (8, 0.0107)]
B-b16 priority_scan 66 7200 [(4, 0.877), (6, 0.627), (8, 0.2744)]
B-b16 priority_scan 66 14400 [(4, 0.9248), (6, 0.7939), (8, 0.5723)]
B-b16 priority_scan 66 28800 [(4, 0.96), (6, 0.877), (8, 0.7334)]
B-b16 priority_scan 66 36000 [(4, 0.958), (6, 0.8916), (8, 0.7334)]
B-b16 position_scan 44 900 [(4, 0.6445), (6, 0.1582), (8, 0.0098)]
B-b16 position_scan 44 1800 [(4, 0.832), (6, 0.5254), (8, 0.2832)]
B-b16 position_scan 44 3600 [(4, 0.873), (6, 0.6338), (8, 0.291)]
B-b16 position_scan 44 7200 [(4, 0.8613), (6, 0.6045), (8, 0.25)]
B-b16 position_scan 44 14400 [(4, 0.9287), (6, 0.8057), (8, 0.5215)]
B-b16 position_scan 44 28800 [(4, 0.9746), (6, 0.9082), (8, 0.7598)]
B-b16 position_scan 44 36000 [(4, 0.9785), (6, 0.9277), (8, 0.8311)]
B-b16 phase_scan 22 900 [(4, 0.7539), (6, 0.3896), (8, 0.1182)]
B-b16 phase_scan 22 1800 [(4, 0.7998), (6, 0.5156), (8, 0.1924)]
B-b16 phase_scan 22 3600 [(4, 0.8887), (6, 0.6816), (8, 0.3477)]
B-b16 phase_scan 22 7200 [(4, 0.917), (6, 0.7627), (8, 0.5068)]
B-b16 phase_scan 22 14400 [(4, 0.9531), (6, 0.8721), (8, 0.6387)]
B-b16 phase_scan 22 28800 [(4, 0.9688), (6, 0.9131), (8, 0.749)]
B-b16 phase_scan 22 36000 [(4, 0.9756), (6, 0.9307), (8, 0.6963)]
B-b16 phase_scan 88 900 [(4, 0.7012), (6, 0.2812), (8, 0.0342)]
B-b16 phase_scan 88 1800 [(4, 0.8115), (6, 0.5107), (8, 0.1777)]
B-b16 phase_scan 88 3600 [(4, 0.8926), (6, 0.6445), (8, 0.2207)]
B-b16 phase_scan 88 7200 [(4, 0.9189), (6, 0.7441), (8, 0.4209)]
B-b16 phase_scan 88 14400 [(4, 0.9492), (6, 0.8486), (8, 0.6484)]
B-b16 phase_scan 88 28800 [(4, 0.9688), (6, 0.9209), (8, 0.3311)]
B-b16 phase_scan 88 36000 [(4, 0.9863), (6, 0.9375), (8, 0.4834)]
N8-b1 priority_scan 66 900 [(6, 0.0078), (8, 0.0)]
N8-b1 priority_scan 66 1800 [(6, 0.001), (8, 0.0)]
N8-b1 priority_scan 66 3600 [(6, 0.0283), (8, 0.0)]
N8-b1 position_scan 44 900 [(6, 0.0029), (8, 0.0)]
N8-b1 position_scan 44 1800 [(6, 0.0), (8, 0.0)]
N8-b1 position_scan 44 3600 [(6, 0.0), (8, 0.0)]
N8-b1 phase_scan 22 900 [(6, 0.1494), (8, 0.002)]
N8-b1 phase_scan 22 1800 [(6, 0.2754), (8, 0.0059)]
N8-b1 phase_scan 22 3600 [(6, 0.4824), (8, 0.0322)]
N8-b1 phase_scan 88 900 [(6, 0.2461), (8, 0.0137)]
N8-b1 phase_scan 88 1800 [(6, 0.2051), (8, 0.0)]
N8-b1 phase_scan 88 3600 [(6, 0.5371), (8, 0.1426)]
N8-b16 priority_scan 66 900 [(6, 0.0234), (8, 0.002)]
N8-b16 priority_scan 66 1800 [(6, 0.3818), (8, 0.165)]
N8-b16 priority_scan 66 3600 [(6, 0.6709), (8, 0.501)]
N8-b16 position_scan 44 900 [(6, 0.3906), (8, 0.1641)]
N8-b16 position_scan 44 1800 [(6, 0.5605), (8, 0.2549)]
N8-b16 position_scan 44 3600 [(6, 0.709), (8, 0.4951)]
N8-b16 phase_scan 22 900 [(6, 0.4365), (8, 0.127)]
N8-b16 phase_scan 22 1800 [(6, 0.6592), (8, 0.4111)]
N8-b16 phase_scan 22 3600 [(6, 0.7686), (8, 0.6016)]
N8-b16 phase_scan 88 900 [(6, 0.5029), (8, 0.1846)]
N8-b16 phase_scan 88 1800 [(6, 0.5674), (8, 0.3174)]
N8-b16 phase_scan 88 3600 [(6, 0.7324), (8, 0.6006)]
