B-b1 priority_scan 11 900 [(4, 0.3682), (6, 0.0479), (8, 0.0049)]
B-b1 priority_scan 11 1800 [(4, 0.6562), (6, 0.0029), (8, 0.0)]
B-b1 priority_scan 11 3600 [(4, 0.8076), (6, 0.0527), (8, 0.001)]
B-b1 priority_scan 11 7200 [(4, 0.8477), (6, 0.0098), (8, 0.0)]
B-b1 priority_scan 11 14400 [(4, 0.873), (6, 0.0049), (8, 0.0)]
B-b1 priority_scan 11 28800 [(4, 0.9365), (6, 0.0957), (8, 0.0)]
B-b1 priority_scan 11 36000 [(4, 0.9492), (6, 0.0078), (8, 0.0)]
B-b1 priority_scan 77 900 [(4, 0.3887), (6, 0.0586), (8, 0.002)]
B-b1 priority_scan 77 1800 [(4, 0.5537), (6, 0.0586), (8, 0.0029)]
B-b1 priority_scan 77 3600 [(4, 0.7646), (6, 0.0625), (8, 0.001)]
B-b1 priority_scan 77 7200 [(4, 0.8203), (6, 0.0381), (8, 0.0)]
B-b1 priority_scan 77 14400 [(4, 0.8994), (6, 0.0264), (8, 0.0)]
B-b1 priority_scan 77 28800 [(4, 0.9482), (6, 0.0039), (8, 0.0)]
B-b1 priority_scan 77 36000 [(4, 0.9512), (6, 0.0068), (8, 0.0)]
B-b1 position_scan 55 900 [(4, 0.5557), (6, 0.0186), (8, 0.0)]
B-b1 position_scan 55 1800 [(4, 0.6172), (6, 0.001), (8, 0.0)]
B-b1 position_scan 55 3600 [(4, 0.8145), (6, 0.0195), (8, 0.0)]
B-b1 position_scan 55 7200 [(4, 0.877), (6, 0.0088), (8, 0.0)]
B-b1 position_scan 55 14400 [(4, 0.9209), (6, 0.0), (8, 0.0)]
B-b1 position_scan 55 28800 [(4, 0.9414), (6, 0.0), (8, 0.0)]
B-b1 position_scan 55 36000 [(4, 0.9619), (6, 0.0), (8, 0.0)]
B-b1 phase_scan 33 900 [(4, 0.7432), (6, 0.2344), (8, 0.0283)]
B-b1 phase_scan 33 1800 [(4, 0.7529), (6, 0.1709), (8, 0.0078)]
B-b1 phase_scan 33 3600 [(4, 0.874), (6, 0.4307), (8, 0.0039)]
B-b1 phase_scan 33 7200 [(4, 0.9395), (6, 0.7139), (8, 0.0146)]
B-b1 phase_scan 33 14400 [(4, 0.9629), (6, 0.8457), (8, 0.0791)]
B-b1 phase_scan 33 28800 [(4, 0.9678), (6, 0.916), (8, 0.2354)]
B-b1 phase_scan 33 36000 [(4, 0.9785), (6, 0.8643), (8, 0.0195)]
B-b16 priority_scan 11 900 [(4, 0.1943), (6, 0.0244), (8, 0.0039)]
B-b16 priority_scan 11 1800 [(4, 0.1973), (6, 0.0225), (8, 0.0078)]
B-b16 priority_scan 11 3600 [(4, 0.5713), (6, 0.083), (8, 0.0068)]
B-b16 priority_scan 11 7200 [(4, 0.8828), (6, 0.5283), (8, 0.1816)]
B-b16 priority_scan 11 14400 [(4, 0.8877), (6, 0.6523), (8, 0.3438)]
B-b16 priority_scan 11 28800 [(4, 0.9541), (6, 0.8682), (8, 0.5742)]
B-b16 priority_scan 11 36000 [(4, 0.957), (6, 0.873), (8, 0.6621)]
B-b16 priority_scan 77 900 [(4, 0.1826), (6, 0.0254), (8, 0.002)]
B-b16 priority_scan 77 1800 [(4, 0.1777), (6, 0.0254), (8, 0.0039)]
B-b16 priority_scan 77 3600 [(4, 0.623), (6, 0.1963), (8, 0.0264)]
B-b16 priority_scan 77 7200 [(4, 0.8975), (6, 0.7246), (8, 0.4668)]
B-b16 priority_scan 77 14400 [(4, 0.9521), (6, 0.8223), (8, 0.6172)]
B-b16 priority_scan 77 28800 [(4, 0.96), (6, 0.8955), (8, 0.7949)]
B-b16 priority_scan 77 36000 [(4, 0.9668), (6, 0.8975), (8, 0.8232)]
B-b16 position_scan 55 900 [(4, 0.7002), (6, 0.29), (8, 0.084)]
B-b16 position_scan 55 1800 [(4, 0.7441), (6, 0.3369), (8, 0.0625)]
B-b16 position_scan 55 3600 [(4, 0.8613), (6, 0.667), (8, 0.4229)]
B-b16 position_scan 55 7200 [(4, 0.8828), (6, 0.6641), (8, 0.3896)]
B-b16 position_scan 55 14400 [(4, 0.9209), (6, 0.7725), (8, 0.5771)]
B-b16 position_scan 55 28800 [(4, 0.9746), (6, 0.9238), (8, 0.8174)]
B-b16 position_scan 55 36000 [(4, 0.9756), (6, 0.916), (8, 0.749)]
B-b16 phase_scan 33 900 [(4, 0.0), (6, 0.0), (8, 0.0)]
B-b16 phase_scan 33 1800 [(4, 0.0), (6, 0.0), (8, 0.0)]
B-b16 phase_scan 33 3600 [(4, 0.0), (6, 0.0), (8, 0.0)]
B-b16 phase_scan 33 7200 [(4, 0.3262), (6, 0.0078), (8, 0.0)]
B-b16 phase_scan 33 14400 [(4, 0.8789), (6, 0.4697), (8, 0.0244)]
B-b16 phase_scan 33 28800 [(4, 0.9502), (6, 0.8408), (8, 0.0117)]
B-b16 phase_scan 33 36000 [(4, 0.9746), (6, 0.8896), (8, 0.0049)]
N8-b1 priority_scan 11 900 [(6, 0.0371), (8, 0.001)]
N8-b1 priority_scan 11 1800 [(6, 0.0049), (8, 0.0)]
N8-b1 priority_scan 11 3600 [(6, 0.0225), (8, 0.0)]
N8-b1 priority_scan 77 900 [(6, 0.1045), (8, 0.0117)]
N8-b1 priority_scan 77 1800 [(6, 0.0117), (8, 0.0)]
N8-b1 priority_scan 77 3600 [(6, 0.0059), (8, 0.0)]
N8-b1 position_scan 55 900 [(6, 0.0), (8, 0.0)]
N8-b1 position_scan 55 1800 [(6, 0.0), (8, 0.0)]
N8-b1 position_scan 55 3600 [(6, 0.0107), (8, 0.0)]
N8-b1 phase_scan 33 900 [(6, 0.2842), (8, 0.0498)]
N8-b1 phase_scan 33 1800 [(6, 0.3896), (8, 0.0566)]
N8-b1 phase_scan 33 3600 [(6, 0.2158), (8, 0.0)]
N8-b16 priority_scan 11 900 [(6, 0.0264), (8, 0.0029)]
N8-b16 priority_scan 11 1800 [(6, 0.3164), (8, 0.0986)]
N8-b16 priority_scan 11 3600 [(6, 0.7119), (8, 0.5859)]
N8-b16 priority_scan 77 900 [(6, 0.0225), (8, 0.0039)]
N8-b16 priority_scan 77 1800 [(6, 0.2754), (8, 0.0869)]
N8-b16 priority_scan 77 3600 [(6, 0.623), (8, 0.3682)]
N8-b16 position_scan 55 900 [(6, 0.3594), (8, 0.1367)]
N8-b16 position_scan 55 1800 [(6, 0.5498), (8, 0.2842)]
N8-b16 position_scan 55 3600 [(6, 0.5996), (8, 0.2959)]
N8-b16 phase_scan 33 900 [(6, 0.4639), (8, 0.1865)]
N8-b16 phase_scan 33 1800 [(6, 0.6064), (8, 0.3428)]
N8-b16 phase_scan 33 3600 [(6, 0.707), (8, 0.5381)]
