B-b1 priority_scan 33 900 [(4, 0.1709), (6, 0.0166), (8, 0.002)]
B-b1 priority_scan 33 1800 [(4, 0.709), (6, 0.1055), (8, 0.002)]
B-b1 priority_scan 33 3600 [(4, 0.8105), (6, 0.0576), (8, 0.0)]
B-b1 priority_scan 33 7200 [(4, 0.8643), (6, 0.0029), (8, 0.0)]
B-b1 priority_scan 33 14400 [(4, 0.9258), (6, 0.0303), (8, 0.0)]
B-b1 priority_scan 33 28800 [(4, 0.9375), (6, 0.001), (8, 0.0)]
B-b1 priority_scan 33 36000 [(4, 0.9639), (6, 0.0127), (8, 0.0)]
B-b1 position_scan 11 900 [(4, 0.5098), (6, 0.0068), (8, 0.0)]
B-b1 position_scan 11 1800 [(4, 0.6318), (6, 0.0049), (8, 0.0)]
B-b1 position_scan 11 3600 [(4, 0.8184), (6, 0.0479), (8, 0.0)]
B-b1 position_scan 11 7200 [(4, 0.8604), (6, 0.002), (8, 0.0)]
B-b1 position_scan 11 14400 [(4, 0.9004), (6, 0.0), (8, 0.0)]
B-b1 position_scan 11 28800 [(4, 0.9688), (6, 0.001), (8, 0.0)]
B-b1 position_scan 11 36000 [(4, 0.9785), (6, 0.0), (8, 0.0)]
B-b1 position_scan 77 900 [(4, 0.373), (6, 0.0), (8, 0.0)]
B-b1 position_scan 77 1800 [(4, 0.7266), (6, 0.0117), (8, 0.0)]
B-b1 position_scan 77 3600 [(4, 0.7881), (6, 0.0371), (8, 0.0)]
B-b1 position_scan 77 7200 [(4, 0.7539), (6, 0.0), (8, 0.0)]
B-b1 position_scan 77 14400 [(4, 0.5957), (6, 0.0), (8, 0.0)]
B-b1 position_scan 77 28800 [(4, 0.9678), (6, 0.0), (8, 0.0)]
B-b1 position_scan 77 36000 [(4, 0.9639), (6, 0.0), (8, 0.0)]
B-b1 phase_scan 55 900 [(4, 0.7725), (6, 0.291), (8, 0.0312)]
B-b1 phase_scan 55 1800 [(4, 0.8359), (6, 0.3203), (8, 0.0068)]
B-b1 phase_scan 55 3600 [(4, 0.8691), (6, 0.5586), (8, 0.0967)]
B-b1 phase_scan 55 7200 [(4, 0.9033), (6, 0.3242), (8, 0.001)]
B-b1 phase_scan 55 14400 [(4, 0.9336), (6, 0.6758), (8, 0.0)]
B-b1 phase_scan 55 28800 [(4, 0.9785), (6, 0.8857), (8, 0.0)]
B-b1 phase_scan 55 36000 [(4, 0.9736), (6, 0.9199), (8, 0.0)]
B-b16 priority_scan 33 900 [(4, 0.1846), (6, 0.0205), (8, 0.0029)]
B-b16 priority_scan 33 1800 [(4, 0.1826), (6, 0.0244), (8, 0.0029)]
B-b16 priority_scan 33 3600 [(4, 0.7969), (6, 0.4033), (8, 0.1016)]
B-b16 priority_scan 33 7200 [(4, 0.9033), (6, 0.5889), (8, 0.124)]
B-b16 priority_scan 33 14400 [(4, 0.9385), (6, 0.8135), (8, 0.583)]
B-b16 priority_scan 33 28800 [(4, 0.9512), (6, 0.8711), (8, 0.6729)]
B-b16 priority_scan 33 36000 [(4, 0.959), (6, 0.8926), (8, 0.6562)]
B-b16 position_scan 11 900 [(4, 0.7373), (6, 0.3633), (8, 0.0771)]
B-b16 position_scan 11 1800 [(4, 0.8086), (6, 0.4766), (8, 0.209)]
B-b16 position_scan 11 3600 [(4, 0.8311), (6, 0.5088), (8, 0.1396)]
B-b16 position_scan 11 7200 [(4, 0.8809), (6, 0.6777), (8, 0.4824)]
B-b16 position_scan 11 14400 [(4, 0.9307), (6, 0.8066), (8, 0.5928)]
B-b16 position_scan 11 28800 [(4, 0.957), (6, 0.8584), (8, 0.5967)]
B-b16 position_scan 11 36000 [(4, 0.9736), (6, 0.9111), (8, 0.7363)]
B-b16 position_scan 77 900 [(4, 0.6924), (6, 0.2656), (8, 0.0391)]
B-b16 position_scan 77 1800 [(4, 0.7842), (6, 0.3936), (8, 0.0918)]
B-b16 position_scan 77 3600 [(4, 0.8828), (6, 0.6885), (8, 0.3887)]
B-b16 position_scan 77 7200 [(4, 0.9043), (6, 0.7188), (8, 0.4434)]
B-b16 position_scan 77 14400 [(4, 0.918), (6, 0.7764), (8, 0.5127)]
B-b16 position_scan 77 28800 [(4, 0.9678), (6, 0.9082), (8, 0.7148)]
B-b16 position_scan 77 36000 [(4, 0.9824), (6, 0.9385), (8, 0.8369)]
B-b16 phase_scan 55 900 [(4, 0.7627), (6, 0.3584), (8, 0.0947)]
B-b16 phase_scan 55 1800 [(4, 0.8154), (6, 0.5371), (8, 0.1846)]
B-b16 phase_scan 55 3600 [(4, 0.8906), (6, 0.6699), (8, 0.4023)]
B-b16 phase_scan 55 7200 [(4, 0.8916), (6, 0.6982), (8, 0.291)]
B-b16 phase_scan 55 14400 [(4, 0.9531), (6, 0.8506), (8, 0.6865)]
B-b16 phase_scan 55 28800 [(4, 0.9805), (6, 0.9307), (8, 0.7881)]
B-b16 phase_scan 55 36000 [(4, 0.9814), (6, 0.9355), (8, 0.7559)]
N8-b1 priority_scan 33 900 [(6, 0.0186), (8, 0.0)]
N8-b1 priority_scan 33 1800 [(6, 0.0039), (8, 0.0)]
N8-b1 priority_scan 33 3600 [(6, 0.0039), (8, 0.0)]
N8-b1 position_scan 11 900 [(6, 0.0), (8, 0.0)]
N8-b1 position_scan 11 1800 [(6, 0.0), (8, 0.0)]
N8-b1 position_scan 11 3600 [(6, 0.0), (8, 0.0)]
N8-b1 position_scan 77 900 [(6, 0.002), (8, 0.0)]
N8-b1 position_scan 77 1800 [(6, 0.0), (8, 0.0)]
N8-b1 position_scan 77 3600 [(6, 0.0), (8, 0.0)]
N8-b1 phase_scan 55 900 [(6, 0.2041), (8, 0.0127)]
N8-b1 phase_scan 55 1800 [(6, 0.1943), (8, 0.001)]
N8-b1 phase_scan 55 3600 [(6, 0.6006), (8, 0.248)]
N8-b16 priority_scan 33 900 [(6, 0.0244), (8, 0.0049)]
N8-b16 priority_scan 33 1800 [(6, 0.0586), (8, 0.0107)]
N8-b16 priority_scan 33 3600 [(6, 0.1143), (8, 0.0215)]
N8-b16 position_scan 11 900 [(6, 0.2725), (8, 0.0684)]
N8-b16 position_scan 11 1800 [(6, 0.6914), (8, 0.4609)]
N8-b16 position_scan 11 3600 [(6, 0.7754), (8, 0.6133)]
N8-b16 position_scan 77 900 [(6, 0.3145), (8, 0.0996)]
N8-b16 position_scan 77 1800 [(6, 0.2363), (8, 0.0244)]
N8-b16 position_scan 77 3600 [(6, 0.6777), (8, 0.4121)]
N8-b16 phase_scan 55 900 [(6, 0.4561), (8, 0.2217)]
N8-b16 phase_scan 55 1800 [(6, 0.5908), (8, 0.3643)]
N8-b16 phase_scan 55 3600 [(6, 0.5391), (8, 0.1924)]
