S-b1 priority_scan 88 300 [(4, 0.1865), (6, 0.0312), (8, 0.0)]
S-b1 priority_scan 88 600 [(4, 0.1816), (6, 0.0264), (8, 0.002)]
S-b1 priority_scan 88 900 [(4, 0.168), (6, 0.0215), (8, 0.0)]
S-b1 position_scan 88 300 [(4, 0.1992), (6, 0.0137), (8, 0.0)]
S-b1 position_scan 88 600 [(4, 0.292), (6, 0.0039), (8, 0.0)]
S-b1 position_scan 88 900 [(4, 0.5635), (6, 0.0195), (8, 0.0)]
S-b1 phase_scan 88 300 [(4, 0.3887), (6, 0.0732), (8, 0.0098)]
S-b1 phase_scan 88 600 [(4, 0.5654), (6, 0.0508), (8, 0.0029)]
S-b1 phase_scan 88 900 [(4, 0.748), (6, 0.1846), (8, 0.0146)]
S-b4 priority_scan 44 300 [(4, 0.1943), (6, 0.0293), (8, 0.0029)]
S-b4 priority_scan 44 600 [(4, 0.1641), (6, 0.0205), (8, 0.0029)]
S-b4 priority_scan 44 900 [(4, 0.1836), (6, 0.0273), (8, 0.0039)]
S-b4 priority_scan 88 300 [(4, 0.1797), (6, 0.0176), (8, 0.0039)]
S-b4 priority_scan 88 600 [(4, 0.1875), (6, 0.0234), (8, 0.0029)]
S-b4 priority_scan 88 900 [(4, 0.1973), (6, 0.0244), (8, 0.002)]
S-b4 position_scan 44 300 [(4, 0.3789), (6, 0.085), (8, 0.0068)]
S-b4 position_scan 44 600 [(4, 0.5771), (6, 0.1777), (8, 0.0244)]
S-b4 position_scan 44 900 [(4, 0.7334), (6, 0.3682), (8, 0.0898)]
S-b4 position_scan 88 300 [(4, 0.2764), (6, 0.0371), (8, 0.001)]
S-b4 position_scan 88 600 [(4, 0.5752), (6, 0.1689), (8, 0.0127)]
S-b4 position_scan 88 900 [(4, 0.748), (6, 0.2939), (8, 0.0449)]
S-b4 phase_scan 44 300 [(4, 0.4219), (6, 0.0967), (8, 0.0107)]
S-b4 phase_scan 44 600 [(4, 0.6748), (6, 0.209), (8, 0.0293)]
S-b4 phase_scan 44 900 [(4, 0.7705), (6, 0.377), (8, 0.0859)]
S-b4 phase_scan 88 300 [(4, 0.4482), (6, 0.0947), (8, 0.0088)]
S-b4 phase_scan 88 600 [(4, 0.5645), (6, 0.0547), (8, 0.001)]
S-b4 phase_scan 88 900 [(4, 0.7725), (6, 0.3486), (8, 0.1035)]
S-b16 priority_scan 44 300 [(4, 0.1924), (6, 0.0244), (8, 0.002)]
S-b16 priority_scan 44 600 [(4, 0.1787), (6, 0.0303), (8, 0.001)]
S-b16 priority_scan 44 900 [(4, 0.1748), (6, 0.0273), (8, 0.0029)]
S-b16 priority_scan 88 300 [(4, 0.167), (6, 0.0234), (8, 0.0039)]
S-b16 priority_scan 88 600 [(4, 0.1973), (6, 0.0195), (8, 0.0029)]
S-b16 priority_scan 88 900 [(4, 0.1934), (6, 0.0195), (8, 0.002)]
S-b16 position_scan 44 300 [(4, 0.3125), (6, 0.0449), (8, 0.002)]
S-b16 position_scan 44 600 [(4, 0.5244), (6, 0.1387), (8, 0.0186)]
S-b16 position_scan 44 900 [(4, 0.6445), (6, 0.1582), (8, 0.0098)]
S-b16 position_scan 88 300 [(4, 0.3447), (6, 0.0674), (8, 0.0059)]
S-b16 position_scan 88 600 [(4, 0.5371), (6, 0.1484), (8, 0.0195)]
S-b16 position_scan 88 900 [(4, 0.7568), (6, 0.3789), (8, 0.0947)]
S-b16 phase_scan 44 300 [(4, 0.4102), (6, 0.1006), (8, 0.002)]
S-b16 phase_scan 44 600 [(4, 0.5869), (6, 0.1826), (8, 0.0254)]
S-b16 phase_scan 44 900 [(4, 0.7295), (6, 0.3428), (8, 0.0732)]
S-b16 phase_scan 88 300 [(4, 0.3896), (6, 0.0713), (8, 0.0)]
S-b16 phase_scan 88 600 [(4, 0.6592), (6, 0.2666), (8, 0.0479)]
S-b16 phase_scan 88 900 [(4, 0.7012), (6, 0.2812), (8, 0.0342)]
L-b1 priority_scan 44 300 [(4, 0.165), (6, 0.0234), (8, 0.001)]
L-b1 priority_scan 44 600 [(4, 0.1846), (6, 0.0293), (8, 0.002)]
L-b1 priority_scan 44 900 [(4, 0.4277), (6, 0.0615), (8, 0.0117)]
L-b1 priority_scan 44 1200 [(4, 0.499), (6, 0.0039), (8, 0.0)]
L-b1 priority_scan 44 1500 [(4, 0.5957), (6, 0.0137), (8, 0.0)]
L-b1 priority_scan 44 1800 [(4, 0.6719), (6, 0.0215), (8, 0.0)]
L-b1 priority_scan 44 2100 [(4, 0.7314), (6, 0.042), (8, 0.0)]
L-b1 priority_scan 44 2400 [(4, 0.7393), (6, 0.0469), (8, 0.0)]
L-b1 priority_scan 44 2700 [(4, 0.7207), (6, 0.0156), (8, 0.0)]
L-b1 priority_scan 44 3000 [(4, 0.749), (6, 0.0244), (8, 0.0)]
L-b1 priority_scan 44 3300 [(4, 0.7871), (6, 0.0137), (8, 0.0)]
L-b1 priority_scan 44 3600 [(4, 0.4814), (6, 0.0078), (8, 0.0)]
L-b1 priority_scan 88 300 [(4, 0.1865), (6, 0.0312), (8, 0.0)]
L-b1 priority_scan 88 600 [(4, 0.1816), (6, 0.0264), (8, 0.002)]
L-b1 priority_scan 88 900 [(4, 0.168), (6, 0.0215), (8, 0.0)]
L-b1 priority_scan 88 1200 [(4, 0.3184), (6, 0.0156), (8, 0.002)]
L-b1 priority_scan 88 1500 [(4, 0.4688), (6, 0.0049), (8, 0.0)]
L-b1 priority_scan 88 1800 [(4, 0.6611), (6, 0.0371), (8, 0.0)]
L-b1 priority_scan 88 2100 [(4, 0.6318), (6, 0.0059), (8, 0.0)]
L-b1 priority_scan 88 2400 [(4, 0.5361), (6, 0.0146), (8, 0.0)]
L-b1 priority_scan 88 2700 [(4, 0.6846), (6, 0.0107), (8, 0.0)]
L-b1 priority_scan 88 3000 [(4, 0.7734), (6, 0.0957), (8, 0.002)]
L-b1 priority_scan 88 3300 [(4, 0.7832), (6, 0.0361), (8, 0.0)]
L-b1 priority_scan 88 3600 [(4, 0.8115), (6, 0.0469), (8, 0.001)]
L-b1 position_scan 44 300 [(4, 0.1826), (6, 0.0107), (8, 0.0)]
L-b1 position_scan 44 600 [(4, 0.3008), (6, 0.0068), (8, 0.0)]
L-b1 position_scan 44 900 [(4, 0.4805), (6, 0.0088), (8, 0.0)]
L-b1 position_scan 44 1200 [(4, 0.5303), (6, 0.0039), (8, 0.0)]
L-b1 position_scan 44 1500 [(4, 0.6953), (6, 0.0088), (8, 0.0)]
L-b1 position_scan 44 1800 [(4, 0.668), (6, 0.001), (8, 0.0)]
L-b1 position_scan 44 2100 [(4, 0.6338), (6, 0.0), (8, 0.0)]
L-b1 position_scan 44 2400 [(4, 0.7461), (6, 0.0068), (8, 0.0)]
L-b1 position_scan 44 2700 [(4, 0.751), (6, 0.0029), (8, 0.0)]
L-b1 position_scan 44 3000 [(4, 0.8438), (6, 0.0137), (8, 0.0)]
L-b1 position_scan 44 3300 [(4, 0.7275), (6, 0.001), (8, 0.0)]
L-b1 position_scan 44 3600 [(4, 0.7129), (6, 0.002), (8, 0.0)]
L-b1 position_scan 88 300 [(4, 0.1992), (6, 0.0137), (8, 0.0)]
L-b1 position_scan 88 600 [(4, 0.292), (6, 0.0039), (8, 0.0)]
L-b1 position_scan 88 900 [(4, 0.5635), (6, 0.0195), (8, 0.0)]
L-b1 position_scan 88 1200 [(4, 0.7217), (6, 0.0479), (8, 0.0)]
L-b1 position_scan 88 1500 [(4, 0.7344), (6, 0.0928), (8, 0.0)]
L-b1 position_scan 88 1800 [(4, 0.6504), (6, 0.0039), (8, 0.0)]
L-b1 position_scan 88 2100 [(4, 0.4443), (6, 0.0), (8, 0.0)]
L-b1 position_scan 88 2400 [(4, 0.7021), (6, 0.0098), (8, 0.0)]
L-b1 position_scan 88 2700 [(4, 0.75), (6, 0.0049), (8, 0.0)]
L-b1 position_scan 88 3000 [(4, 0.6787), (6, 0.0), (8, 0.0)]
L-b1 position_scan 88 3300 [(4, 0.7412), (6, 0.0078), (8, 0.0)]
L-b1 position_scan 88 3600 [(4, 0.541), (6, 0.0), (8, 0.0)]
L-b1 phase_scan 44 300 [(4, 0.1475), (6, 0.0088), (8, 0.0)]
L-b1 phase_scan 44 600 [(4, 0.542), (6, 0.0557), (8, 0.0)]
L-b1 phase_scan 44 900 [(4, 0.6953), (6, 0.1738), (8, 0.0068)]
L-b1 phase_scan 44 1200 [(4, 0.6953), (6, 0.0303), (8, 0.0)]
L-b1 phase_scan 44 1500 [(4, 0.8213), (6, 0.2705), (8, 0.0166)]
L-b1 phase_scan 44 1800 [(4, 0.8008), (6, 0.1699), (8, 0.0)]
L-b1 phase_scan 44 2100 [(4, 0.7881), (6, 0.1641), (8, 0.0)]
L-b1 phase_scan 44 2400 [(4, 0.877), (6, 0.4531), (8, 0.0195)]
L-b1 phase_scan 44 2700 [(4, 0.876), (6, 0.5029), (8, 0.041)]
L-b1 phase_scan 44 3000 [(4, 0.8857), (6, 0.3916), (8, 0.0127)]
L-b1 phase_scan 44 3300 [(4, 0.8857), (6, 0.5137), (8, 0.0049)]
L-b1 phase_scan 44 3600 [(4, 0.8574), (6, 0.417), (8, 0.002)]
L-b1 phase_scan 88 300 [(4, 0.3887), (6, 0.0732), (8, 0.0098)]
L-b1 phase_scan 88 600 [(4, 0.5654), (6, 0.0508), (8, 0.0029)]
L-b1 phase_scan 88 900 [(4, 0.748), (6, 0.1846), (8, 0.0146)]
L-b1 phase_scan 88 1200 [(4, 0.7441), (6, 0.1455), (8, 0.001)]
L-b1 phase_scan 88 1500 [(4, 0.8252), (6, 0.3955), (8, 0.0459)]
L-b1 phase_scan 88 1800 [(4, 0.8438), (6, 0.3438), (8, 0.0156)]
L-b1 phase_scan 88 2100 [(4, 0.7803), (6, 0.2373), (8, 0.001)]
L-b1 phase_scan 88 2400 [(4, 0.8525), (6, 0.3037), (8, 0.0)]
L-b1 phase_scan 88 2700 [(4, 0.8555), (6, 0.2783), (8, 0.0)]
L-b1 phase_scan 88 3000 [(4, 0.8691), (6, 0.2061), (8, 0.001)]
L-b1 phase_scan 88 3300 [(4, 0.8887), (6, 0.2646), (8, 0.0)]
L-b1 phase_scan 88 3600 [(4, 0.8623), (6, 0.4346), (8, 0.002)]
L-b16 priority_scan 44 300 [(4, 0.1924), (6, 0.0244), (8, 0.002)]
L-b16 priority_scan 44 600 [(4, 0.1787), (6, 0.0303), (8, 0.001)]
L-b16 priority_scan 44 900 [(4, 0.1748), (6, 0.0273), (8, 0.0029)]
L-b16 priority_scan 44 1200 [(4, 0.1855), (6, 0.0293), (8, 0.002)]
L-b16 priority_scan 44 1500 [(4, 0.1914), (6, 0.0244), (8, 0.002)]
L-b16 priority_scan 44 1800 [(4, 0.3008), (6, 0.0537), (8, 0.0049)]
L-b16 priority_scan 44 2100 [(4, 0.3223), (6, 0.0645), (8, 0.0088)]
L-b16 priority_scan 44 2400 [(4, 0.3799), (6, 0.0771), (8, 0.0078)]
L-b16 priority_scan 44 2700 [(4, 0.4326), (6, 0.0869), (8, 0.0166)]
L-b16 priority_scan 44 3000 [(4, 0.5352), (6, 0.1348), (8, 0.0225)]
L-b16 priority_scan 44 3300 [(4, 0.5391), (6, 0.1064), (8, 0.0156)]
L-b16 priority_scan 44 3600 [(4, 0.7002), (6, 0.2656), (8, 0.0352)]
L-b16 priority_scan 88 300 [(4, 0.167), (6, 0.0234), (8, 0.0039)]
L-b16 priority_scan 88 600 [(4, 0.1973), (6, 0.0195), (8, 0.0029)]
L-b16 priority_scan 88 900 [(4, 0.1934), (6, 0.0195), (8, 0.002)]
L-b16 priority_scan 88 1200 [(4, 0.1875), (6, 0.0254), (8, 0.0029)]
L-b16 priority_scan 88 1500 [(4, 0.1797), (6, 0.0225), (8, 0.0039)]
L-b16 priority_scan 88 1800 [(4, 0.2793), (6, 0.0459), (8, 0.0049)]
L-b16 priority_scan 88 2100 [(4, 0.6621), (6, 0.2207), (8, 0.0547)]
L-b16 priority_scan 88 2400 [(4, 0.6885), (6, 0.3838), (8, 0.1299)]
L-b16 priority_scan 88 2700 [(4, 0.7305), (6, 0.3828), (8, 0.084)]
L-b16 priority_scan 88 3000 [(4, 0.7744), (6, 0.4385), (8, 0.1514)]
L-b16 priority_scan 88 3300 [(4, 0.791), (6, 0.5166), (8, 0.1631)]
L-b16 priority_scan 88 3600 [(4, 0.7695), (6, 0.4814), (8, 0.2236)]
L-b16 position_scan 44 300 [(4, 0.3125), (6, 0.0449), (8, 0.002)]
L-b16 position_scan 44 600 [(4, 0.5244), (6, 0.1387), (8, 0.0186)]
L-b16 position_scan 44 900 [(4, 0.6445), (6, 0.1582), (8, 0.0098)]
L-b16 position_scan 44 1200 [(4, 0.7764), (6, 0.3994), (8, 0.127)]
L-b16 position_scan 44 1500 [(4, 0.6924), (6, 0.1357), (8, 0.0029)]
L-b16 position_scan 44 1800 [(4, 0.832), (6, 0.5254), (8, 0.2832)]
L-b16 position_scan 44 2100 [(4, 0.8457), (6, 0.5996), (8, 0.3057)]
L-b16 position_scan 44 2400 [(4, 0.8789), (6, 0.6162), (8, 0.2627)]
L-b16 position_scan 44 2700 [(4, 0.7842), (6, 0.3057), (8, 0.0303)]
L-b16 position_scan 44 3000 [(4, 0.7979), (6, 0.4648), (8, 0.1748)]
L-b16 position_scan 44 3300 [(4, 0.8105), (6, 0.4053), (8, 0.0479)]
L-b16 position_scan 44 3600 [(4, 0.873), (6, 0.6338), (8, 0.291)]
L-b16 position_scan 88 300 [(4, 0.3447), (6, 0.0674), (8, 0.0059)]
L-b16 position_scan 88 600 [(4, 0.5371), (6, 0.1484), (8, 0.0195)]
L-b16 position_scan 88 900 [(4, 0.7568), (6, 0.3789), (8, 0.0947)]
L-b16 position_scan 88 1200 [(4, 0.7441), (6, 0.3594), (8, 0.0908)]
L-b16 position_scan 88 1500 [(4, 0.6562), (6, 0.2529), (8, 0.0605)]
L-b16 position_scan 88 1800 [(4, 0.8076), (6, 0.4951), (8, 0.2061)]
L-b16 position_scan 88 2100 [(4, 0.8271), (6, 0.459), (8, 0.1113)]
L-b16 position_scan 88 2400 [(4, 0.8096), (6, 0.499), (8, 0.1699)]
L-b16 position_scan 88 2700 [(4, 0.8271), (6, 0.5195), (8, 0.166)]
L-b16 position_scan 88 3000 [(4, 0.8359), (6, 0.582), (8, 0.2695)]
L-b16 position_scan 88 3300 [(4, 0.8691), (6, 0.6465), (8, 0.3496)]
L-b16 position_scan 88 3600 [(4, 0.8242), (6, 0.4443), (8, 0.0713)]
L-b16 phase_scan 44 300 [(4, 0.4102), (6, 0.1006), (8, 0.002)]
L-b16 phase_scan 44 600 [(4, 0.5869), (6, 0.1826), (8, 0.0254)]
L-b16 phase_scan 44 900 [(4, 0.7295), (6, 0.3428), (8, 0.0732)]
L-b16 phase_scan 44 1200 [(4, 0.75), (6, 0.376), (8, 0.0996)]
L-b16 phase_scan 44 1500 [(4, 0.8359), (6, 0.5098), (8, 0.1602)]
L-b16 phase_scan 44 1800 [(4, 0.7998), (6, 0.4697), (8, 0.2031)]
L-b16 phase_scan 44 2100 [(4, 0.8076), (6, 0.4668), (8, 0.1729)]
L-b16 phase_scan 44 2400 [(4, 0.873), (6, 0.6396), (8, 0.3525)]
L-b16 phase_scan 44 2700 [(4, 0.8936), (6, 0.6621), (8, 0.4385)]
L-b16 phase_scan 44 3000 [(4, 0.8652), (6, 0.6436), (8, 0.4326)]
L-b16 phase_scan 44 3300 [(4, 0.8564), (6, 0.6631), (8, 0.3652)]
L-b16 phase_scan 44 3600 [(4, 0.8955), (6, 0.7021), (8, 0.4482)]
L-b16 phase_scan 88 300 [(4, 0.3896), (6, 0.0713), (8, 0.0)]
L-b16 phase_scan 88 600 [(4, 0.6592), (6, 0.2666), (8, 0.0479)]
L-b16 phase_scan 88 900 [(4, 0.7012), (6, 0.2812), (8, 0.0342)]
L-b16 phase_scan 88 1200 [(4, 0.6768), (6, 0.2471), (8, 0.0322)]
L-b16 phase_scan 88 1500 [(4, 0.7617), (6, 0.3682), (8, 0.0811)]
L-b16 phase_scan 88 1800 [(4, 0.8115), (6, 0.5107), (8, 0.1777)]
L-b16 phase_scan 88 2100 [(4, 0.8291), (6, 0.5381), (8, 0.1533)]
L-b16 phase_scan 88 2400 [(4, 0.834), (6, 0.5898), (8, 0.2549)]
L-b16 phase_scan 88 2700 [(4, 0.8789), (6, 0.6562), (8, 0.3525)]
L-b16 phase_scan 88 3000 [(4, 0.8408), (6, 0.5068), (8, 0.1211)]
L-b16 phase_scan 88 3300 [(4, 0.7705), (6, 0.3682), (8, 0.0479)]
L-b16 phase_scan 88 3600 [(4, 0.8926), (6, 0.6445), (8, 0.2207)]
R priority_scan 44 300 [(4, 0.1719), (6, 0.0166), (8, 0.002)]
R priority_scan 44 600 [(4, 0.1904), (6, 0.0205), (8, 0.0039)]
R priority_scan 44 900 [(4, 0.1768), (6, 0.0254), (8, 0.0049)]
R priority_scan 88 300 [(4, 0.1748), (6, 0.0234), (8, 0.001)]
R priority_scan 88 600 [(4, 0.2002), (6, 0.0195), (8, 0.002)]
R priority_scan 88 900 [(4, 0.1943), (6, 0.0322), (8, 0.0029)]
R position_scan 44 300 [(4, 0.3896), (6, 0.0791), (8, 0.0098)]
R position_scan 44 600 [(4, 0.5947), (6, 0.1904), (8, 0.0264)]
R position_scan 44 900 [(4, 0.7314), (6, 0.3857), (8, 0.0986)]
R position_scan 88 300 [(4, 0.3447), (6, 0.0713), (8, 0.0039)]
R position_scan 88 600 [(4, 0.5996), (6, 0.1943), (8, 0.0342)]
R position_scan 88 900 [(4, 0.7031), (6, 0.2891), (8, 0.085)]
R phase_scan 44 300 [(4, 0.4219), (6, 0.0605), (8, 0.001)]
R phase_scan 44 600 [(4, 0.6904), (6, 0.2646), (8, 0.0742)]
R phase_scan 44 900 [(4, 0.7686), (6, 0.4336), (8, 0.127)]
R phase_scan 88 300 [(4, 0.4678), (6, 0.1074), (8, 0.0156)]
R phase_scan 88 600 [(4, 0.7412), (6, 0.3311), (8, 0.0996)]
R phase_scan 88 900 [(4, 0.7373), (6, 0.3145), (8, 0.0449)]
C priority_competitive 44 300 [(4, 0.8291), (6, 0.6328), (8, 0.4512)]
C priority_competitive 44 600 [(4, 0.8682), (6, 0.7246), (8, 0.5576)]
C priority_competitive 44 900 [(4, 0.9248), (6, 0.8193), (8, 0.7012)]
C priority_competitive 88 300 [(4, 0.8105), (6, 0.5762), (8, 0.3789)]
C priority_competitive 88 600 [(4, 0.8613), (6, 0.6738), (8, 0.498)]
C priority_competitive 88 900 [(4, 0.9443), (6, 0.8252), (8, 0.7139)]
C position_competitive 44 300 [(4, 0.7979), (6, 0.6104), (8, 0.3984)]
C position_competitive 44 600 [(4, 0.8398), (6, 0.6689), (8, 0.4795)]
C position_competitive 44 900 [(4, 0.8848), (6, 0.7197), (8, 0.5566)]
C position_competitive 88 300 [(4, 0.8213), (6, 0.5947), (8, 0.3867)]
C position_competitive 88 600 [(4, 0.8467), (6, 0.6709), (8, 0.501)]
C position_competitive 88 900 [(4, 0.9219), (6, 0.7734), (8, 0.6406)]
C phase_competitive 44 300 [(4, 0.791), (6, 0.5918), (8, 0.374)]
C phase_competitive 44 600 [(4, 0.8691), (6, 0.6758), (8, 0.4863)]
C phase_competitive 44 900 [(4, 0.916), (6, 0.7773), (8, 0.6582)]
C phase_competitive 88 300 [(4, 0.8379), (6, 0.6318), (8, 0.4248)]
C phase_competitive 88 600 [(4, 0.8662), (6, 0.6855), (8, 0.4941)]
C phase_competitive 88 900 [(4, 0.9385), (6, 0.8086), (8, 0.6826)]
