S-b1 priority_scan 55 300 [(4, 0.1855), (6, 0.0205), (8, 0.0068)]
S-b1 priority_scan 55 600 [(4, 0.1777), (6, 0.0166), (8, 0.0049)]
S-b1 priority_scan 55 900 [(4, 0.1895), (6, 0.0127), (8, 0.001)]
S-b1 position_scan 55 300 [(4, 0.2109), (6, 0.0146), (8, 0.0)]
S-b1 position_scan 55 600 [(4, 0.4023), (6, 0.0186), (8, 0.001)]
S-b1 position_scan 55 900 [(4, 0.5557), (6, 0.0186), (8, 0.0)]
S-b1 phase_scan 55 300 [(4, 0.1992), (6, 0.0234), (8, 0.0)]
S-b1 phase_scan 55 600 [(4, 0.5166), (6, 0.0576), (8, 0.001)]
S-b1 phase_scan 55 900 [(4, 0.7725), (6, 0.291), (8, 0.0312)]
S-b4 priority_scan 11 300 [(4, 0.1709), (6, 0.0195), (8, 0.001)]
S-b4 priority_scan 11 600 [(4, 0.1807), (6, 0.0215), (8, 0.0068)]
S-b4 priority_scan 11 900 [(4, 0.1826), (6, 0.0254), (8, 0.0029)]
S-b4 priority_scan 55 300 [(4, 0.2061), (6, 0.0215), (8, 0.001)]
S-b4 priority_scan 55 600 [(4, 0.1904), (6, 0.0186), (8, 0.001)]
S-b4 priority_scan 55 900 [(4, 0.1875), (6, 0.0293), (8, 0.0029)]
S-b4 position_scan 11 300 [(4, 0.3643), (6, 0.0215), (8, 0.0)]
S-b4 position_scan 11 600 [(4, 0.4336), (6, 0.04), (8, 0.002)]
S-b4 position_scan 11 900 [(4, 0.7656), (6, 0.3945), (8, 0.0957)]
S-b4 position_scan 55 300 [(4, 0.3584), (6, 0.0566), (8, 0.002)]
S-b4 position_scan 55 600 [(4, 0.6211), (6, 0.208), (8, 0.043)]
S-b4 position_scan 55 900 [(4, 0.7627), (6, 0.4316), (8, 0.168)]
S-b4 phase_scan 11 300 [(4, 0.4922), (6, 0.1182), (8, 0.0137)]
S-b4 phase_scan 11 600 [(4, 0.6982), (6, 0.2715), (8, 0.0537)]
S-b4 phase_scan 11 900 [(4, 0.7383), (6, 0.4014), (8, 0.1035)]
S-b4 phase_scan 55 300 [(4, 0.3096), (6, 0.0518), (8, 0.001)]
S-b4 phase_scan 55 600 [(4, 0.6514), (6, 0.2061), (8, 0.043)]
S-b4 phase_scan 55 900 [(4, 0.7959), (6, 0.4199), (8, 0.1211)]
S-b16 priority_scan 11 300 [(4, 0.1738), (6, 0.0195), (8, 0.001)]
S-b16 priority_scan 11 600 [(4, 0.1982), (6, 0.0205), (8, 0.0029)]
S-b16 priority_scan 11 900 [(4, 0.1943), (6, 0.0244), (8, 0.0039)]
S-b16 priority_scan 55 300 [(4, 0.1836), (6, 0.0264), (8, 0.002)]
S-b16 priority_scan 55 600 [(4, 0.1924), (6, 0.0176), (8, 0.0029)]
S-b16 priority_scan 55 900 [(4, 0.1807), (6, 0.0264), (8, 0.002)]
S-b16 position_scan 11 300 [(4, 0.4033), (6, 0.0322), (8, 0.0)]
S-b16 position_scan 11 600 [(4, 0.5996), (6, 0.1836), (8, 0.0342)]
S-b16 position_scan 11 900 [(4, 0.7373), (6, 0.3633), (8, 0.0771)]
S-b16 position_scan 55 300 [(4, 0.3105), (6, 0.0332), (8, 0.0)]
S-b16 position_scan 55 600 [(4, 0.4756), (6, 0.0811), (8, 0.0059)]
S-b16 position_scan 55 900 [(4, 0.7002), (6, 0.29), (8, 0.084)]
S-b16 phase_scan 11 300 [(4, 0.4609), (6, 0.0918), (8, 0.0)]
S-b16 phase_scan 11 600 [(4, 0.5674), (6, 0.1719), (8, 0.0098)]
S-b16 phase_scan 11 900 [(4, 0.7471), (6, 0.4004), (8, 0.1191)]
S-b16 phase_scan 55 300 [(4, 0.3916), (6, 0.0596), (8, 0.0)]
S-b16 phase_scan 55 600 [(4, 0.5723), (6, 0.1641), (8, 0.0176)]
S-b16 phase_scan 55 900 [(4, 0.7627), (6, 0.3584), (8, 0.0947)]
L-b1 priority_scan 11 300 [(4, 0.167), (6, 0.0127), (8, 0.002)]
L-b1 priority_scan 11 600 [(4, 0.1758), (6, 0.0234), (8, 0.0029)]
L-b1 priority_scan 11 900 [(4, 0.3682), (6, 0.0479), (8, 0.0049)]
L-b1 priority_scan 11 1200 [(4, 0.5645), (6, 0.0859), (8, 0.0039)]
L-b1 priority_scan 11 1500 [(4, 0.54), (6, 0.0244), (8, 0.0)]
L-b1 priority_scan 11 1800 [(4, 0.6562), (6, 0.0029), (8, 0.0)]
L-b1 priority_scan 11 2100 [(4, 0.7471), (6, 0.0605), (8, 0.002)]
L-b1 priority_scan 11 2400 [(4, 0.7314), (6, 0.0186), (8, 0.0)]
L-b1 priority_scan 11 2700 [(4, 0.7412), (6, 0.0146), (8, 0.0)]
L-b1 priority_scan 11 3000 [(4, 0.7871), (6, 0.0713), (8, 0.0)]
L-b1 priority_scan 11 3300 [(4, 0.7217), (6, 0.0068), (8, 0.0)]
L-b1 priority_scan 11 3600 [(4, 0.8076), (6, 0.0527), (8, 0.001)]
L-b1 priority_scan 55 300 [(4, 0.1855), (6, 0.0205), (8, 0.0068)]
L-b1 priority_scan 55 600 [(4, 0.1777), (6, 0.0166), (8, 0.0049)]
L-b1 priority_scan 55 900 [(4, 0.1895), (6, 0.0127), (8, 0.001)]
L-b1 priority_scan 55 1200 [(4, 0.5508), (6, 0.0859), (8, 0.0068)]
L-b1 priority_scan 55 1500 [(4, 0.374), (6, 0.0059), (8, 0.001)]
L-b1 priority_scan 55 1800 [(4, 0.6768), (6, 0.0889), (8, 0.0059)]
L-b1 priority_scan 55 2100 [(4, 0.6523), (6, 0.0039), (8, 0.0)]
L-b1 priority_scan 55 2400 [(4, 0.75), (6, 0.0742), (8, 0.0)]
L-b1 priority_scan 55 2700 [(4, 0.7822), (6, 0.0371), (8, 0.0)]
L-b1 priority_scan 55 3000 [(4, 0.79), (6, 0.0244), (8, 0.0)]
L-b1 priority_scan 55 3300 [(4, 0.7607), (6, 0.0107), (8, 0.0)]
L-b1 priority_scan 55 3600 [(4, 0.8037), (6, 0.0469), (8, 0.0)]
L-b1 position_scan 11 300 [(4, 0.168), (6, 0.0068), (8, 0.0)]
L-b1 position_scan 11 600 [(4, 0.3809), (6, 0.0176), (8, 0.001)]
L-b1 position_scan 11 900 [(4, 0.5098), (6, 0.0068), (8, 0.0)]
L-b1 position_scan 11 1200 [(4, 0.543), (6, 0.0078), (8, 0.0)]
L-b1 position_scan 11 1500 [(4, 0.5928), (6, 0.0), (8, 0.0)]
L-b1 position_scan 11 1800 [(4, 0.6318), (6, 0.0049), (8, 0.0)]
L-b1 position_scan 11 2100 [(4, 0.7764), (6, 0.0635), (8, 0.0)]
L-b1 position_scan 11 2400 [(4, 0.7148), (6, 0.0029), (8, 0.0)]
L-b1 position_scan 11 2700 [(4, 0.6709), (6, 0.0), (8, 0.0)]
L-b1 position_scan 11 3000 [(4, 0.7344), (6, 0.002), (8, 0.0)]
L-b1 position_scan 11 3300 [(4, 0.8301), (6, 0.0928), (8, 0.0)]
L-b1 position_scan 11 3600 [(4, 0.8184), (6, 0.0479), (8, 0.0)]
L-b1 position_scan 55 300 [(4, 0.2109), (6, 0.0146), (8, 0.0)]
L-b1 position_scan 55 600 [(4, 0.4023), (6, 0.0186), (8, 0.001)]
L-b1 position_scan 55 900 [(4, 0.5557), (6, 0.0186), (8, 0.0)]
L-b1 position_scan 55 1200 [(4, 0.4873), (6, 0.0), (8, 0.0)]
L-b1 position_scan 55 1500 [(4, 0.6641), (6, 0.0059), (8, 0.0)]
L-b1 position_scan 55 1800 [(4, 0.6172), (6, 0.001), (8, 0.0)]
L-b1 position_scan 55 2100 [(4, 0.6865), (6, 0.0088), (8, 0.0)]
L-b1 position_scan 55 2400 [(4, 0.7471), (6, 0.0049), (8, 0.0)]
L-b1 position_scan 55 2700 [(4, 0.7432), (6, 0.002), (8, 0.0)]
L-b1 position_scan 55 3000 [(4, 0.5391), (6, 0.001), (8, 0.0)]
L-b1 position_scan 55 3300 [(4, 0.6631), (6, 0.0), (8, 0.0)]
L-b1 position_scan 55 3600 [(4, 0.8145), (6, 0.0195), (8, 0.0)]
L-b1 phase_scan 11 300 [(4, 0.2266), (6, 0.0205), (8, 0.0029)]
L-b1 phase_scan 11 600 [(4, 0.6426), (6, 0.1318), (8, 0.0156)]
L-b1 phase_scan 11 900 [(4, 0.7314), (6, 0.2197), (8, 0.0088)]
L-b1 phase_scan 11 1200 [(4, 0.7852), (6, 0.3213), (8, 0.0156)]
L-b1 phase_scan 11 1500 [(4, 0.8086), (6, 0.3486), (8, 0.0107)]
L-b1 phase_scan 11 1800 [(4, 0.8438), (6, 0.3096), (8, 0.0098)]
L-b1 phase_scan 11 2100 [(4, 0.8154), (6, 0.2305), (8, 0.0039)]
L-b1 phase_scan 11 2400 [(4, 0.873), (6, 0.4258), (8, 0.0332)]
L-b1 phase_scan 11 2700 [(4, 0.8682), (6, 0.5088), (8, 0.0449)]
L-b1 phase_scan 11 3000 [(4, 0.8691), (6, 0.3076), (8, 0.0)]
L-b1 phase_scan 11 3300 [(4, 0.8926), (6, 0.627), (8, 0.04)]
L-b1 phase_scan 11 3600 [(4, 0.8945), (6, 0.5498), (8, 0.0078)]
L-b1 phase_scan 55 300 [(4, 0.1992), (6, 0.0234), (8, 0.0)]
L-b1 phase_scan 55 600 [(4, 0.5166), (6, 0.0576), (8, 0.001)]
L-b1 phase_scan 55 900 [(4, 0.7725), (6, 0.291), (8, 0.0312)]
L-b1 phase_scan 55 1200 [(4, 0.7334), (6, 0.127), (8, 0.0)]
L-b1 phase_scan 55 1500 [(4, 0.7891), (6, 0.1855), (8, 0.001)]
L-b1 phase_scan 55 1800 [(4, 0.8359), (6, 0.3203), (8, 0.0068)]
L-b1 phase_scan 55 2100 [(4, 0.8164), (6, 0.416), (8, 0.0518)]
L-b1 phase_scan 55 2400 [(4, 0.873), (6, 0.4648), (8, 0.0205)]
L-b1 phase_scan 55 2700 [(4, 0.8252), (6, 0.4199), (8, 0.0234)]
L-b1 phase_scan 55 3000 [(4, 0.8682), (6, 0.3145), (8, 0.001)]
L-b1 phase_scan 55 3300 [(4, 0.9082), (6, 0.5156), (8, 0.0039)]
L-b1 phase_scan 55 3600 [(4, 0.8691), (6, 0.5586), (8, 0.0967)]
L-b16 priority_scan 11 300 [(4, 0.1738), (6, 0.0195), (8, 0.001)]
L-b16 priority_scan 11 600 [(4, 0.1982), (6, 0.0205), (8, 0.0029)]
L-b16 priority_scan 11 900 [(4, 0.1943), (6, 0.0244), (8, 0.0039)]
L-b16 priority_scan 11 1200 [(4, 0.209), (6, 0.0186), (8, 0.0029)]
L-b16 priority_scan 11 1500 [(4, 0.1875), (6, 0.0264), (8, 0.0029)]
L-b16 priority_scan 11 1800 [(4, 0.1973), (6, 0.0225), (8, 0.0078)]
L-b16 priority_scan 11 2100 [(4, 0.1924), (6, 0.0273), (8, 0.0039)]
L-b16 priority_scan 11 2400 [(4, 0.3096), (6, 0.0449), (8, 0.0029)]
L-b16 priority_scan 11 2700 [(4, 0.4053), (6, 0.0869), (8, 0.0156)]
L-b16 priority_scan 11 3000 [(4, 0.4922), (6, 0.1309), (8, 0.0215)]
L-b16 priority_scan 11 3300 [(4, 0.585), (6, 0.1406), (8, 0.0215)]
L-b16 priority_scan 11 3600 [(4, 0.5713), (6, 0.083), (8, 0.0068)]
L-b16 priority_scan 55 300 [(4, 0.1836), (6, 0.0264), (8, 0.002)]
L-b16 priority_scan 55 600 [(4, 0.1924), (6, 0.0176), (8, 0.0029)]
L-b16 priority_scan 55 900 [(4, 0.1807), (6, 0.0264), (8, 0.002)]
L-b16 priority_scan 55 1200 [(4, 0.1787), (6, 0.0186), (8, 0.0039)]
L-b16 priority_scan 55 1500 [(4, 0.1855), (6, 0.0215), (8, 0.0039)]
L-b16 priority_scan 55 1800 [(4, 0.2119), (6, 0.0303), (8, 0.0039)]
L-b16 priority_scan 55 2100 [(4, 0.2422), (6, 0.0303), (8, 0.0029)]
L-b16 priority_scan 55 2400 [(4, 0.6514), (6, 0.3281), (8, 0.1182)]
L-b16 priority_scan 55 2700 [(4, 0.75), (6, 0.4795), (8, 0.1865)]
L-b16 priority_scan 55 3000 [(4, 0.7988), (6, 0.5244), (8, 0.2617)]
L-b16 priority_scan 55 3300 [(4, 0.8369), (6, 0.5957), (8, 0.3057)]
L-b16 priority_scan 55 3600 [(4, 0.832), (6, 0.623), (8, 0.3262)]
L-b16 position_scan 11 300 [(4, 0.4033), (6, 0.0322), (8, 0.0)]
L-b16 position_scan 11 600 [(4, 0.5996), (6, 0.1836), (8, 0.0342)]
L-b16 position_scan 11 900 [(4, 0.7373), (6, 0.3633), (8, 0.0771)]
L-b16 position_scan 11 1200 [(4, 0.7715), (6, 0.4482), (8, 0.1924)]
L-b16 position_scan 11 1500 [(4, 0.7959), (6, 0.458), (8, 0.1562)]
L-b16 position_scan 11 1800 [(4, 0.8086), (6, 0.4766), (8, 0.209)]
L-b16 position_scan 11 2100 [(4, 0.8174), (6, 0.4795), (8, 0.1729)]
L-b16 position_scan 11 2400 [(4, 0.8486), (6, 0.6123), (8, 0.334)]
L-b16 position_scan 11 2700 [(4, 0.7998), (6, 0.5), (8, 0.2129)]
L-b16 position_scan 11 3000 [(4, 0.7959), (6, 0.4854), (8, 0.1416)]
L-b16 position_scan 11 3300 [(4, 0.7949), (6, 0.4082), (8, 0.0654)]
L-b16 position_scan 11 3600 [(4, 0.8311), (6, 0.5088), (8, 0.1396)]
L-b16 position_scan 55 300 [(4, 0.3105), (6, 0.0332), (8, 0.0)]
L-b16 position_scan 55 600 [(4, 0.4756), (6, 0.0811), (8, 0.0059)]
L-b16 position_scan 55 900 [(4, 0.7002), (6, 0.29), (8, 0.084)]
L-b16 position_scan 55 1200 [(4, 0.7393), (6, 0.3398), (8, 0.1006)]
L-b16 position_scan 55 1500 [(4, 0.7793), (6, 0.4326), (8, 0.1143)]
L-b16 position_scan 55 1800 [(4, 0.7441), (6, 0.3369), (8, 0.0625)]
L-b16 position_scan 55 2100 [(4, 0.8281), (6, 0.5771), (8, 0.3184)]
L-b16 position_scan 55 2400 [(4, 0.7207), (6, 0.2627), (8, 0.0146)]
L-b16 position_scan 55 2700 [(4, 0.8682), (6, 0.6416), (8, 0.4014)]
L-b16 position_scan 55 3000 [(4, 0.8506), (6, 0.5713), (8, 0.2139)]
L-b16 position_scan 55 3300 [(4, 0.8672), (6, 0.6123), (8, 0.3154)]
L-b16 position_scan 55 3600 [(4, 0.8613), (6, 0.667), (8, 0.4229)]
L-b16 phase_scan 11 300 [(4, 0.4609), (6, 0.0918), (8, 0.0)]
L-b16 phase_scan 11 600 [(4, 0.5674), (6, 0.1719), (8, 0.0098)]
L-b16 phase_scan 11 900 [(4, 0.7471), (6, 0.4004), (8, 0.1191)]
L-b16 phase_scan 11 1200 [(4, 0.7734), (6, 0.4053), (8, 0.0654)]
L-b16 phase_scan 11 1500 [(4, 0.8262), (6, 0.5518), (8, 0.1924)]
L-b16 phase_scan 11 1800 [(4, 0.8516), (6, 0.5635), (8, 0.2627)]
L-b16 phase_scan 11 2100 [(4, 0.8477), (6, 0.542), (8, 0.1455)]
L-b16 phase_scan 11 2400 [(4, 0.8691), (6, 0.6406), (8, 0.375)]
L-b16 phase_scan 11 2700 [(4, 0.8643), (6, 0.6865), (8, 0.332)]
L-b16 phase_scan 11 3000 [(4, 0.8721), (6, 0.6641), (8, 0.3643)]
L-b16 phase_scan 11 3300 [(4, 0.8574), (6, 0.6211), (8, 0.3154)]
L-b16 phase_scan 11 3600 [(4, 0.8955), (6, 0.7256), (8, 0.4541)]
L-b16 phase_scan 55 300 [(4, 0.3916), (6, 0.0596), (8, 0.0)]
L-b16 phase_scan 55 600 [(4, 0.5723), (6, 0.1641), (8, 0.0176)]
L-b16 phase_scan 55 900 [(4, 0.7627), (6, 0.3584), (8, 0.0947)]
L-b16 phase_scan 55 1200 [(4, 0.7666), (6, 0.4551), (8, 0.1533)]
L-b16 phase_scan 55 1500 [(4, 0.8086), (6, 0.4531), (8, 0.1221)]
L-b16 phase_scan 55 1800 [(4, 0.8154), (6, 0.5371), (8, 0.1846)]
L-b16 phase_scan 55 2100 [(4, 0.8418), (6, 0.5879), (8, 0.2734)]
L-b16 phase_scan 55 2400 [(4, 0.8848), (6, 0.6592), (8, 0.3115)]
L-b16 phase_scan 55 2700 [(4, 0.8721), (6, 0.6602), (8, 0.2959)]
L-b16 phase_scan 55 3000 [(4, 0.8945), (6, 0.6377), (8, 0.3203)]
L-b16 phase_scan 55 3300 [(4, 0.8906), (6, 0.6777), (8, 0.4521)]
L-b16 phase_scan 55 3600 [(4, 0.8906), (6, 0.6699), (8, 0.4023)]
R priority_scan 11 300 [(4, 0.1758), (6, 0.0186), (8, 0.0029)]
R priority_scan 11 600 [(4, 0.1807), (6, 0.0234), (8, 0.0039)]
R priority_scan 11 900 [(4, 0.1807), (6, 0.0205), (8, 0.0039)]
R priority_scan 55 300 [(4, 0.1875), (6, 0.0273), (8, 0.001)]
R priority_scan 55 600 [(4, 0.1836), (6, 0.0234), (8, 0.001)]
R priority_scan 55 900 [(4, 0.1836), (6, 0.0273), (8, 0.001)]
R position_scan 11 300 [(4, 0.2305), (6, 0.0264), (8, 0.0)]
R position_scan 11 600 [(4, 0.6318), (6, 0.2314), (8, 0.0381)]
R position_scan 11 900 [(4, 0.7578), (6, 0.3799), (8, 0.0928)]
R position_scan 55 300 [(4, 0.3193), (6, 0.0566), (8, 0.0039)]
R position_scan 55 600 [(4, 0.4893), (6, 0.0908), (8, 0.0098)]
R position_scan 55 900 [(4, 0.7588), (6, 0.4102), (8, 0.165)]
R phase_scan 11 300 [(4, 0.4551), (6, 0.1006), (8, 0.0078)]
R phase_scan 11 600 [(4, 0.7061), (6, 0.2764), (8, 0.0898)]
R phase_scan 11 900 [(4, 0.7646), (6, 0.3564), (8, 0.0605)]
R phase_scan 55 300 [(4, 0.333), (6, 0.0391), (8, 0.0029)]
R phase_scan 55 600 [(4, 0.6787), (6, 0.1924), (8, 0.0283)]
R phase_scan 55 900 [(4, 0.7617), (6, 0.3691), (8, 0.1426)]
C priority_competitive 11 300 [(4, 0.8408), (6, 0.6182), (8, 0.4375)]
C priority_competitive 11 600 [(4, 0.8984), (6, 0.7588), (8, 0.6006)]
C priority_competitive 11 900 [(4, 0.9033), (6, 0.7783), (8, 0.6377)]
C priority_competitive 55 300 [(4, 0.8408), (6, 0.5918), (8, 0.3828)]
C priority_competitive 55 600 [(4, 0.8877), (6, 0.7236), (8, 0.5498)]
C priority_competitive 55 900 [(4, 0.9365), (6, 0.8574), (8, 0.7715)]
C position_competitive 11 300 [(4, 0.835), (6, 0.5869), (8, 0.3965)]
C position_competitive 11 600 [(4, 0.8936), (6, 0.7266), (8, 0.5537)]
C position_competitive 11 900 [(4, 0.8916), (6, 0.7158), (8, 0.5166)]
C position_competitive 55 300 [(4, 0.8174), (6, 0.6162), (8, 0.4102)]
C position_competitive 55 600 [(4, 0.8711), (6, 0.708), (8, 0.5479)]
C position_competitive 55 900 [(4, 0.8955), (6, 0.7773), (8, 0.6504)]
C phase_competitive 11 300 [(4, 0.8438), (6, 0.6387), (8, 0.4141)]
C phase_competitive 11 600 [(4, 0.9053), (6, 0.7549), (8, 0.5791)]
C phase_competitive 11 900 [(4, 0.9072), (6, 0.7754), (8, 0.5596)]
C phase_competitive 55 300 [(4, 0.832), (6, 0.6201), (8, 0.4092)]
C phase_competitive 55 600 [(4, 0.8955), (6, 0.75), (8, 0.5713)]
C phase_competitive 55 900 [(4, 0.9287), (6, 0.8135), (8, 0.6562)]
