S-b1 priority_scan 66 300 [(4, 0.1758), (6, 0.0234), (8, 0.0)]
S-b1 priority_scan 66 600 [(4, 0.1738), (6, 0.0234), (8, 0.0)]
S-b1 priority_scan 66 900 [(4, 0.3203), (6, 0.0352), (8, 0.0117)]
S-b1 position_scan 66 300 [(4, 0.207), (6, 0.0117), (8, 0.0)]
S-b1 position_scan 66 600 [(4, 0.3174), (6, 0.0166), (8, 0.0)]
S-b1 position_scan 66 900 [(4, 0.5029), (6, 0.0068), (8, 0.0)]
S-b1 phase_scan 66 300 [(4, 0.3428), (6, 0.04), (8, 0.002)]
S-b1 phase_scan 66 600 [(4, 0.6904), (6, 0.1748), (8, 0.0215)]
S-b1 phase_scan 66 900 [(4, 0.7852), (6, 0.3203), (8, 0.0557)]
S-b4 priority_scan 22 300 [(4, 0.1699), (6, 0.0176), (8, 0.001)]
S-b4 priority_scan 22 600 [(4, 0.1797), (6, 0.0254), (8, 0.002)]
S-b4 priority_scan 22 900 [(4, 0.1904), (6, 0.0234), (8, 0.0039)]
S-b4 priority_scan 66 300 [(4, 0.1719), (6, 0.0137), (8, 0.002)]
S-b4 priority_scan 66 600 [(4, 0.1904), (6, 0.0205), (8, 0.0039)]
S-b4 priority_scan 66 900 [(4, 0.1855), (6, 0.0186), (8, 0.0039)]
S-b4 position_scan 22 300 [(4, 0.3203), (6, 0.0254), (8, 0.0)]
S-b4 position_scan 22 600 [(4, 0.5391), (6, 0.1328), (8, 0.0078)]
S-b4 position_scan 22 900 [(4, 0.7402), (6, 0.2773), (8, 0.0312)]
S-b4 position_scan 66 300 [(4, 0.3086), (6, 0.0518), (8, 0.0)]
S-b4 position_scan 66 600 [(4, 0.5938), (6, 0.1719), (8, 0.0244)]
S-b4 position_scan 66 900 [(4, 0.6826), (6, 0.2051), (8, 0.0186)]
S-b4 phase_scan 22 300 [(4, 0.459), (6, 0.1074), (8, 0.0107)]
S-b4 phase_scan 22 600 [(4, 0.6553), (6, 0.2012), (8, 0.0156)]
S-b4 phase_scan 22 900 [(4, 0.6895), (6, 0.1309), (8, 0.002)]
S-b4 phase_scan 66 300 [(4, 0.4414), (6, 0.0967), (8, 0.0088)]
S-b4 phase_scan 66 600 [(4, 0.6191), (6, 0.1738), (8, 0.0156)]
S-b4 phase_scan 66 900 [(4, 0.7852), (6, 0.4219), (8, 0.1631)]
S-b16 priority_scan 22 300 [(4, 0.1816), (6, 0.0293), (8, 0.0)]
S-b16 priority_scan 22 600 [(4, 0.1875), (6, 0.0244), (8, 0.0)]
S-b16 priority_scan 22 900 [(4, 0.1875), (6, 0.0254), (8, 0.001)]
S-b16 priority_scan 66 300 [(4, 0.1797), (6, 0.0293), (8, 0.0049)]
S-b16 priority_scan 66 600 [(4, 0.1787), (6, 0.0234), (8, 0.002)]
S-b16 priority_scan 66 900 [(4, 0.1914), (6, 0.0205), (8, 0.0039)]
S-b16 position_scan 22 300 [(4, 0.3555), (6, 0.0479), (8, 0.0)]
S-b16 position_scan 22 600 [(4, 0.5928), (6, 0.1953), (8, 0.0303)]
S-b16 position_scan 22 900 [(4, 0.75), (6, 0.334), (8, 0.0654)]
S-b16 position_scan 66 300 [(4, 0.3457), (6, 0.0645), (8, 0.0029)]
S-b16 position_scan 66 600 [(4, 0.5332), (6, 0.125), (8, 0.0176)]
S-b16 position_scan 66 900 [(4, 0.6514), (6, 0.2031), (8, 0.0361)]
S-b16 phase_scan 22 300 [(4, 0.3594), (6, 0.0615), (8, 0.0)]
S-b16 phase_scan 22 600 [(4, 0.6289), (6, 0.2119), (8, 0.0254)]
S-b16 phase_scan 22 900 [(4, 0.7539), (6, 0.3896), (8, 0.1182)]
S-b16 phase_scan 66 300 [(4, 0.2783), (6, 0.0107), (8, 0.0)]
S-b16 phase_scan 66 600 [(4, 0.6299), (6, 0.1709), (8, 0.0146)]
S-b16 phase_scan 66 900 [(4, 0.6562), (6, 0.2666), (8, 0.0557)]
L-b1 priority_scan 22 300 [(4, 0.1836), (6, 0.0254), (8, 0.002)]
L-b1 priority_scan 22 600 [(4, 0.168), (6, 0.0215), (8, 0.0029)]
L-b1 priority_scan 22 900 [(4, 0.2012), (6, 0.0254), (8, 0.0)]
L-b1 priority_scan 22 1200 [(4, 0.4199), (6, 0.0293), (8, 0.0)]
L-b1 priority_scan 22 1500 [(4, 0.6807), (6, 0.1318), (8, 0.0098)]
L-b1 priority_scan 22 1800 [(4, 0.6953), (6, 0.1113), (8, 0.0049)]
L-b1 priority_scan 22 2100 [(4, 0.6025), (6, 0.0039), (8, 0.0)]
L-b1 priority_scan 22 2400 [(4, 0.7393), (6, 0.0234), (8, 0.0)]
L-b1 priority_scan 22 2700 [(4, 0.7266), (6, 0.0635), (8, 0.002)]
L-b1 priority_scan 22 3000 [(4, 0.7373), (6, 0.0947), (8, 0.0059)]
L-b1 priority_scan 22 3300 [(4, 0.7695), (6, 0.0088), (8, 0.0)]
L-b1 priority_scan 22 3600 [(4, 0.7969), (6, 0.2041), (8, 0.0068)]
L-b1 priority_scan 66 300 [(4, 0.1758), (6, 0.0234), (8, 0.0)]
L-b1 priority_scan 66 600 [(4, 0.1738), (6, 0.0234), (8, 0.0)]
L-b1 priority_scan 66 900 [(4, 0.3203), (6, 0.0352), (8, 0.0117)]
L-b1 priority_scan 66 1200 [(4, 0.4277), (6, 0.0068), (8, 0.0)]
L-b1 priority_scan 66 1500 [(4, 0.6426), (6, 0.0205), (8, 0.0)]
L-b1 priority_scan 66 1800 [(4, 0.7002), (6, 0.0537), (8, 0.0)]
L-b1 priority_scan 66 2100 [(4, 0.7188), (6, 0.041), (8, 0.0)]
L-b1 priority_scan 66 2400 [(4, 0.7324), (6, 0.0498), (8, 0.0)]
L-b1 priority_scan 66 2700 [(4, 0.7441), (6, 0.042), (8, 0.0)]
L-b1 priority_scan 66 3000 [(4, 0.7295), (6, 0.0098), (8, 0.0)]
L-b1 priority_scan 66 3300 [(4, 0.7529), (6, 0.0098), (8, 0.0)]
L-b1 priority_scan 66 3600 [(4, 0.8252), (6, 0.0537), (8, 0.0)]
L-b1 position_scan 22 300 [(4, 0.2959), (6, 0.0332), (8, 0.0)]
L-b1 position_scan 22 600 [(4, 0.416), (6, 0.0127), (8, 0.0)]
L-b1 position_scan 22 900 [(4, 0.5459), (6, 0.0117), (8, 0.0)]
L-b1 position_scan 22 1200 [(4, 0.583), (6, 0.002), (8, 0.0)]
L-b1 position_scan 22 1500 [(4, 0.4268), (6, 0.0), (8, 0.0)]
L-b1 position_scan 22 1800 [(4, 0.627), (6, 0.0068), (8, 0.0)]
L-b1 position_scan 22 2100 [(4, 0.7412), (6, 0.0029), (8, 0.0)]
L-b1 position_scan 22 2400 [(4, 0.7168), (6, 0.0049), (8, 0.0)]
L-b1 position_scan 22 2700 [(4, 0.6094), (6, 0.0), (8, 0.0)]
L-b1 position_scan 22 3000 [(4, 0.707), (6, 0.002), (8, 0.0)]
L-b1 position_scan 22 3300 [(4, 0.8086), (6, 0.0195), (8, 0.0)]
L-b1 position_scan 22 3600 [(4, 0.7539), (6, 0.002), (8, 0.0)]
L-b1 position_scan 66 300 [(4, 0.207), (6, 0.0117), (8, 0.0)]
L-b1 position_scan 66 600 [(4, 0.3174), (6, 0.0166), (8, 0.0)]
L-b1 position_scan 66 900 [(4, 0.5029), (6, 0.0068), (8, 0.0)]
L-b1 position_scan 66 1200 [(4, 0.5615), (6, 0.0029), (8, 0.0)]
L-b1 position_scan 66 1500 [(4, 0.4004), (6, 0.001), (8, 0.0)]
L-b1 position_scan 66 1800 [(4, 0.7236), (6, 0.0215), (8, 0.0)]
L-b1 position_scan 66 2100 [(4, 0.6016), (6, 0.001), (8, 0.0)]
L-b1 position_scan 66 2400 [(4, 0.751), (6, 0.0264), (8, 0.0)]
L-b1 position_scan 66 2700 [(4, 0.4971), (6, 0.0), (8, 0.0)]
L-b1 position_scan 66 3000 [(4, 0.7754), (6, 0.0234), (8, 0.0)]
L-b1 position_scan 66 3300 [(4, 0.7881), (6, 0.0039), (8, 0.0)]
L-b1 position_scan 66 3600 [(4, 0.7891), (6, 0.0), (8, 0.0)]
L-b1 phase_scan 22 300 [(4, 0.207), (6, 0.0127), (8, 0.001)]
L-b1 phase_scan 22 600 [(4, 0.6475), (6, 0.1074), (8, 0.001)]
L-b1 phase_scan 22 900 [(4, 0.7393), (6, 0.1035), (8, 0.0029)]
L-b1 phase_scan 22 1200 [(4, 0.791), (6, 0.2471), (8, 0.002)]
L-b1 phase_scan 22 1500 [(4, 0.8076), (6, 0.2402), (8, 0.001)]
L-b1 phase_scan 22 1800 [(4, 0.8145), (6, 0.3662), (8, 0.0273)]
L-b1 phase_scan 22 2100 [(4, 0.8408), (6, 0.3379), (8, 0.0059)]
L-b1 phase_scan 22 2400 [(4, 0.8027), (6, 0.3027), (8, 0.0078)]
L-b1 phase_scan 22 2700 [(4, 0.8701), (6, 0.4873), (8, 0.0127)]
L-b1 phase_scan 22 3000 [(4, 0.8789), (6, 0.624), (8, 0.2217)]
L-b1 phase_scan 22 3300 [(4, 0.8955), (6, 0.5742), (8, 0.0352)]
L-b1 phase_scan 22 3600 [(4, 0.918), (6, 0.5713), (8, 0.0371)]
L-b1 phase_scan 66 300 [(4, 0.3428), (6, 0.04), (8, 0.002)]
L-b1 phase_scan 66 600 [(4, 0.6904), (6, 0.1748), (8, 0.0215)]
L-b1 phase_scan 66 900 [(4, 0.7852), (6, 0.3203), (8, 0.0557)]
L-b1 phase_scan 66 1200 [(4, 0.7529), (6, 0.1416), (8, 0.0049)]
L-b1 phase_scan 66 1500 [(4, 0.8057), (6, 0.2686), (8, 0.0059)]
L-b1 phase_scan 66 1800 [(4, 0.8652), (6, 0.5742), (8, 0.1113)]
L-b1 phase_scan 66 2100 [(4, 0.8232), (6, 0.3623), (8, 0.0039)]
L-b1 phase_scan 66 2400 [(4, 0.8066), (6, 0.3652), (8, 0.0283)]
L-b1 phase_scan 66 2700 [(4, 0.8701), (6, 0.415), (8, 0.0127)]
L-b1 phase_scan 66 3000 [(4, 0.8623), (6, 0.4531), (8, 0.0127)]
L-b1 phase_scan 66 3300 [(4, 0.8398), (6, 0.1836), (8, 0.0)]
L-b1 phase_scan 66 3600 [(4, 0.8799), (6, 0.2979), (8, 0.0)]
L-b16 priority_scan 22 300 [(4, 0.1816), (6, 0.0293), (8, 0.0)]
L-b16 priority_scan 22 600 [(4, 0.1875), (6, 0.0244), (8, 0.0)]
L-b16 priority_scan 22 900 [(4, 0.1875), (6, 0.0254), (8, 0.001)]
L-b16 priority_scan 22 1200 [(4, 0.1895), (6, 0.0283), (8, 0.0029)]
L-b16 priority_scan 22 1500 [(4, 0.2012), (6, 0.0205), (8, 0.002)]
L-b16 priority_scan 22 1800 [(4, 0.1963), (6, 0.0273), (8, 0.0029)]
L-b16 priority_scan 22 2100 [(4, 0.2197), (6, 0.0352), (8, 0.0068)]
L-b16 priority_scan 22 2400 [(4, 0.3145), (6, 0.0508), (8, 0.0059)]
L-b16 priority_scan 22 2700 [(4, 0.4336), (6, 0.0869), (8, 0.0127)]
L-b16 priority_scan 22 3000 [(4, 0.4873), (6, 0.1221), (8, 0.0186)]
L-b16 priority_scan 22 3300 [(4, 0.4199), (6, 0.0635), (8, 0.0088)]
L-b16 priority_scan 22 3600 [(4, 0.5947), (6, 0.1416), (8, 0.0264)]
L-b16 priority_scan 66 300 [(4, 0.1797), (6, 0.0293), (8, 0.0049)]
L-b16 priority_scan 66 600 [(4, 0.1787), (6, 0.0234), (8, 0.002)]
L-b16 priority_scan 66 900 [(4, 0.1914), (6, 0.0205), (8, 0.0039)]
L-b16 priority_scan 66 1200 [(4, 0.1924), (6, 0.0215), (8, 0.002)]
L-b16 priority_scan 66 1500 [(4, 0.1934), (6, 0.0254), (8, 0.0049)]
L-b16 priority_scan 66 1800 [(4, 0.1934), (6, 0.0176), (8, 0.0059)]
L-b16 priority_scan 66 2100 [(4, 0.2002), (6, 0.0176), (8, 0.001)]
L-b16 priority_scan 66 2400 [(4, 0.2012), (6, 0.0293), (8, 0.0088)]
L-b16 priority_scan 66 2700 [(4, 0.2852), (6, 0.0479), (8, 0.0059)]
L-b16 priority_scan 66 3000 [(4, 0.3809), (6, 0.0723), (8, 0.0098)]
L-b16 priority_scan 66 3300 [(4, 0.3955), (6, 0.0674), (8, 0.0049)]
L-b16 priority_scan 66 3600 [(4, 0.5), (6, 0.124), (8, 0.0107)]
L-b16 position_scan 22 300 [(4, 0.3555), (6, 0.0479), (8, 0.0)]
L-b16 position_scan 22 600 [(4, 0.5928), (6, 0.1953), (8, 0.0303)]
L-b16 position_scan 22 900 [(4, 0.75), (6, 0.334), (8, 0.0654)]
L-b16 position_scan 22 1200 [(4, 0.7725), (6, 0.4277), (8, 0.1533)]
L-b16 position_scan 22 1500 [(4, 0.7969), (6, 0.3721), (8, 0.082)]
L-b16 position_scan 22 1800 [(4, 0.835), (6, 0.5088), (8, 0.1875)]
L-b16 position_scan 22 2100 [(4, 0.7881), (6, 0.4756), (8, 0.2031)]
L-b16 position_scan 22 2400 [(4, 0.8291), (6, 0.5215), (8, 0.2051)]
L-b16 position_scan 22 2700 [(4, 0.8525), (6, 0.5615), (8, 0.2285)]
L-b16 position_scan 22 3000 [(4, 0.8105), (6, 0.3945), (8, 0.1016)]
L-b16 position_scan 22 3300 [(4, 0.8682), (6, 0.5938), (8, 0.3604)]
L-b16 position_scan 22 3600 [(4, 0.8457), (6, 0.5674), (8, 0.2246)]
L-b16 position_scan 66 300 [(4, 0.3457), (6, 0.0645), (8, 0.0029)]
L-b16 position_scan 66 600 [(4, 0.5332), (6, 0.125), (8, 0.0176)]
L-b16 position_scan 66 900 [(4, 0.6514), (6, 0.2031), (8, 0.0361)]
L-b16 position_scan 66 1200 [(4, 0.748), (6, 0.3848), (8, 0.1191)]
L-b16 position_scan 66 1500 [(4, 0.752), (6, 0.3848), (8, 0.1084)]
L-b16 position_scan 66 1800 [(4, 0.8291), (6, 0.5283), (8, 0.2422)]
L-b16 position_scan 66 2100 [(4, 0.792), (6, 0.4209), (8, 0.1045)]
L-b16 position_scan 66 2400 [(4, 0.8125), (6, 0.4902), (8, 0.1875)]
L-b16 position_scan 66 2700 [(4, 0.8613), (6, 0.6084), (8, 0.3359)]
L-b16 position_scan 66 3000 [(4, 0.8271), (6, 0.5693), (8, 0.2842)]
L-b16 position_scan 66 3300 [(4, 0.8311), (6, 0.5068), (8, 0.1846)]
L-b16 position_scan 66 3600 [(4, 0.8398), (6, 0.582), (8, 0.2617)]
L-b16 phase_scan 22 300 [(4, 0.3594), (6, 0.0615), (8, 0.0)]
L-b16 phase_scan 22 600 [(4, 0.6289), (6, 0.2119), (8, 0.0254)]
L-b16 phase_scan 22 900 [(4, 0.7539), (6, 0.3896), (8, 0.1182)]
L-b16 phase_scan 22 1200 [(4, 0.7686), (6, 0.3789), (8, 0.1318)]
L-b16 phase_scan 22 1500 [(4, 0.8047), (6, 0.5098), (8, 0.1748)]
L-b16 phase_scan 22 1800 [(4, 0.7998), (6, 0.5156), (8, 0.1924)]
L-b16 phase_scan 22 2100 [(4, 0.8438), (6, 0.5693), (8, 0.1943)]
L-b16 phase_scan 22 2400 [(4, 0.8623), (6, 0.6719), (8, 0.4365)]
L-b16 phase_scan 22 2700 [(4, 0.7705), (6, 0.4082), (8, 0.0244)]
L-b16 phase_scan 22 3000 [(4, 0.8564), (6, 0.6025), (8, 0.2842)]
L-b16 phase_scan 22 3300 [(4, 0.8994), (6, 0.71), (8, 0.4932)]
L-b16 phase_scan 22 3600 [(4, 0.8887), (6, 0.6816), (8, 0.3477)]
L-b16 phase_scan 66 300 [(4, 0.2783), (6, 0.0107), (8, 0.0)]
L-b16 phase_scan 66 600 [(4, 0.6299), (6, 0.1709), (8, 0.0146)]
L-b16 phase_scan 66 900 [(4, 0.6562), (6, 0.2666), (8, 0.0557)]
L-b16 phase_scan 66 1200 [(4, 0.7559), (6, 0.4023), (8, 0.1211)]
L-b16 phase_scan 66 1500 [(4, 0.8037), (6, 0.5078), (8, 0.209)]
L-b16 phase_scan 66 1800 [(4, 0.7432), (6, 0.3887), (8, 0.0693)]
L-b16 phase_scan 66 2100 [(4, 0.8096), (6, 0.4219), (8, 0.0801)]
L-b16 phase_scan 66 2400 [(4, 0.7793), (6, 0.4062), (8, 0.0615)]
L-b16 phase_scan 66 2700 [(4, 0.8555), (6, 0.6455), (8, 0.4014)]
L-b16 phase_scan 66 3000 [(4, 0.8584), (6, 0.627), (8, 0.2969)]
L-b16 phase_scan 66 3300 [(4, 0.8682), (6, 0.6201), (8, 0.2705)]
L-b16 phase_scan 66 3600 [(4, 0.8857), (6, 0.665), (8, 0.3389)]
R priority_scan 22 300 [(4, 0.1582), (6, 0.0273), (8, 0.0029)]
R priority_scan 22 600 [(4, 0.1924), (6, 0.0254), (8, 0.0049)]
R priority_scan 22 900 [(4, 0.1895), (6, 0.0205), (8, 0.0039)]
R priority_scan 66 300 [(4, 0.1758), (6, 0.0137), (8, 0.0049)]
R priority_scan 66 600 [(4, 0.166), (6, 0.0254), (8, 0.0059)]
R priority_scan 66 900 [(4, 0.1875), (6, 0.0215), (8, 0.0039)]
R position_scan 22 300 [(4, 0.3145), (6, 0.0322), (8, 0.0039)]
R position_scan 22 600 [(4, 0.6699), (6, 0.3066), (8, 0.0518)]
R position_scan 22 900 [(4, 0.7393), (6, 0.3662), (8, 0.1016)]
R position_scan 66 300 [(4, 0.3262), (6, 0.0312), (8, 0.001)]
R position_scan 66 600 [(4, 0.6035), (6, 0.2031), (8, 0.0381)]
R position_scan 66 900 [(4, 0.7568), (6, 0.4346), (8, 0.1709)]
R phase_scan 22 300 [(4, 0.4492), (6, 0.1104), (8, 0.0049)]
R phase_scan 22 600 [(4, 0.6885), (6, 0.2441), (8, 0.0527)]
R phase_scan 22 900 [(4, 0.7637), (6, 0.293), (8, 0.0459)]
R phase_scan 66 300 [(4, 0.335), (6, 0.0459), (8, 0.0)]
R phase_scan 66 600 [(4, 0.7031), (6, 0.3037), (8, 0.0918)]
R phase_scan 66 900 [(4, 0.7959), (6, 0.4326), (8, 0.1572)]
C priority_competitive 22 300 [(4, 0.8525), (6, 0.6797), (8, 0.502)]
C priority_competitive 22 600 [(4, 0.8818), (6, 0.7324), (8, 0.5693)]
C priority_competitive 22 900 [(4, 0.9111), (6, 0.7949), (8, 0.6768)]
C priority_competitive 66 300 [(4, 0.8311), (6, 0.6299), (8, 0.4238)]
C priority_competitive 66 600 [(4, 0.8721), (6, 0.7344), (8, 0.5439)]
C priority_competitive 66 900 [(4, 0.9189), (6, 0.7939), (8, 0.6836)]
C position_competitive 22 300 [(4, 0.8359), (6, 0.6064), (8, 0.4248)]
C position_competitive 22 600 [(4, 0.8623), (6, 0.6846), (8, 0.4795)]
C position_competitive 22 900 [(4, 0.8965), (6, 0.7197), (8, 0.5361)]
C position_competitive 66 300 [(4, 0.8389), (6, 0.6367), (8, 0.4023)]
C position_competitive 66 600 [(4, 0.8496), (6, 0.6357), (8, 0.4316)]
C position_competitive 66 900 [(4, 0.915), (6, 0.7559), (8, 0.6094)]
C phase_competitive 22 300 [(4, 0.8418), (6, 0.6309), (8, 0.457)]
C phase_competitive 22 600 [(4, 0.8887), (6, 0.6875), (8, 0.4717)]
C phase_competitive 22 900 [(4, 0.917), (6, 0.7822), (8, 0.6045)]
C phase_competitive 66 300 [(4, 0.8252), (6, 0.6045), (8, 0.3555)]
C phase_competitive 66 600 [(4, 0.8711), (6, 0.6748), (8, 0.4648)]
C phase_competitive 66 900 [(4, 0.9121), (6, 0.7861), (8, 0.5811)]
