S-b1 priority_scan 77 300 [(4, 0.1836), (6, 0.0225), (8, 0.0039)]
S-b1 priority_scan 77 600 [(4, 0.1709), (6, 0.0234), (8, 0.001)]
S-b1 priority_scan 77 900 [(4, 0.3887), (6, 0.0586), (8, 0.002)]
S-b1 position_scan 77 300 [(4, 0.1367), (6, 0.001), (8, 0.0)]
S-b1 position_scan 77 600 [(4, 0.418), (6, 0.0156), (8, 0.0)]
S-b1 position_scan 77 900 [(4, 0.373), (6, 0.0), (8, 0.0)]
S-b1 phase_scan 77 300 [(4, 0.2246), (6, 0.0342), (8, 0.0)]
S-b1 phase_scan 77 600 [(4, 0.7031), (6, 0.1543), (8, 0.0117)]
S-b1 phase_scan 77 900 [(4, 0.7744), (6, 0.1328), (8, 0.001)]
S-b4 priority_scan 33 300 [(4, 0.1787), (6, 0.0264), (8, 0.0)]
S-b4 priority_scan 33 600 [(4, 0.2109), (6, 0.0205), (8, 0.002)]
S-b4 priority_scan 33 900 [(4, 0.1924), (6, 0.0244), (8, 0.0029)]
S-b4 priority_scan 77 300 [(4, 0.1777), (6, 0.0254), (8, 0.001)]
S-b4 priority_scan 77 600 [(4, 0.1816), (6, 0.0381), (8, 0.001)]
S-b4 priority_scan 77 900 [(4, 0.1797), (6, 0.0264), (8, 0.0029)]
S-b4 position_scan 33 300 [(4, 0.3193), (6, 0.0645), (8, 0.0029)]
S-b4 position_scan 33 600 [(4, 0.5791), (6, 0.1855), (8, 0.0244)]
S-b4 position_scan 33 900 [(4, 0.7422), (6, 0.3486), (8, 0.0801)]
S-b4 position_scan 77 300 [(4, 0.3057), (6, 0.0361), (8, 0.001)]
S-b4 position_scan 77 600 [(4, 0.4922), (6, 0.0615), (8, 0.002)]
S-b4 position_scan 77 900 [(4, 0.6719), (6, 0.2363), (8, 0.0166)]
S-b4 phase_scan 33 300 [(4, 0.4346), (6, 0.0938), (8, 0.0039)]
S-b4 phase_scan 33 600 [(4, 0.7031), (6, 0.2412), (8, 0.0459)]
S-b4 phase_scan 33 900 [(4, 0.7607), (6, 0.3408), (8, 0.1035)]
S-b4 phase_scan 77 300 [(4, 0.4248), (6, 0.1055), (8, 0.0107)]
S-b4 phase_scan 77 600 [(4, 0.707), (6, 0.2588), (8, 0.0547)]
S-b4 phase_scan 77 900 [(4, 0.7686), (6, 0.3564), (8, 0.1084)]
S-b16 priority_scan 33 300 [(4, 0.1875), (6, 0.0176), (8, 0.001)]
S-b16 priority_scan 33 600 [(4, 0.1924), (6, 0.0127), (8, 0.001)]
S-b16 priority_scan 33 900 [(4, 0.1846), (6, 0.0205), (8, 0.0029)]
S-b16 priority_scan 77 300 [(4, 0.1797), (6, 0.0176), (8, 0.002)]
S-b16 priority_scan 77 600 [(4, 0.1865), (6, 0.0283), (8, 0.002)]
S-b16 priority_scan 77 900 [(4, 0.1826), (6, 0.0254), (8, 0.002)]
S-b16 position_scan 33 300 [(4, 0.3291), (6, 0.0479), (8, 0.001)]
S-b16 position_scan 33 600 [(4, 0.5938), (6, 0.1973), (8, 0.041)]
S-b16 position_scan 33 900 [(4, 0.7451), (6, 0.3486), (8, 0.0889)]
S-b16 position_scan 77 300 [(4, 0.3516), (6, 0.0547), (8, 0.0029)]
S-b16 position_scan 77 600 [(4, 0.5713), (6, 0.1426), (8, 0.0234)]
S-b16 position_scan 77 900 [(4, 0.6924), (6, 0.2656), (8, 0.0391)]
S-b16 phase_scan 33 300 [(4, 0.0), (6, 0.0), (8, 0.0)]
S-b16 phase_scan 33 600 [(4, 0.0), (6, 0.0), (8, 0.0)]
S-b16 phase_scan 33 900 [(4, 0.0), (6, 0.0), (8, 0.0)]
S-b16 phase_scan 77 300 [(4, 0.2998), (6, 0.0527), (8, 0.0)]
S-b16 phase_scan 77 600 [(4, 0.6475), (6, 0.249), (8, 0.0381)]
S-b16 phase_scan 77 900 [(4, 0.6885), (6, 0.2725), (8, 0.0312)]
L-b1 priority_scan 33 300 [(4, 0.1748), (6, 0.0244), (8, 0.001)]
L-b1 priority_scan 33 600 [(4, 0.1777), (6, 0.0215), (8, 0.0029)]
L-b1 priority_scan 33 900 [(4, 0.1709), (6, 0.0166), (8, 0.002)]
L-b1 priority_scan 33 1200 [(4, 0.3652), (6, 0.0244), (8, 0.001)]
L-b1 priority_scan 33 1500 [(4, 0.3096), (6, 0.0039), (8, 0.0)]
L-b1 priority_scan 33 1800 [(4, 0.709), (6, 0.1055), (8, 0.002)]
L-b1 priority_scan 33 2100 [(4, 0.7002), (6, 0.0225), (8, 0.0)]
L-b1 priority_scan 33 2400 [(4, 0.7207), (6, 0.0439), (8, 0.001)]
L-b1 priority_scan 33 2700 [(4, 0.7656), (6, 0.1299), (8, 0.001)]
L-b1 priority_scan 33 3000 [(4, 0.7559), (6, 0.0098), (8, 0.0)]
L-b1 priority_scan 33 3300 [(4, 0.7725), (6, 0.0557), (8, 0.001)]
L-b1 priority_scan 33 3600 [(4, 0.8105), (6, 0.0576), (8, 0.0)]
L-b1 priority_scan 77 300 [(4, 0.1836), (6, 0.0225), (8, 0.0039)]
L-b1 priority_scan 77 600 [(4, 0.1709), (6, 0.0234), (8, 0.001)]
L-b1 priority_scan 77 900 [(4, 0.3887), (6, 0.0586), (8, 0.002)]
L-b1 priority_scan 77 1200 [(4, 0.4834), (6, 0.0479), (8, 0.0059)]
L-b1 priority_scan 77 1500 [(4, 0.5967), (6, 0.1055), (8, 0.0098)]
L-b1 priority_scan 77 1800 [(4, 0.5537), (6, 0.0586), (8, 0.0029)]
L-b1 priority_scan 77 2100 [(4, 0.6768), (6, 0.0908), (8, 0.0039)]
L-b1 priority_scan 77 2400 [(4, 0.6465), (6, 0.0283), (8, 0.0)]
L-b1 priority_scan 77 2700 [(4, 0.7881), (6, 0.252), (8, 0.0098)]
L-b1 priority_scan 77 3000 [(4, 0.7354), (6, 0.042), (8, 0.0)]
L-b1 priority_scan 77 3300 [(4, 0.667), (6, 0.0635), (8, 0.002)]
L-b1 priority_scan 77 3600 [(4, 0.7646), (6, 0.0625), (8, 0.001)]
L-b1 position_scan 33 300 [(4, 0.335), (6, 0.0645), (8, 0.0059)]
L-b1 position_scan 33 600 [(4, 0.4502), (6, 0.0547), (8, 0.0)]
L-b1 position_scan 33 900 [(4, 0.375), (6, 0.0), (8, 0.0)]
L-b1 position_scan 33 1200 [(4, 0.6006), (6, 0.0059), (8, 0.0)]
L-b1 position_scan 33 1500 [(4, 0.6172), (6, 0.001), (8, 0.0)]
L-b1 position_scan 33 1800 [(4, 0.6191), (6, 0.0039), (8, 0.0)]
L-b1 position_scan 33 2100 [(4, 0.8057), (6, 0.1016), (8, 0.0)]
L-b1 position_scan 33 2400 [(4, 0.7188), (6, 0.0039), (8, 0.0)]
L-b1 position_scan 33 2700 [(4, 0.7822), (6, 0.0088), (8, 0.0)]
L-b1 position_scan 33 3000 [(4, 0.8281), (6, 0.084), (8, 0.0)]
L-b1 position_scan 33 3300 [(4, 0.8105), (6, 0.002), (8, 0.0)]
L-b1 position_scan 33 3600 [(4, 0.7227), (6, 0.0), (8, 0.0)]
L-b1 position_scan 77 300 [(4, 0.1367), (6, 0.001), (8, 0.0)]
L-b1 position_scan 77 600 [(4, 0.418), (6, 0.0156), (8, 0.0)]
L-b1 position_scan 77 900 [(4, 0.373), (6, 0.0), (8, 0.0)]
L-b1 position_scan 77 1200 [(4, 0.6318), (6, 0.0127), (8, 0.0)]
L-b1 position_scan 77 1500 [(4, 0.7227), (6, 0.0156), (8, 0.0)]
L-b1 position_scan 77 1800 [(4, 0.7266), (6, 0.0117), (8, 0.0)]
L-b1 position_scan 77 2100 [(4, 0.7822), (6, 0.0215), (8, 0.0)]
L-b1 position_scan 77 2400 [(4, 0.5869), (6, 0.0), (8, 0.0)]
L-b1 position_scan 77 2700 [(4, 0.8652), (6, 0.3154), (8, 0.001)]
L-b1 position_scan 77 3000 [(4, 0.8721), (6, 0.1582), (8, 0.0)]
L-b1 position_scan 77 3300 [(4, 0.8301), (6, 0.0146), (8, 0.0)]
L-b1 position_scan 77 3600 [(4, 0.7881), (6, 0.0371), (8, 0.0)]
L-b1 phase_scan 33 300 [(4, 0.2627), (6, 0.0156), (8, 0.0)]
L-b1 phase_scan 33 600 [(4, 0.5352), (6, 0.0332), (8, 0.0)]
L-b1 phase_scan 33 900 [(4, 0.7432), (6, 0.2344), (8, 0.0283)]
L-b1 phase_scan 33 1200 [(4, 0.7617), (6, 0.2422), (8, 0.0127)]
L-b1 phase_scan 33 1500 [(4, 0.7998), (6, 0.2705), (8, 0.0029)]
L-b1 phase_scan 33 1800 [(4, 0.7529), (6, 0.1709), (8, 0.0078)]
L-b1 phase_scan 33 2100 [(4, 0.8506), (6, 0.3535), (8, 0.0049)]
L-b1 phase_scan 33 2400 [(4, 0.8369), (6, 0.4971), (8, 0.0889)]
L-b1 phase_scan 33 2700 [(4, 0.8613), (6, 0.4727), (8, 0.0049)]
L-b1 phase_scan 33 3000 [(4, 0.9004), (6, 0.6445), (8, 0.1533)]
L-b1 phase_scan 33 3300 [(4, 0.8535), (6, 0.3857), (8, 0.002)]
L-b1 phase_scan 33 3600 [(4, 0.874), (6, 0.4307), (8, 0.0039)]
L-b1 phase_scan 77 300 [(4, 0.2246), (6, 0.0342), (8, 0.0)]
L-b1 phase_scan 77 600 [(4, 0.7031), (6, 0.1543), (8, 0.0117)]
L-b1 phase_scan 77 900 [(4, 0.7744), (6, 0.1328), (8, 0.001)]
L-b1 phase_scan 77 1200 [(4, 0.7734), (6, 0.2285), (8, 0.0029)]
L-b1 phase_scan 77 1500 [(4, 0.8301), (6, 0.3828), (8, 0.0117)]
L-b1 phase_scan 77 1800 [(4, 0.8408), (6, 0.3066), (8, 0.0068)]
L-b1 phase_scan 77 2100 [(4, 0.8398), (6, 0.2676), (8, 0.0029)]
L-b1 phase_scan 77 2400 [(4, 0.8643), (6, 0.332), (8, 0.0078)]
L-b1 phase_scan 77 2700 [(4, 0.8623), (6, 0.5195), (8, 0.0234)]
L-b1 phase_scan 77 3000 [(4, 0.8555), (6, 0.4102), (8, 0.0195)]
L-b1 phase_scan 77 3300 [(4, 0.8896), (6, 0.5127), (8, 0.0176)]
L-b1 phase_scan 77 3600 [(4, 0.917), (6, 0.6133), (8, 0.0811)]
L-b16 priority_scan 33 300 [(4, 0.1875), (6, 0.0176), (8, 0.001)]
L-b16 priority_scan 33 600 [(4, 0.1924), (6, 0.0127), (8, 0.001)]
L-b16 priority_scan 33 900 [(4, 0.1846), (6, 0.0205), (8, 0.0029)]
L-b16 priority_scan 33 1200 [(4, 0.1953), (6, 0.0195), (8, 0.0059)]
L-b16 priority_scan 33 1500 [(4, 0.1943), (6, 0.0215), (8, 0.0049)]
L-b16 priority_scan 33 1800 [(4, 0.1826), (6, 0.0244), (8, 0.0029)]
L-b16 priority_scan 33 2100 [(4, 0.2119), (6, 0.0225), (8, 0.0068)]
L-b16 priority_scan 33 2400 [(4, 0.2051), (6, 0.0342), (8, 0.001)]
L-b16 priority_scan 33 2700 [(4, 0.5469), (6, 0.168), (8, 0.0283)]
L-b16 priority_scan 33 3000 [(4, 0.7061), (6, 0.3213), (8, 0.0957)]
L-b16 priority_scan 33 3300 [(4, 0.7539), (6, 0.2959), (8, 0.0723)]
L-b16 priority_scan 33 3600 [(4, 0.7969), (6, 0.4033), (8, 0.1016)]
L-b16 priority_scan 77 300 [(4, 0.1797), (6, 0.0176), (8, 0.002)]
L-b16 priority_scan 77 600 [(4, 0.1865), (6, 0.0283), (8, 0.002)]
L-b16 priority_scan 77 900 [(4, 0.1826), (6, 0.0254), (8, 0.002)]
L-b16 priority_scan 77 1200 [(4, 0.1865), (6, 0.0244), (8, 0.0029)]
L-b16 priority_scan 77 1500 [(4, 0.1904), (6, 0.0244), (8, 0.0029)]
L-b16 priority_scan 77 1800 [(4, 0.1777), (6, 0.0254), (8, 0.0039)]
L-b16 priority_scan 77 2100 [(4, 0.2744), (6, 0.0508), (8, 0.0127)]
L-b16 priority_scan 77 2400 [(4, 0.3643), (6, 0.0928), (8, 0.0186)]
L-b16 priority_scan 77 2700 [(4, 0.4609), (6, 0.1162), (8, 0.0273)]
L-b16 priority_scan 77 3000 [(4, 0.3965), (6, 0.043), (8, 0.0039)]
L-b16 priority_scan 77 3300 [(4, 0.5225), (6, 0.0752), (8, 0.0078)]
L-b16 priority_scan 77 3600 [(4, 0.623), (6, 0.1963), (8, 0.0264)]
L-b16 position_scan 33 300 [(4, 0.3291), (6, 0.0479), (8, 0.001)]
L-b16 position_scan 33 600 [(4, 0.5938), (6, 0.1973), (8, 0.041)]
L-b16 position_scan 33 900 [(4, 0.7451), (6, 0.3486), (8, 0.0889)]
L-b16 position_scan 33 1200 [(4, 0.75), (6, 0.3594), (8, 0.0947)]
L-b16 position_scan 33 1500 [(4, 0.7979), (6, 0.5146), (8, 0.2256)]
L-b16 position_scan 33 1800 [(4, 0.7959), (6, 0.4697), (8, 0.1279)]
L-b16 position_scan 33 2100 [(4, 0.791), (6, 0.3975), (8, 0.1006)]
L-b16 position_scan 33 2400 [(4, 0.7686), (6, 0.3223), (8, 0.0342)]
L-b16 position_scan 33 2700 [(4, 0.8359), (6, 0.541), (8, 0.2422)]
L-b16 position_scan 33 3000 [(4, 0.8604), (6, 0.6055), (8, 0.2764)]
L-b16 position_scan 33 3300 [(4, 0.8613), (6, 0.6143), (8, 0.334)]
L-b16 position_scan 33 3600 [(4, 0.7578), (6, 0.3857), (8, 0.1113)]
L-b16 position_scan 77 300 [(4, 0.3516), (6, 0.0547), (8, 0.0029)]
L-b16 position_scan 77 600 [(4, 0.5713), (6, 0.1426), (8, 0.0234)]
L-b16 position_scan 77 900 [(4, 0.6924), (6, 0.2656), (8, 0.0391)]
L-b16 position_scan 77 1200 [(4, 0.748), (6, 0.4023), (8, 0.1406)]
L-b16 position_scan 77 1500 [(4, 0.7529), (6, 0.3623), (8, 0.0869)]
L-b16 position_scan 77 1800 [(4, 0.7842), (6, 0.3936), (8, 0.0918)]
L-b16 position_scan 77 2100 [(4, 0.8457), (6, 0.5635), (8, 0.2676)]
L-b16 position_scan 77 2400 [(4, 0.7471), (6, 0.4043), (8, 0.1553)]
L-b16 position_scan 77 2700 [(4, 0.8584), (6, 0.5762), (8, 0.2012)]
L-b16 position_scan 77 3000 [(4, 0.8789), (6, 0.6025), (8, 0.2676)]
L-b16 position_scan 77 3300 [(4, 0.8779), (6, 0.6582), (8, 0.3545)]
L-b16 position_scan 77 3600 [(4, 0.8828), (6, 0.6885), (8, 0.3887)]
L-b16 phase_scan 33 300 [(4, 0.0), (6, 0.0), (8, 0.0)]
L-b16 phase_scan 33 600 [(4, 0.0), (6, 0.0), (8, 0.0)]
L-b16 phase_scan 33 900 [(4, 0.0), (6, 0.0), (8, 0.0)]
L-b16 phase_scan 33 1200 [(4, 0.0), (6, 0.0), (8, 0.0)]
L-b16 phase_scan 33 1500 [(4, 0.0), (6, 0.0), (8, 0.0)]
L-b16 phase_scan 33 1800 [(4, 0.0), (6, 0.0), (8, 0.0)]
L-b16 phase_scan 33 2100 [(4, 0.0), (6, 0.0), (8, 0.0)]
L-b16 phase_scan 33 2400 [(4, 0.0), (6, 0.0), (8, 0.0)]
L-b16 phase_scan 33 2700 [(4, 0.0), (6, 0.0), (8, 0.0)]
L-b16 phase_scan 33 3000 [(4, 0.0), (6, 0.0), (8, 0.0)]
L-b16 phase_scan 33 3300 [(4, 0.0), (6, 0.0), (8, 0.0)]
L-b16 phase_scan 33 3600 [(4, 0.0), (6, 0.0), (8, 0.0)]
L-b16 phase_scan 77 300 [(4, 0.2998), (6, 0.0527), (8, 0.0)]
L-b16 phase_scan 77 600 [(4, 0.6475), (6, 0.249), (8, 0.0381)]
L-b16 phase_scan 77 900 [(4, 0.6885), (6, 0.2725), (8, 0.0312)]
L-b16 phase_scan 77 1200 [(4, 0.7559), (6, 0.4307), (8, 0.0957)]
L-b16 phase_scan 77 1500 [(4, 0.8066), (6, 0.5137), (8, 0.2217)]
L-b16 phase_scan 77 1800 [(4, 0.8096), (6, 0.4971), (8, 0.1572)]
L-b16 phase_scan 77 2100 [(4, 0.877), (6, 0.668), (8, 0.3477)]
L-b16 phase_scan 77 2400 [(4, 0.8223), (6, 0.5527), (8, 0.2285)]
L-b16 phase_scan 77 2700 [(4, 0.8848), (6, 0.6924), (8, 0.3848)]
L-b16 phase_scan 77 3000 [(4, 0.8701), (6, 0.6201), (8, 0.334)]
L-b16 phase_scan 77 3300 [(4, 0.8047), (6, 0.541), (8, 0.2412)]
L-b16 phase_scan 77 3600 [(4, 0.8594), (6, 0.626), (8, 0.2793)]
R priority_scan 33 300 [(4, 0.2012), (6, 0.0264), (8, 0.0029)]
R priority_scan 33 600 [(4, 0.2002), (6, 0.0225), (8, 0.002)]
R priority_scan 33 900 [(4, 0.1846), (6, 0.0283), (8, 0.002)]
R priority_scan 77 300 [(4, 0.1953), (6, 0.0215), (8, 0.001)]
R priority_scan 77 600 [(4, 0.1797), (6, 0.0273), (8, 0.0029)]
R priority_scan 77 900 [(4, 0.1738), (6, 0.0264), (8, 0.0039)]
R position_scan 33 300 [(4, 0.1611), (6, 0.0029), (8, 0.0)]
R position_scan 33 600 [(4, 0.6621), (6, 0.1982), (8, 0.04)]
R position_scan 33 900 [(4, 0.7471), (6, 0.4072), (8, 0.1582)]
R position_scan 77 300 [(4, 0.3008), (6, 0.0498), (8, 0.0039)]
R position_scan 77 600 [(4, 0.6514), (6, 0.2402), (8, 0.0557)]
R position_scan 77 900 [(4, 0.7783), (6, 0.4424), (8, 0.1885)]
R phase_scan 33 300 [(4, 0.3984), (6, 0.0664), (8, 0.0)]
R phase_scan 33 600 [(4, 0.7529), (6, 0.3223), (8, 0.0811)]
R phase_scan 33 900 [(4, 0.7939), (6, 0.3887), (8, 0.1299)]
R phase_scan 77 300 [(4, 0.2969), (6, 0.0352), (8, 0.0)]
R phase_scan 77 600 [(4, 0.7158), (6, 0.2373), (8, 0.0566)]
R phase_scan 77 900 [(4, 0.793), (6, 0.3594), (8, 0.1201)]
C priority_competitive 33 300 [(4, 0.8467), (6, 0.6309), (8, 0.4561)]
C priority_competitive 33 600 [(4, 0.8613), (6, 0.7031), (8, 0.5654)]
C priority_competitive 33 900 [(4, 0.9062), (6, 0.7939), (8, 0.6738)]
C priority_competitive 77 300 [(4, 0.8555), (6, 0.665), (8, 0.5166)]
C priority_competitive 77 600 [(4, 0.8779), (6, 0.7344), (8, 0.5977)]
C priority_competitive 77 900 [(4, 0.9102), (6, 0.7871), (8, 0.6602)]
C position_competitive 33 300 [(4, 0.8096), (6, 0.5781), (8, 0.3809)]
C position_competitive 33 600 [(4, 0.8955), (6, 0.7275), (8, 0.6113)]
C position_competitive 33 900 [(4, 0.8984), (6, 0.791), (8, 0.6123)]
C position_competitive 77 300 [(4, 0.8457), (6, 0.6592), (8, 0.4746)]
C position_competitive 77 600 [(4, 0.8779), (6, 0.7158), (8, 0.5439)]
C position_competitive 77 900 [(4, 0.9014), (6, 0.7266), (8, 0.5332)]
C phase_competitive 33 300 [(4, 0.8018), (6, 0.5879), (8, 0.3848)]
C phase_competitive 33 600 [(4, 0.8975), (6, 0.7109), (8, 0.5342)]
C phase_competitive 33 900 [(4, 0.9141), (6, 0.7969), (8, 0.6602)]
C phase_competitive 77 300 [(4, 0.875), (6, 0.6855), (8, 0.5244)]
C phase_competitive 77 600 [(4, 0.9053), (6, 0.7598), (8, 0.4922)]
C phase_competitive 77 900 [(4, 0.915), (6, 0.7588), (8, 0.5811)]
