E-b1 priority_scan 33 900 [(4, 0.4043), (6, 0.0283), (8, 0.002)]
E-b1 priority_scan 33 1800 [(4, 0.7979), (6, 0.0352), (8, 0.0)]
E-b1 priority_scan 33 3600 [(4, 0.8916), (6, 0.0459), (8, 0.001)]
E-b1 priority_scan 33 7200 [(4, 0.9307), (6, 0.0664), (8, 0.0)]
E-b1 priority_scan 33 14400 [(4, 0.9434), (6, 0.0029), (8, 0.0)]
E-b1 position_scan 22 900 [(4, 0.4531), (6, 0.0), (8, 0.0)]
E-b1 position_scan 22 1800 [(4, 0.7705), (6, 0.001), (8, 0.0)]
E-b1 position_scan 22 3600 [(4, 0.9043), (6, 0.0), (8, 0.0)]
E-b1 position_scan 22 7200 [(4, 0.9258), (6, 0.0), (8, 0.0)]
E-b1 position_scan 22 14400 [(4, 0.9541), (6, 0.0), (8, 0.0)]
E-b1 phase_scan 11 900 [(4, 0.0), (6, 0.0), (8, 0.0)]
E-b1 phase_scan 11 1800 [(4, 0.0), (6, 0.0), (8, 0.0)]
E-b1 phase_scan 11 3600 [(4, 0.0), (6, 0.0), (8, 0.0)]
E-b1 phase_scan 11 7200 [(4, 0.0), (6, 0.0), (8, 0.0)]
E-b1 phase_scan 11 14400 [(4, 0.6055), (6, 0.0273), (8, 0.002)]
E-b1 phase_scan 88 900 [(4, 0.0), (6, 0.0), (8, 0.0)]
E-b1 phase_scan 88 1800 [(4, 0.0), (6, 0.0), (8, 0.0)]
E-b1 phase_scan 88 3600 [(4, 0.0), (6, 0.0), (8, 0.0)]
E-b1 phase_scan 88 7200 [(4, 0.0), (6, 0.0), (8, 0.0)]
E-b1 phase_scan 88 14400 [(4, 0.54), (6, 0.0059), (8, 0.001)]
E-D priority_scan 77 900 [(4, 0.1699), (6, 0.0244), (8, 0.0029)]
E-D priority_scan 77 1800 [(4, 0.1982), (6, 0.0166), (8, 0.0039)]
E-D priority_scan 77 3600 [(4, 0.3711), (6, 0.0684), (8, 0.0078)]
E-D priority_scan 77 7200 [(4, 0.6982), (6, 0.1904), (8, 0.0127)]
E-D priority_scan 77 14400 [(4, 0.7344), (6, 0.2686), (8, 0.0488)]
E-D position_scan 66 900 [(4, 0.8018), (6, 0.5273), (8, 0.1748)]
E-D position_scan 66 1800 [(4, 0.8613), (6, 0.6357), (8, 0.3262)]
E-D position_scan 66 3600 [(4, 0.9609), (6, 0.8486), (8, 0.6182)]
E-D position_scan 66 7200 [(4, 0.9697), (6, 0.9209), (8, 0.8301)]
E-D position_scan 66 14400 [(4, 0.9766), (6, 0.9102), (8, 0.7158)]
E-D phase_scan 55 900 [(4, 0.0), (6, 0.0), (8, 0.0)]
E-D phase_scan 55 1800 [(4, 0.7852), (6, 0.3916), (8, 0.0117)]
E-D phase_scan 55 3600 [(4, 0.8975), (6, 0.6787), (8, 0.2354)]
E-D phase_scan 55 7200 [(4, 0.9336), (6, 0.7637), (8, 0.1582)]
E-D phase_scan 55 14400 [(4, 0.9561), (6, 0.8721), (8, 0.0205)]
M6-b2 priority_scan 44 900 [(4, 0.4287), (6, 0.1016), (8, 0.0137)]
M6-b2 priority_scan 44 1800 [(4, 0.7549), (6, 0.416), (8, 0.0713)]
M6-b2 priority_scan 44 3600 [(4, 0.8252), (6, 0.4814), (8, 0.0264)]
M6-b2 priority_scan 44 7200 [(4, 0.8877), (6, 0.5938), (8, 0.0879)]
M6-b2 priority_scan 44 14400 [(4, 0.9443), (6, 0.8379), (8, 0.5273)]
M6-b2 priority_scan 44 28800 [(4, 0.958), (6, 0.8809), (8, 0.3359)]
M6-b2 priority_scan 44 36000 [(4, 0.9561), (6, 0.7881), (8, 0.0068)]
M6-b2 position_scan 33 900 [(4, 0.6611), (6, 0.1914), (8, 0.0088)]
M6-b2 position_scan 33 1800 [(4, 0.6787), (6, 0.1191), (8, 0.001)]
M6-b2 position_scan 33 3600 [(4, 0.8076), (6, 0.4502), (8, 0.0078)]
M6-b2 position_scan 33 7200 [(4, 0.8477), (6, 0.6924), (8, 0.0)]
M6-b2 position_scan 33 14400 [(4, 0.9023), (6, 0.8057), (8, 0.0)]
M6-b2 position_scan 33 28800 [(4, 0.9541), (6, 0.9131), (8, 0.001)]
M6-b2 position_scan 33 36000 [(4, 0.9531), (6, 0.8955), (8, 0.0)]
M6-b2 phase_scan 22 900 [(4, 0.7412), (6, 0.375), (8, 0.0312)]
M6-b2 phase_scan 22 1800 [(4, 0.8184), (6, 0.5781), (8, 0.1094)]
M6-b2 phase_scan 22 3600 [(4, 0.8398), (6, 0.7236), (8, 0.0293)]
M6-b2 phase_scan 22 7200 [(4, 0.8828), (6, 0.8027), (8, 0.0518)]
M6-b2 phase_scan 22 14400 [(4, 0.9023), (6, 0.8506), (8, 0.002)]
M6-b2 phase_scan 22 28800 [(4, 0.9619), (6, 0.9424), (8, 0.0166)]
M6-b2 phase_scan 22 36000 [(4, 0.8418), (6, 0.8564), (8, 0.0)]
M6-b1 priority_scan 11 900 [(4, 0.5293), (6, 0.1084), (8, 0.0107)]
M6-b1 priority_scan 11 1800 [(4, 0.7139), (6, 0.041), (8, 0.0)]
M6-b1 priority_scan 11 3600 [(4, 0.8037), (6, 0.0371), (8, 0.0)]
M6-b1 priority_scan 11 7200 [(4, 0.8525), (6, 0.0283), (8, 0.0)]
M6-b1 priority_scan 11 14400 [(4, 0.8574), (6, 0.0), (8, 0.0)]
M6-b1 priority_scan 11 28800 [(4, 0.9189), (6, 0.0049), (8, 0.0)]
M6-b1 priority_scan 11 36000 [(4, 0.9424), (6, 0.0234), (8, 0.0)]
M6-b1 priority_scan 88 900 [(4, 0.3818), (6, 0.0205), (8, 0.001)]
M6-b1 priority_scan 88 1800 [(4, 0.7021), (6, 0.0469), (8, 0.0)]
M6-b1 priority_scan 88 3600 [(4, 0.7354), (6, 0.0332), (8, 0.0)]
M6-b1 priority_scan 88 7200 [(4, 0.8418), (6, 0.0059), (8, 0.0)]
M6-b1 priority_scan 88 14400 [(4, 0.9082), (6, 0.0137), (8, 0.0)]
M6-b1 priority_scan 88 28800 [(4, 0.9395), (6, 0.0), (8, 0.0)]
M6-b1 priority_scan 88 36000 [(4, 0.9238), (6, 0.001), (8, 0.0)]
M6-b1 position_scan 77 900 [(4, 0.4014), (6, 0.0068), (8, 0.0)]
M6-b1 position_scan 77 1800 [(4, 0.1104), (6, 0.0), (8, 0.0)]
M6-b1 position_scan 77 3600 [(4, 0.0684), (6, 0.0), (8, 0.0)]
M6-b1 position_scan 77 7200 [(4, 0.418), (6, 0.0), (8, 0.0)]
M6-b1 position_scan 77 14400 [(4, 0.0166), (6, 0.0), (8, 0.0)]
M6-b1 position_scan 77 28800 [(4, 0.0293), (6, 0.0), (8, 0.0)]
M6-b1 position_scan 77 36000 [(4, 0.0166), (6, 0.0), (8, 0.0)]
M6-b1 phase_scan 66 900 [(4, 0.6953), (6, 0.2881), (8, 0.0322)]
M6-b1 phase_scan 66 1800 [(4, 0.8047), (6, 0.4971), (8, 0.0693)]
M6-b1 phase_scan 66 3600 [(4, 0.8672), (6, 0.7168), (8, 0.0811)]
M6-b1 phase_scan 66 7200 [(4, 0.8633), (6, 0.8213), (8, 0.0635)]
M6-b1 phase_scan 66 14400 [(4, 0.9043), (6, 0.834), (8, 0.0039)]
M6-b1 phase_scan 66 28800 [(4, 0.9238), (6, 0.9014), (8, 0.0)]
M6-b1 phase_scan 66 36000 [(4, 0.9619), (6, 0.9482), (8, 0.001)]
W30-b1 priority_scan 55 900 [(4, 0.1279), (6, 0.0078), (8, 0.0)]
W30-b1 priority_scan 55 1800 [(4, 0.293), (6, 0.001), (8, 0.0)]
W30-b1 priority_scan 55 3600 [(4, 0.584), (6, 0.0), (8, 0.0)]
W30-b1 priority_scan 55 7200 [(4, 0.2178), (6, 0.001), (8, 0.0)]
W30-b1 priority_scan 55 14400 [(4, 0.7822), (6, 0.0), (8, 0.0)]
W30-b1 priority_scan 55 28800 [(4, 0.874), (6, 0.0029), (8, 0.0)]
W30-b1 priority_scan 55 36000 [(4, 0.9092), (6, 0.0), (8, 0.0)]
W30-b1 position_scan 44 900 [(4, 0.0527), (6, 0.0), (8, 0.0)]
W30-b1 position_scan 44 1800 [(4, 0.0029), (6, 0.0), (8, 0.0)]
W30-b1 position_scan 44 3600 [(4, 0.0049), (6, 0.0), (8, 0.0)]
W30-b1 position_scan 44 7200 [(4, 0.4111), (6, 0.0), (8, 0.0)]
W30-b1 position_scan 44 14400 [(4, 0.8359), (6, 0.0), (8, 0.0)]
W30-b1 position_scan 44 28800 [(4, 0.8818), (6, 0.0), (8, 0.0)]
W30-b1 position_scan 44 36000 [(4, 0.8584), (6, 0.0), (8, 0.0)]
W30-b1 phase_scan 33 900 [(4, 0.542), (6, 0.0127), (8, 0.0)]
W30-b1 phase_scan 33 1800 [(4, 0.6221), (6, 0.0068), (8, 0.0)]
W30-b1 phase_scan 33 3600 [(4, 0.8066), (6, 0.0947), (8, 0.0029)]
W30-b1 phase_scan 33 7200 [(4, 0.8701), (6, 0.0088), (8, 0.0)]
W30-b1 phase_scan 33 14400 [(4, 0.918), (6, 0.0068), (8, 0.0)]
W30-b1 phase_scan 33 28800 [(4, 0.9482), (6, 0.2002), (8, 0.0)]
W30-b1 phase_scan 33 36000 [(4, 0.9277), (6, 0.1973), (8, 0.0)]
W75-b1 priority_scan 22 900 [(4, 0.5342), (6, 0.1924), (8, 0.0527)]
W75-b1 priority_scan 22 1800 [(4, 0.8555), (6, 0.5352), (8, 0.0752)]
W75-b1 priority_scan 22 3600 [(4, 0.9248), (6, 0.707), (8, 0.168)]
W75-b1 priority_scan 22 7200 [(4, 0.9482), (6, 0.7295), (8, 0.1504)]
W75-b1 priority_scan 22 14400 [(4, 0.9658), (6, 0.7314), (8, 0.0381)]
W75-b1 priority_scan 22 28800 [(4, 0.9844), (6, 0.8564), (8, 0.0059)]
W75-b1 priority_scan 22 36000 [(4, 0.9893), (6, 0.8721), (8, 0.002)]
W75-b1 position_scan 11 900 [(4, 0.8389), (6, 0.4033), (8, 0.0195)]
W75-b1 position_scan 11 1800 [(4, 0.8809), (6, 0.1572), (8, 0.0)]
W75-b1 position_scan 11 3600 [(4, 0.9443), (6, 0.6494), (8, 0.0303)]
W75-b1 position_scan 11 7200 [(4, 0.9561), (6, 0.707), (8, 0.002)]
W75-b1 position_scan 11 14400 [(4, 0.9678), (6, 0.7988), (8, 0.002)]
W75-b1 position_scan 11 28800 [(4, 0.9883), (6, 0.9102), (8, 0.0078)]
W75-b1 position_scan 11 36000 [(4, 0.9922), (6, 0.9229), (8, 0.0)]
W75-b1 position_scan 88 900 [(4, 0.8154), (6, 0.1533), (8, 0.0)]
W75-b1 position_scan 88 1800 [(4, 0.8857), (6, 0.2754), (8, 0.001)]
W75-b1 position_scan 88 3600 [(4, 0.9307), (6, 0.416), (8, 0.0)]
W75-b1 position_scan 88 7200 [(4, 0.9648), (6, 0.7861), (8, 0.0254)]
W75-b1 position_scan 88 14400 [(4, 0.9736), (6, 0.6826), (8, 0.001)]
W75-b1 position_scan 88 28800 [(4, 0.9795), (6, 0.8301), (8, 0.0)]
W75-b1 position_scan 88 36000 [(4, 0.9854), (6, 0.9072), (8, 0.0)]
W75-b1 phase_scan 77 900 [(4, 0.916), (6, 0.6465), (8, 0.1602)]
W75-b1 phase_scan 77 1800 [(4, 0.9268), (6, 0.7393), (8, 0.3408)]
W75-b1 phase_scan 77 3600 [(4, 0.9648), (6, 0.8721), (8, 0.6309)]
W75-b1 phase_scan 77 7200 [(4, 0.9775), (6, 0.9189), (8, 0.5674)]
W75-b1 phase_scan 77 14400 [(4, 0.9775), (6, 0.9043), (8, 0.1621)]
W75-b1 phase_scan 77 28800 [(4, 0.9883), (6, 0.9404), (8, 0.3936)]
W75-b1 phase_scan 77 36000 [(4, 0.9844), (6, 0.9512), (8, 0.6875)]
