E-b1 priority_scan 55 900 [(4, 0.6699), (6, 0.0029), (8, 0.0)]
E-b1 priority_scan 55 1800 [(4, 0.8574), (6, 0.0479), (8, 0.0)]
E-b1 priority_scan 55 3600 [(4, 0.9062), (6, 0.0107), (8, 0.0)]
E-b1 priority_scan 55 7200 [(4, 0.9434), (6, 0.0098), (8, 0.0)]
E-b1 priority_scan 55 14400 [(4, 0.958), (6, 0.0), (8, 0.0)]
E-b1 position_scan 44 900 [(4, 0.7705), (6, 0.001), (8, 0.0)]
E-b1 position_scan 44 1800 [(4, 0.7998), (6, 0.0), (8, 0.0)]
E-b1 position_scan 44 3600 [(4, 0.8994), (6, 0.0), (8, 0.0)]
E-b1 position_scan 44 7200 [(4, 0.8604), (6, 0.002), (8, 0.0)]
E-b1 position_scan 44 14400 [(4, 0.9639), (6, 0.0), (8, 0.0)]
E-b1 phase_scan 33 900 [(4, 0.0), (6, 0.0), (8, 0.0)]
E-b1 phase_scan 33 1800 [(4, 0.0), (6, 0.0), (8, 0.0)]
E-b1 phase_scan 33 3600 [(4, 0.2598), (6, 0.0215), (8, 0.0)]
E-b1 phase_scan 33 7200 [(4, 0.917), (6, 0.4912), (8, 0.0107)]
E-b1 phase_scan 33 14400 [(4, 0.9424), (6, 0.6348), (8, 0.0)]
E-D priority_scan 22 900 [(4, 0.1875), (6, 0.0244), (8, 0.0029)]
E-D priority_scan 22 1800 [(4, 0.1934), (6, 0.0195), (8, 0.001)]
E-D priority_scan 22 3600 [(4, 0.6104), (6, 0.1426), (8, 0.0166)]
E-D priority_scan 22 7200 [(4, 0.8281), (6, 0.4082), (8, 0.0918)]
E-D priority_scan 22 14400 [(4, 0.9316), (6, 0.7363), (8, 0.3584)]
E-D position_scan 11 900 [(4, 0.8076), (6, 0.5127), (8, 0.2324)]
E-D position_scan 11 1800 [(4, 0.9004), (6, 0.749), (8, 0.4668)]
E-D position_scan 11 3600 [(4, 0.9463), (6, 0.8516), (8, 0.627)]
E-D position_scan 11 7200 [(4, 0.9658), (6, 0.9014), (8, 0.8174)]
E-D position_scan 11 14400 [(4, 0.9717), (6, 0.917), (8, 0.8564)]
E-D position_scan 88 900 [(4, 0.8555), (6, 0.5469), (8, 0.1748)]
E-D position_scan 88 1800 [(4, 0.7393), (6, 0.0977), (8, 0.001)]
E-D position_scan 88 3600 [(4, 0.9365), (6, 0.8252), (8, 0.6875)]
E-D position_scan 88 7200 [(4, 0.9717), (6, 0.8975), (8, 0.8193)]
E-D position_scan 88 14400 [(4, 0.9756), (6, 0.9248), (8, 0.8584)]
E-D phase_scan 77 900 [(4, 0.7217), (6, 0.2627), (8, 0.04)]
E-D phase_scan 77 1800 [(4, 0.876), (6, 0.6367), (8, 0.3008)]
E-D phase_scan 77 3600 [(4, 0.9297), (6, 0.7617), (8, 0.4287)]
E-D phase_scan 77 7200 [(4, 0.9316), (6, 0.8525), (8, 0.2236)]
E-D phase_scan 77 14400 [(4, 0.9766), (6, 0.9014), (8, 0.1982)]
M6-b2 priority_scan 66 900 [(4, 0.1855), (6, 0.0234), (8, 0.0059)]
M6-b2 priority_scan 66 1800 [(4, 0.7803), (6, 0.3389), (8, 0.0684)]
M6-b2 priority_scan 66 3600 [(4, 0.8428), (6, 0.168), (8, 0.0059)]
M6-b2 priority_scan 66 7200 [(4, 0.8945), (6, 0.4707), (8, 0.0029)]
M6-b2 priority_scan 66 14400 [(4, 0.9385), (6, 0.7949), (8, 0.2334)]
M6-b2 priority_scan 66 28800 [(4, 0.9688), (6, 0.8418), (8, 0.0322)]
M6-b2 priority_scan 66 36000 [(4, 0.9639), (6, 0.8369), (8, 0.0342)]
M6-b2 position_scan 55 900 [(4, 0.7188), (6, 0.2607), (8, 0.0225)]
M6-b2 position_scan 55 1800 [(4, 0.7461), (6, 0.1436), (8, 0.0)]
M6-b2 position_scan 55 3600 [(4, 0.7002), (6, 0.0391), (8, 0.0)]
M6-b2 position_scan 55 7200 [(4, 0.8164), (6, 0.3926), (8, 0.0)]
M6-b2 position_scan 55 14400 [(4, 0.877), (6, 0.7295), (8, 0.001)]
M6-b2 position_scan 55 28800 [(4, 0.9355), (6, 0.6299), (8, 0.0)]
M6-b2 position_scan 55 36000 [(4, 0.9521), (6, 0.9121), (8, 0.0)]
M6-b2 phase_scan 44 900 [(4, 0.6338), (6, 0.1826), (8, 0.0029)]
M6-b2 phase_scan 44 1800 [(4, 0.7637), (6, 0.4434), (8, 0.0498)]
M6-b2 phase_scan 44 3600 [(4, 0.8242), (6, 0.6904), (8, 0.0205)]
M6-b2 phase_scan 44 7200 [(4, 0.8643), (6, 0.7373), (8, 0.002)]
M6-b2 phase_scan 44 14400 [(4, 0.9434), (6, 0.877), (8, 0.0693)]
M6-b2 phase_scan 44 28800 [(4, 0.9639), (6, 0.9355), (8, 0.0293)]
M6-b2 phase_scan 44 36000 [(4, 0.96), (6, 0.9287), (8, 0.002)]
M6-b1 priority_scan 33 900 [(4, 0.1982), (6, 0.0059), (8, 0.0)]
M6-b1 priority_scan 33 1800 [(4, 0.7275), (6, 0.0957), (8, 0.002)]
M6-b1 priority_scan 33 3600 [(4, 0.6475), (6, 0.0078), (8, 0.0)]
M6-b1 priority_scan 33 7200 [(4, 0.8838), (6, 0.1855), (8, 0.002)]
M6-b1 priority_scan 33 14400 [(4, 0.9268), (6, 0.0352), (8, 0.0)]
M6-b1 priority_scan 33 28800 [(4, 0.9473), (6, 0.0029), (8, 0.0)]
M6-b1 priority_scan 33 36000 [(4, 0.9443), (6, 0.002), (8, 0.0)]
M6-b1 position_scan 22 900 [(4, 0.2373), (6, 0.002), (8, 0.0)]
M6-b1 position_scan 22 1800 [(4, 0.1533), (6, 0.0), (8, 0.0)]
M6-b1 position_scan 22 3600 [(4, 0.1191), (6, 0.0), (8, 0.0)]
M6-b1 position_scan 22 7200 [(4, 0.3262), (6, 0.0), (8, 0.0)]
M6-b1 position_scan 22 14400 [(4, 0.002), (6, 0.0), (8, 0.0)]
M6-b1 position_scan 22 28800 [(4, 0.0107), (6, 0.0), (8, 0.0)]
M6-b1 position_scan 22 36000 [(4, 0.0), (6, 0.0), (8, 0.0)]
M6-b1 phase_scan 11 900 [(4, 0.6963), (6, 0.2412), (8, 0.0107)]
M6-b1 phase_scan 11 1800 [(4, 0.8311), (6, 0.6504), (8, 0.2354)]
M6-b1 phase_scan 11 3600 [(4, 0.667), (6, 0.3467), (8, 0.0)]
M6-b1 phase_scan 11 7200 [(4, 0.8555), (6, 0.7695), (8, 0.0049)]
M6-b1 phase_scan 11 14400 [(4, 0.8867), (6, 0.835), (8, 0.0)]
M6-b1 phase_scan 11 28800 [(4, 0.9297), (6, 0.9199), (8, 0.0098)]
M6-b1 phase_scan 11 36000 [(4, 0.9697), (6, 0.9492), (8, 0.0322)]
M6-b1 phase_scan 88 900 [(4, 0.7324), (6, 0.3174), (8, 0.0312)]
M6-b1 phase_scan 88 1800 [(4, 0.7402), (6, 0.3271), (8, 0.001)]
M6-b1 phase_scan 88 3600 [(4, 0.8613), (6, 0.7529), (8, 0.0264)]
M6-b1 phase_scan 88 7200 [(4, 0.8525), (6, 0.7441), (8, 0.0)]
M6-b1 phase_scan 88 14400 [(4, 0.8691), (6, 0.8281), (8, 0.0049)]
M6-b1 phase_scan 88 28800 [(4, 0.9463), (6, 0.9111), (8, 0.0049)]
M6-b1 phase_scan 88 36000 [(4, 0.957), (6, 0.9229), (8, 0.002)]
W30-b1 priority_scan 77 900 [(4, 0.1621), (6, 0.0146), (8, 0.001)]
W30-b1 priority_scan 77 1800 [(4, 0.3145), (6, 0.0029), (8, 0.0)]
W30-b1 priority_scan 77 3600 [(4, 0.1406), (6, 0.0), (8, 0.0)]
W30-b1 priority_scan 77 7200 [(4, 0.2422), (6, 0.0), (8, 0.0)]
W30-b1 priority_scan 77 14400 [(4, 0.793), (6, 0.001), (8, 0.0)]
W30-b1 priority_scan 77 28800 [(4, 0.8369), (6, 0.0), (8, 0.0)]
W30-b1 priority_scan 77 36000 [(4, 0.9277), (6, 0.0), (8, 0.0)]
W30-b1 position_scan 66 900 [(4, 0.0889), (6, 0.0), (8, 0.0)]
W30-b1 position_scan 66 1800 [(4, 0.0771), (6, 0.0), (8, 0.0)]
W30-b1 position_scan 66 3600 [(4, 0.2207), (6, 0.0), (8, 0.0)]
W30-b1 position_scan 66 7200 [(4, 0.0576), (6, 0.0), (8, 0.0)]
W30-b1 position_scan 66 14400 [(4, 0.7188), (6, 0.0), (8, 0.0)]
W30-b1 position_scan 66 28800 [(4, 0.8906), (6, 0.0), (8, 0.0)]
W30-b1 position_scan 66 36000 [(4, 0.8252), (6, 0.0), (8, 0.0)]
W30-b1 phase_scan 55 900 [(4, 0.6064), (6, 0.0361), (8, 0.001)]
W30-b1 phase_scan 55 1800 [(4, 0.7402), (6, 0.0869), (8, 0.001)]
W30-b1 phase_scan 55 3600 [(4, 0.7295), (6, 0.0205), (8, 0.0)]
W30-b1 phase_scan 55 7200 [(4, 0.834), (6, 0.001), (8, 0.0)]
W30-b1 phase_scan 55 14400 [(4, 0.9424), (6, 0.0498), (8, 0.0)]
W30-b1 phase_scan 55 28800 [(4, 0.958), (6, 0.0), (8, 0.0)]
W30-b1 phase_scan 55 36000 [(4, 0.9668), (6, 0.4453), (8, 0.0)]
W75-b1 priority_scan 44 900 [(4, 0.7148), (6, 0.3223), (8, 0.0889)]
W75-b1 priority_scan 44 1800 [(4, 0.8525), (6, 0.4062), (8, 0.0059)]
W75-b1 priority_scan 44 3600 [(4, 0.915), (6, 0.6172), (8, 0.0195)]
W75-b1 priority_scan 44 7200 [(4, 0.9268), (6, 0.667), (8, 0.0127)]
W75-b1 priority_scan 44 14400 [(4, 0.9609), (6, 0.6924), (8, 0.0293)]
W75-b1 priority_scan 44 28800 [(4, 0.9873), (6, 0.8838), (8, 0.0723)]
W75-b1 priority_scan 44 36000 [(4, 0.9824), (6, 0.8623), (8, 0.0029)]
W75-b1 position_scan 33 900 [(4, 0.874), (6, 0.5342), (8, 0.1016)]
W75-b1 position_scan 33 1800 [(4, 0.9053), (6, 0.3223), (8, 0.001)]
W75-b1 position_scan 33 3600 [(4, 0.9434), (6, 0.5771), (8, 0.0381)]
W75-b1 position_scan 33 7200 [(4, 0.9697), (6, 0.7744), (8, 0.0127)]
W75-b1 position_scan 33 14400 [(4, 0.9717), (6, 0.7881), (8, 0.0)]
W75-b1 position_scan 33 28800 [(4, 0.9775), (6, 0.8701), (8, 0.0)]
W75-b1 position_scan 33 36000 [(4, 0.9873), (6, 0.9043), (8, 0.0)]
W75-b1 phase_scan 22 900 [(4, 0.8711), (6, 0.6064), (8, 0.209)]
W75-b1 phase_scan 22 1800 [(4, 0.8818), (6, 0.5938), (8, 0.0791)]
W75-b1 phase_scan 22 3600 [(4, 0.958), (6, 0.8604), (8, 0.5742)]
W75-b1 phase_scan 22 7200 [(4, 0.9609), (6, 0.8848), (8, 0.6045)]
W75-b1 phase_scan 22 14400 [(4, 0.9785), (6, 0.9307), (8, 0.4287)]
W75-b1 phase_scan 22 28800 [(4, 0.9883), (6, 0.958), (8, 0.6045)]
W75-b1 phase_scan 22 36000 [(4, 0.9902), (6, 0.9639), (8, 0.6211)]
