E-b1 priority_scan 44 900 [(4, 0.7451), (6, 0.1904), (8, 0.0088)]
E-b1 priority_scan 44 1800 [(4, 0.832), (6, 0.0332), (8, 0.0)]
E-b1 priority_scan 44 3600 [(4, 0.9258), (6, 0.0732), (8, 0.0)]
E-b1 priority_scan 44 7200 [(4, 0.9424), (6, 0.0156), (8, 0.0)]
E-b1 priority_scan 44 14400 [(4, 0.9648), (6, 0.0), (8, 0.0)]
E-b1 position_scan 33 900 [(4, 0.6094), (6, 0.001), (8, 0.0)]
E-b1 position_scan 33 1800 [(4, 0.877), (6, 0.0039), (8, 0.0)]
E-b1 position_scan 33 3600 [(4, 0.9121), (6, 0.0), (8, 0.0)]
E-b1 position_scan 33 7200 [(4, 0.9287), (6, 0.001), (8, 0.0)]
E-b1 position_scan 33 14400 [(4, 0.8711), (6, 0.0), (8, 0.0)]
E-b1 phase_scan 22 900 [(4, 0.0), (6, 0.0), (8, 0.0)]
E-b1 phase_scan 22 1800 [(4, 0.0), (6, 0.0), (8, 0.0)]
E-b1 phase_scan 22 3600 [(4, 0.0), (6, 0.0), (8, 0.0)]
E-b1 phase_scan 22 7200 [(4, 0.0), (6, 0.0), (8, 0.0)]
E-b1 phase_scan 22 14400 [(4, 0.8408), (6, 0.2734), (8, 0.0)]
E-D priority_scan 11 900 [(4, 0.1748), (6, 0.0186), (8, 0.0039)]
E-D priority_scan 11 1800 [(4, 0.1924), (6, 0.0205), (8, 0.0059)]
E-D priority_scan 11 3600 [(4, 0.1914), (6, 0.0244), (8, 0.0)]
E-D priority_scan 11 7200 [(4, 0.8359), (6, 0.3428), (8, 0.0527)]
E-D priority_scan 11 14400 [(4, 0.9307), (6, 0.7354), (8, 0.457)]
E-D priority_scan 88 900 [(4, 0.2012), (6, 0.0264), (8, 0.0)]
E-D priority_scan 88 1800 [(4, 0.1846), (6, 0.0322), (8, 0.0039)]
E-D priority_scan 88 3600 [(4, 0.46), (6, 0.0928), (8, 0.0078)]
E-D priority_scan 88 7200 [(4, 0.5049), (6, 0.0723), (8, 0.0049)]
E-D priority_scan 88 14400 [(4, 0.6758), (6, 0.0898), (8, 0.0059)]
E-D position_scan 77 900 [(4, 0.8496), (6, 0.5879), (8, 0.3516)]
E-D position_scan 77 1800 [(4, 0.8936), (6, 0.7236), (8, 0.416)]
E-D position_scan 77 3600 [(4, 0.9521), (6, 0.8496), (8, 0.6611)]
E-D position_scan 77 7200 [(4, 0.9502), (6, 0.876), (8, 0.752)]
E-D position_scan 77 14400 [(4, 0.9795), (6, 0.9395), (8, 0.8789)]
E-D phase_scan 66 900 [(4, 0.833), (6, 0.6016), (8, 0.3379)]
E-D phase_scan 66 1800 [(4, 0.918), (6, 0.7676), (8, 0.5957)]
E-D phase_scan 66 3600 [(4, 0.9658), (6, 0.8955), (8, 0.6172)]
E-D phase_scan 66 7200 [(4, 0.9736), (6, 0.9219), (8, 0.7949)]
E-D phase_scan 66 14400 [(4, 0.9756), (6, 0.9521), (8, 0.8545)]
M6-b2 priority_scan 55 900 [(4, 0.1475), (6, 0.0186), (8, 0.0)]
M6-b2 priority_scan 55 1800 [(4, 0.7861), (6, 0.4473), (8, 0.1045)]
M6-b2 priority_scan 55 3600 [(4, 0.8203), (6, 0.4922), (8, 0.0225)]
M6-b2 priority_scan 55 7200 [(4, 0.8652), (6, 0.5566), (8, 0.0186)]
M6-b2 priority_scan 55 14400 [(4, 0.9248), (6, 0.7578), (8, 0.1113)]
M6-b2 priority_scan 55 28800 [(4, 0.9521), (6, 0.7969), (8, 0.0537)]
M6-b2 priority_scan 55 36000 [(4, 0.9629), (6, 0.8867), (8, 0.0723)]
M6-b2 position_scan 44 900 [(4, 0.6514), (6, 0.2227), (8, 0.0391)]
M6-b2 position_scan 44 1800 [(4, 0.7793), (6, 0.3486), (8, 0.0146)]
M6-b2 position_scan 44 3600 [(4, 0.7803), (6, 0.4141), (8, 0.0137)]
M6-b2 position_scan 44 7200 [(4, 0.8887), (6, 0.8145), (8, 0.0332)]
M6-b2 position_scan 44 14400 [(4, 0.9375), (6, 0.8799), (8, 0.0303)]
M6-b2 position_scan 44 28800 [(4, 0.9453), (6, 0.8955), (8, 0.0)]
M6-b2 position_scan 44 36000 [(4, 0.9678), (6, 0.9248), (8, 0.0078)]
M6-b2 phase_scan 33 900 [(4, 0.6504), (6, 0.1836), (8, 0.0059)]
M6-b2 phase_scan 33 1800 [(4, 0.8545), (6, 0.6973), (8, 0.2646)]
M6-b2 phase_scan 33 3600 [(4, 0.8174), (6, 0.6562), (8, 0.001)]
M6-b2 phase_scan 33 7200 [(4, 0.8848), (6, 0.8096), (8, 0.0078)]
M6-b2 phase_scan 33 14400 [(4, 0.915), (6, 0.874), (8, 0.0059)]
M6-b2 phase_scan 33 28800 [(4, 0.9463), (6, 0.9199), (8, 0.0)]
M6-b2 phase_scan 33 36000 [(4, 0.9443), (6, 0.9248), (8, 0.0029)]
M6-b1 priority_scan 22 900 [(4, 0.2646), (6, 0.0264), (8, 0.001)]
M6-b1 priority_scan 22 1800 [(4, 0.6934), (6, 0.0615), (8, 0.0)]
M6-b1 priority_scan 22 3600 [(4, 0.8066), (6, 0.041), (8, 0.0)]
M6-b1 priority_scan 22 7200 [(4, 0.8545), (6, 0.0205), (8, 0.0)]
M6-b1 priority_scan 22 14400 [(4, 0.9004), (6, 0.0361), (8, 0.0)]
M6-b1 priority_scan 22 28800 [(4, 0.9443), (6, 0.0078), (8, 0.0)]
M6-b1 priority_scan 22 36000 [(4, 0.9502), (6, 0.002), (8, 0.0)]
M6-b1 position_scan 11 900 [(4, 0.2939), (6, 0.002), (8, 0.0)]
M6-b1 position_scan 11 1800 [(4, 0.1348), (6, 0.0059), (8, 0.0)]
M6-b1 position_scan 11 3600 [(4, 0.1367), (6, 0.001), (8, 0.0)]
M6-b1 position_scan 11 7200 [(4, 0.8135), (6, 0.0391), (8, 0.0)]
M6-b1 position_scan 11 14400 [(4, 0.0361), (6, 0.0), (8, 0.0)]
M6-b1 position_scan 11 28800 [(4, 0.001), (6, 0.0), (8, 0.0)]
M6-b1 position_scan 11 36000 [(4, 0.0977), (6, 0.0), (8, 0.0)]
M6-b1 position_scan 88 900 [(4, 0.3574), (6, 0.0029), (8, 0.0)]
M6-b1 position_scan 88 1800 [(4, 0.0771), (6, 0.0), (8, 0.0)]
M6-b1 position_scan 88 3600 [(4, 0.1279), (6, 0.0), (8, 0.0)]
M6-b1 position_scan 88 7200 [(4, 0.5635), (6, 0.0), (8, 0.0)]
M6-b1 position_scan 88 14400 [(4, 0.0078), (6, 0.0), (8, 0.0)]
M6-b1 position_scan 88 28800 [(4, 0.0029), (6, 0.0), (8, 0.0)]
M6-b1 position_scan 88 36000 [(4, 0.0), (6, 0.0), (8, 0.0)]
M6-b1 phase_scan 77 900 [(4, 0.7559), (6, 0.3975), (8, 0.04)]
M6-b1 phase_scan 77 1800 [(4, 0.8135), (6, 0.5664), (8, 0.0986)]
M6-b1 phase_scan 77 3600 [(4, 0.8145), (6, 0.624), (8, 0.0098)]
M6-b1 phase_scan 77 7200 [(4, 0.8389), (6, 0.748), (8, 0.0)]
M6-b1 phase_scan 77 14400 [(4, 0.8945), (6, 0.8203), (8, 0.0)]
M6-b1 phase_scan 77 28800 [(4, 0.9336), (6, 0.8926), (8, 0.0)]
M6-b1 phase_scan 77 36000 [(4, 0.9551), (6, 0.9365), (8, 0.0)]
W30-b1 priority_scan 66 900 [(4, 0.0908), (6, 0.0029), (8, 0.0)]
W30-b1 priority_scan 66 1800 [(4, 0.5107), (6, 0.001), (8, 0.0)]
W30-b1 priority_scan 66 3600 [(4, 0.6982), (6, 0.0137), (8, 0.0)]
W30-b1 priority_scan 66 7200 [(4, 0.6514), (6, 0.001), (8, 0.0)]
W30-b1 priority_scan 66 14400 [(4, 0.7354), (6, 0.0), (8, 0.0)]
W30-b1 priority_scan 66 28800 [(4, 0.7812), (6, 0.0), (8, 0.0)]
W30-b1 priority_scan 66 36000 [(4, 0.793), (6, 0.0), (8, 0.0)]
W30-b1 position_scan 55 900 [(4, 0.1338), (6, 0.0), (8, 0.0)]
W30-b1 position_scan 55 1800 [(4, 0.5332), (6, 0.0068), (8, 0.0)]
W30-b1 position_scan 55 3600 [(4, 0.207), (6, 0.001), (8, 0.0)]
W30-b1 position_scan 55 7200 [(4, 0.1094), (6, 0.0), (8, 0.0)]
W30-b1 position_scan 55 14400 [(4, 0.7969), (6, 0.0), (8, 0.0)]
W30-b1 position_scan 55 28800 [(4, 0.1611), (6, 0.0), (8, 0.0)]
W30-b1 position_scan 55 36000 [(4, 0.793), (6, 0.0), (8, 0.0)]
W30-b1 phase_scan 44 900 [(4, 0.4229), (6, 0.0059), (8, 0.0)]
W30-b1 phase_scan 44 1800 [(4, 0.6416), (6, 0.0078), (8, 0.0)]
W30-b1 phase_scan 44 3600 [(4, 0.7314), (6, 0.0049), (8, 0.0)]
W30-b1 phase_scan 44 7200 [(4, 0.8213), (6, 0.1328), (8, 0.002)]
W30-b1 phase_scan 44 14400 [(4, 0.918), (6, 0.1875), (8, 0.001)]
W30-b1 phase_scan 44 28800 [(4, 0.9561), (6, 0.001), (8, 0.0)]
W30-b1 phase_scan 44 36000 [(4, 0.9629), (6, 0.0107), (8, 0.0)]
W75-b1 priority_scan 33 900 [(4, 0.4502), (6, 0.1299), (8, 0.0215)]
W75-b1 priority_scan 33 1800 [(4, 0.8223), (6, 0.2588), (8, 0.0029)]
W75-b1 priority_scan 33 3600 [(4, 0.9014), (6, 0.5635), (8, 0.0176)]
W75-b1 priority_scan 33 7200 [(4, 0.9404), (6, 0.5928), (8, 0.0137)]
W75-b1 priority_scan 33 14400 [(4, 0.9639), (6, 0.7129), (8, 0.002)]
W75-b1 priority_scan 33 28800 [(4, 0.9707), (6, 0.834), (8, 0.002)]
W75-b1 priority_scan 33 36000 [(4, 0.9824), (6, 0.9014), (8, 0.1162)]
W75-b1 position_scan 22 900 [(4, 0.8438), (6, 0.293), (8, 0.0078)]
W75-b1 position_scan 22 1800 [(4, 0.8711), (6, 0.3486), (8, 0.001)]
W75-b1 position_scan 22 3600 [(4, 0.9141), (6, 0.2324), (8, 0.0)]
W75-b1 position_scan 22 7200 [(4, 0.959), (6, 0.4102), (8, 0.0)]
W75-b1 position_scan 22 14400 [(4, 0.9658), (6, 0.665), (8, 0.0)]
W75-b1 position_scan 22 28800 [(4, 0.9766), (6, 0.8301), (8, 0.0)]
W75-b1 position_scan 22 36000 [(4, 0.9883), (6, 0.9248), (8, 0.0)]
W75-b1 phase_scan 11 900 [(4, 0.877), (6, 0.6982), (8, 0.417)]
W75-b1 phase_scan 11 1800 [(4, 0.9453), (6, 0.7539), (8, 0.2617)]
W75-b1 phase_scan 11 3600 [(4, 0.9502), (6, 0.8467), (8, 0.4443)]
W75-b1 phase_scan 11 7200 [(4, 0.96), (6, 0.877), (8, 0.5322)]
W75-b1 phase_scan 11 14400 [(4, 0.9785), (6, 0.9219), (8, 0.3701)]
W75-b1 phase_scan 11 28800 [(4, 0.9766), (6, 0.9258), (8, 0.3545)]
W75-b1 phase_scan 11 36000 [(4, 0.9951), (6, 0.96), (8, 0.501)]
W75-b1 phase_scan 88 900 [(4, 0.8682), (6, 0.6025), (8, 0.2275)]
W75-b1 phase_scan 88 1800 [(4, 0.9248), (6, 0.7305), (8, 0.3193)]
W75-b1 phase_scan 88 3600 [(4, 0.9473), (6, 0.8076), (8, 0.4766)]
W75-b1 phase_scan 88 7200 [(4, 0.9629), (6, 0.8887), (8, 0.5752)]
W75-b1 phase_scan 88 14400 [(4, 0.96), (6, 0.8447), (8, 0.0684)]
W75-b1 phase_scan 88 28800 [(4, 0.9824), (6, 0.9531), (8, 0.6719)]
W75-b1 phase_scan 88 36000 [(4, 0.9805), (6, 0.9189), (8, 0.2705)]
