E-b1 priority_scan 11 900 [(4, 0.6553), (6, 0.167), (8, 0.0195)]
E-b1 priority_scan 11 1800 [(4, 0.8408), (6, 0.1182), (8, 0.0)]
E-b1 priority_scan 11 3600 [(4, 0.8896), (6, 0.0039), (8, 0.0)]
E-b1 priority_scan 11 7200 [(4, 0.1963), (6, 0.0215), (8, 0.0)]
E-b1 priority_scan 11 14400 [(4, 0.959), (6, 0.0039), (8, 0.0)]
E-b1 priority_scan 88 900 [(4, 0.6318), (6, 0.0469), (8, 0.0)]
E-b1 priority_scan 88 1800 [(4, 0.8066), (6, 0.0059), (8, 0.0)]
E-b1 priority_scan 88 3600 [(4, 0.8848), (6, 0.2139), (8, 0.0059)]
E-b1 priority_scan 88 7200 [(4, 0.9287), (6, 0.0518), (8, 0.0)]
E-b1 priority_scan 88 14400 [(4, 0.9531), (6, 0.0), (8, 0.0)]
E-b1 position_scan 77 900 [(4, 0.6846), (6, 0.0117), (8, 0.0)]
E-b1 position_scan 77 1800 [(4, 0.7314), (6, 0.0), (8, 0.0)]
E-b1 position_scan 77 3600 [(4, 0.918), (6, 0.0), (8, 0.0)]
E-b1 position_scan 77 7200 [(4, 0.9082), (6, 0.0), (8, 0.0)]
E-b1 position_scan 77 14400 [(4, 0.9658), (6, 0.0), (8, 0.0)]
E-b1 phase_scan 66 900 [(4, 0.8584), (6, 0.4863), (8, 0.0391)]
E-b1 phase_scan 66 1800 [(4, 0.918), (6, 0.5957), (8, 0.0)]
E-b1 phase_scan 66 3600 [(4, 0.9502), (6, 0.7461), (8, 0.1416)]
E-b1 phase_scan 66 7200 [(4, 0.96), (6, 0.7842), (8, 0.0)]
E-b1 phase_scan 66 14400 [(4, 0.9648), (6, 0.8398), (8, 0.0)]
E-D priority_scan 55 900 [(4, 0.2002), (6, 0.0254), (8, 0.0029)]
E-D priority_scan 55 1800 [(4, 0.1924), (6, 0.0234), (8, 0.0068)]
E-D priority_scan 55 3600 [(4, 0.1973), (6, 0.0244), (8, 0.001)]
E-D priority_scan 55 7200 [(4, 0.7207), (6, 0.2246), (8, 0.0332)]
E-D priority_scan 55 14400 [(4, 0.9131), (6, 0.6719), (8, 0.2764)]
E-D position_scan 44 900 [(4, 0.8604), (6, 0.6367), (8, 0.3379)]
E-D position_scan 44 1800 [(4, 0.7773), (6, 0.4717), (8, 0.126)]
E-D position_scan 44 3600 [(4, 0.9521), (6, 0.8545), (8, 0.7344)]
E-D position_scan 44 7200 [(4, 0.9648), (6, 0.9053), (8, 0.8066)]
E-D position_scan 44 14400 [(4, 0.9824), (6, 0.9355), (8, 0.8584)]
E-D phase_scan 33 900 [(4, 0.8623), (6, 0.6318), (8, 0.3604)]
E-D phase_scan 33 1800 [(4, 0.9141), (6, 0.7598), (8, 0.5293)]
E-D phase_scan 33 3600 [(4, 0.9414), (6, 0.8291), (8, 0.6748)]
E-D phase_scan 33 7200 [(4, 0.9727), (6, 0.9141), (8, 0.8105)]
E-D phase_scan 33 14400 [(4, 0.9805), (6, 0.9316), (8, 0.877)]
M6-b2 priority_scan 22 900 [(4, 0.1953), (6, 0.0273), (8, 0.0029)]
M6-b2 priority_scan 22 1800 [(4, 0.7754), (6, 0.3643), (8, 0.0703)]
M6-b2 priority_scan 22 3600 [(4, 0.8613), (6, 0.5918), (8, 0.125)]
M6-b2 priority_scan 22 7200 [(4, 0.8916), (6, 0.5732), (8, 0.0156)]
M6-b2 priority_scan 22 14400 [(4, 0.9033), (6, 0.5127), (8, 0.0049)]
M6-b2 priority_scan 22 28800 [(4, 0.9561), (6, 0.791), (8, 0.0)]
M6-b2 priority_scan 22 36000 [(4, 0.9658), (6, 0.8906), (8, 0.0518)]
M6-b2 position_scan 11 900 [(4, 0.6357), (6, 0.0723), (8, 0.001)]
M6-b2 position_scan 11 1800 [(4, 0.6934), (6, 0.0234), (8, 0.0)]
M6-b2 position_scan 11 3600 [(4, 0.7822), (6, 0.3008), (8, 0.001)]
M6-b2 position_scan 11 7200 [(4, 0.8877), (6, 0.7861), (8, 0.1582)]
M6-b2 position_scan 11 14400 [(4, 0.9121), (6, 0.8994), (8, 0.0215)]
M6-b2 position_scan 11 28800 [(4, 0.9561), (6, 0.9121), (8, 0.0068)]
M6-b2 position_scan 11 36000 [(4, 0.9688), (6, 0.9502), (8, 0.001)]
M6-b2 position_scan 88 900 [(4, 0.7109), (6, 0.291), (8, 0.0361)]
M6-b2 position_scan 88 1800 [(4, 0.6846), (6, 0.0264), (8, 0.0)]
M6-b2 position_scan 88 3600 [(4, 0.8525), (6, 0.3955), (8, 0.0029)]
M6-b2 position_scan 88 7200 [(4, 0.8223), (6, 0.5342), (8, 0.0)]
M6-b2 position_scan 88 14400 [(4, 0.9189), (6, 0.874), (8, 0.0176)]
M6-b2 position_scan 88 28800 [(4, 0.9561), (6, 0.9248), (8, 0.0088)]
M6-b2 position_scan 88 36000 [(4, 0.9258), (6, 0.8867), (8, 0.0)]
M6-b2 phase_scan 77 900 [(4, 0.7588), (6, 0.4219), (8, 0.0703)]
M6-b2 phase_scan 77 1800 [(4, 0.832), (6, 0.5977), (8, 0.1143)]
M6-b2 phase_scan 77 3600 [(4, 0.8203), (6, 0.7314), (8, 0.0117)]
M6-b2 phase_scan 77 7200 [(4, 0.8311), (6, 0.7256), (8, 0.0)]
M6-b2 phase_scan 77 14400 [(4, 0.915), (6, 0.8887), (8, 0.001)]
M6-b2 phase_scan 77 28800 [(4, 0.9385), (6, 0.877), (8, 0.0)]
M6-b2 phase_scan 77 36000 [(4, 0.9463), (6, 0.9287), (8, 0.0)]
M6-b1 priority_scan 66 900 [(4, 0.2549), (6, 0.0303), (8, 0.001)]
M6-b1 priority_scan 66 1800 [(4, 0.665), (6, 0.0352), (8, 0.0)]
M6-b1 priority_scan 66 3600 [(4, 0.8018), (6, 0.0371), (8, 0.001)]
M6-b1 priority_scan 66 7200 [(4, 0.792), (6, 0.001), (8, 0.0)]
M6-b1 priority_scan 66 14400 [(4, 0.8193), (6, 0.0361), (8, 0.0)]
M6-b1 priority_scan 66 28800 [(4, 0.5771), (6, 0.001), (8, 0.0)]
M6-b1 priority_scan 66 36000 [(4, 0.8838), (6, 0.0137), (8, 0.0)]
M6-b1 position_scan 55 900 [(4, 0.501), (6, 0.0254), (8, 0.001)]
M6-b1 position_scan 55 1800 [(4, 0.249), (6, 0.0), (8, 0.0)]
M6-b1 position_scan 55 3600 [(4, 0.2305), (6, 0.0), (8, 0.0)]
M6-b1 position_scan 55 7200 [(4, 0.0), (6, 0.0), (8, 0.0)]
M6-b1 position_scan 55 14400 [(4, 0.0127), (6, 0.0), (8, 0.0)]
M6-b1 position_scan 55 28800 [(4, 0.0098), (6, 0.0), (8, 0.0)]
M6-b1 position_scan 55 36000 [(4, 0.3857), (6, 0.0), (8, 0.0)]
M6-b1 phase_scan 44 900 [(4, 0.6475), (6, 0.1475), (8, 0.0039)]
M6-b1 phase_scan 44 1800 [(4, 0.6768), (6, 0.1562), (8, 0.001)]
M6-b1 phase_scan 44 3600 [(4, 0.8252), (6, 0.6865), (8, 0.0195)]
M6-b1 phase_scan 44 7200 [(4, 0.8906), (6, 0.7852), (8, 0.001)]
M6-b1 phase_scan 44 14400 [(4, 0.9199), (6, 0.8564), (8, 0.001)]
M6-b1 phase_scan 44 28800 [(4, 0.9395), (6, 0.9141), (8, 0.0029)]
M6-b1 phase_scan 44 36000 [(4, 0.9551), (6, 0.9131), (8, 0.0)]
W30-b1 priority_scan 33 900 [(4, 0.0615), (6, 0.001), (8, 0.001)]
W30-b1 priority_scan 33 1800 [(4, 0.4766), (6, 0.0137), (8, 0.0)]
W30-b1 priority_scan 33 3600 [(4, 0.1885), (6, 0.0), (8, 0.0)]
W30-b1 priority_scan 33 7200 [(4, 0.6318), (6, 0.002), (8, 0.0)]
W30-b1 priority_scan 33 14400 [(4, 0.7969), (6, 0.0), (8, 0.0)]
W30-b1 priority_scan 33 28800 [(4, 0.8232), (6, 0.0), (8, 0.0)]
W30-b1 priority_scan 33 36000 [(4, 0.8838), (6, 0.0), (8, 0.0)]
W30-b1 position_scan 22 900 [(4, 0.0869), (6, 0.0), (8, 0.0)]
W30-b1 position_scan 22 1800 [(4, 0.0), (6, 0.0), (8, 0.0)]
W30-b1 position_scan 22 3600 [(4, 0.1738), (6, 0.0), (8, 0.0)]
W30-b1 position_scan 22 7200 [(4, 0.0908), (6, 0.0), (8, 0.0)]
W30-b1 position_scan 22 14400 [(4, 0.3105), (6, 0.0), (8, 0.0)]
W30-b1 position_scan 22 28800 [(4, 0.5557), (6, 0.0), (8, 0.0)]
W30-b1 position_scan 22 36000 [(4, 0.71), (6, 0.0), (8, 0.0)]
W30-b1 phase_scan 11 900 [(4, 0.583), (6, 0.0176), (8, 0.0)]
W30-b1 phase_scan 11 1800 [(4, 0.6729), (6, 0.0127), (8, 0.0)]
W30-b1 phase_scan 11 3600 [(4, 0.7422), (6, 0.0039), (8, 0.0)]
W30-b1 phase_scan 11 7200 [(4, 0.877), (6, 0.0625), (8, 0.0)]
W30-b1 phase_scan 11 14400 [(4, 0.9121), (6, 0.1348), (8, 0.0)]
W30-b1 phase_scan 11 28800 [(4, 0.9316), (6, 0.0068), (8, 0.0)]
W30-b1 phase_scan 11 36000 [(4, 0.9609), (6, 0.6084), (8, 0.0)]
W30-b1 phase_scan 88 900 [(4, 0.6289), (6, 0.0625), (8, 0.0029)]
W30-b1 phase_scan 88 1800 [(4, 0.7549), (6, 0.1846), (8, 0.0068)]
W30-b1 phase_scan 88 3600 [(4, 0.8154), (6, 0.0469), (8, 0.0)]
W30-b1 phase_scan 88 7200 [(4, 0.8662), (6, 0.0137), (8, 0.0)]
W30-b1 phase_scan 88 14400 [(4, 0.9297), (6, 0.1475), (8, 0.0)]
W30-b1 phase_scan 88 28800 [(4, 0.9492), (6, 0.001), (8, 0.0)]
W30-b1 phase_scan 88 36000 [(4, 0.9609), (6, 0.0156), (8, 0.0)]
W75-b1 priority_scan 77 900 [(4, 0.7236), (6, 0.2832), (8, 0.0664)]
W75-b1 priority_scan 77 1800 [(4, 0.8613), (6, 0.4473), (8, 0.0176)]
W75-b1 priority_scan 77 3600 [(4, 0.9111), (6, 0.2324), (8, 0.0)]
W75-b1 priority_scan 77 7200 [(4, 0.9424), (6, 0.5449), (8, 0.0088)]
W75-b1 priority_scan 77 14400 [(4, 0.9561), (6, 0.8037), (8, 0.1191)]
W75-b1 priority_scan 77 28800 [(4, 0.9834), (6, 0.8154), (8, 0.001)]
W75-b1 priority_scan 77 36000 [(4, 0.9883), (6, 0.8701), (8, 0.002)]
W75-b1 position_scan 66 900 [(4, 0.8418), (6, 0.2881), (8, 0.0078)]
W75-b1 position_scan 66 1800 [(4, 0.9033), (6, 0.4258), (8, 0.0059)]
W75-b1 position_scan 66 3600 [(4, 0.9414), (6, 0.6816), (8, 0.251)]
W75-b1 position_scan 66 7200 [(4, 0.9521), (6, 0.5967), (8, 0.002)]
W75-b1 position_scan 66 14400 [(4, 0.9717), (6, 0.7012), (8, 0.0)]
W75-b1 position_scan 66 28800 [(4, 0.9863), (6, 0.8809), (8, 0.0)]
W75-b1 position_scan 66 36000 [(4, 0.9893), (6, 0.9238), (8, 0.0)]
W75-b1 phase_scan 55 900 [(4, 0.8438), (6, 0.5342), (8, 0.1123)]
W75-b1 phase_scan 55 1800 [(4, 0.9111), (6, 0.7344), (8, 0.2627)]
W75-b1 phase_scan 55 3600 [(4, 0.9385), (6, 0.7783), (8, 0.4141)]
W75-b1 phase_scan 55 7200 [(4, 0.9746), (6, 0.8701), (8, 0.3369)]
W75-b1 phase_scan 55 14400 [(4, 0.9814), (6, 0.9395), (8, 0.4111)]
W75-b1 phase_scan 55 28800 [(4, 0.9932), (6, 0.9668), (8, 0.5342)]
W75-b1 phase_scan 55 36000 [(4, 0.9844), (6, 0.9512), (8, 0.2568)]
