E-b1 priority_scan 22 900 [(4, 0.7305), (6, 0.0615), (8, 0.0039)]
E-b1 priority_scan 22 1800 [(4, 0.8037), (6, 0.0684), (8, 0.002)]
E-b1 priority_scan 22 3600 [(4, 0.8438), (6, 0.0029), (8, 0.0)]
E-b1 priority_scan 22 7200 [(4, 0.9365), (6, 0.168), (8, 0.0)]
E-b1 priority_scan 22 14400 [(4, 0.9463), (6, 0.001), (8, 0.0)]
E-b1 position_scan 11 900 [(4, 0.7578), (6, 0.0), (8, 0.0)]
E-b1 position_scan 11 1800 [(4, 0.7988), (6, 0.0), (8, 0.0)]
E-b1 position_scan 11 3600 [(4, 0.918), (6, 0.0), (8, 0.0)]
E-b1 position_scan 11 7200 [(4, 0.9424), (6, 0.0), (8, 0.0)]
E-b1 position_scan 11 14400 [(4, 0.9199), (6, 0.2734), (8, 0.0352)]
E-b1 position_scan 88 900 [(4, 0.7051), (6, 0.0059), (8, 0.0)]
E-b1 position_scan 88 1800 [(4, 0.7979), (6, 0.0), (8, 0.0)]
E-b1 position_scan 88 3600 [(4, 0.9033), (6, 0.0), (8, 0.0)]
E-b1 position_scan 88 7200 [(4, 0.9424), (6, 0.0), (8, 0.0)]
E-b1 position_scan 88 14400 [(4, 0.9697), (6, 0.0), (8, 0.0)]
E-b1 phase_scan 77 900 [(4, 0.0), (6, 0.0), (8, 0.0)]
E-b1 phase_scan 77 1800 [(4, 0.0), (6, 0.0), (8, 0.0)]
E-b1 phase_scan 77 3600 [(4, 0.0), (6, 0.0), (8, 0.0)]
E-b1 phase_scan 77 7200 [(4, 0.9365), (6, 0.6777), (8, 0.0049)]
E-b1 phase_scan 77 14400 [(4, 0.9629), (6, 0.8877), (8, 0.0029)]
E-D priority_scan 66 900 [(4, 0.1885), (6, 0.0156), (8, 0.0039)]
E-D priority_scan 66 1800 [(4, 0.2109), (6, 0.0254), (8, 0.0029)]
E-D priority_scan 66 3600 [(4, 0.5664), (6, 0.0801), (8, 0.0049)]
E-D priority_scan 66 7200 [(4, 0.6562), (6, 0.165), (8, 0.0137)]
E-D priority_scan 66 14400 [(4, 0.8828), (6, 0.5117), (8, 0.1279)]
E-D position_scan 55 900 [(4, 0.874), (6, 0.6533), (8, 0.3633)]
E-D position_scan 55 1800 [(4, 0.9023), (6, 0.7666), (8, 0.5938)]
E-D position_scan 55 3600 [(4, 0.9346), (6, 0.8223), (8, 0.6143)]
E-D position_scan 55 7200 [(4, 0.9541), (6, 0.8779), (8, 0.7441)]
E-D position_scan 55 14400 [(4, 0.9707), (6, 0.9072), (8, 0.8223)]
E-D phase_scan 44 900 [(4, 0.0), (6, 0.0), (8, 0.0)]
E-D phase_scan 44 1800 [(4, 0.0), (6, 0.0), (8, 0.0)]
E-D phase_scan 44 3600 [(4, 0.3975), (6, 0.0137), (8, 0.001)]
E-D phase_scan 44 7200 [(4, 0.9062), (6, 0.6465), (8, 0.1914)]
E-D phase_scan 44 14400 [(4, 0.9678), (6, 0.8613), (8, 0.002)]
M6-b2 priority_scan 33 900 [(4, 0.207), (6, 0.0264), (8, 0.0049)]
M6-b2 priority_scan 33 1800 [(4, 0.7393), (6, 0.1719), (8, 0.0039)]
M6-b2 priority_scan 33 3600 [(4, 0.832), (6, 0.4375), (8, 0.001)]
M6-b2 priority_scan 33 7200 [(4, 0.8994), (6, 0.6641), (8, 0.041)]
M6-b2 priority_scan 33 14400 [(4, 0.9404), (6, 0.7939), (8, 0.0547)]
M6-b2 priority_scan 33 28800 [(4, 0.9619), (6, 0.8311), (8, 0.002)]
M6-b2 priority_scan 33 36000 [(4, 0.9658), (6, 0.8984), (8, 0.252)]
M6-b2 position_scan 22 900 [(4, 0.3682), (6, 0.001), (8, 0.0)]
M6-b2 position_scan 22 1800 [(4, 0.7686), (6, 0.3164), (8, 0.0098)]
M6-b2 position_scan 22 3600 [(4, 0.8369), (6, 0.6143), (8, 0.0684)]
M6-b2 position_scan 22 7200 [(4, 0.8066), (6, 0.6572), (8, 0.001)]
M6-b2 position_scan 22 14400 [(4, 0.8936), (6, 0.833), (8, 0.0146)]
M6-b2 position_scan 22 28800 [(4, 0.9199), (6, 0.8672), (8, 0.0)]
M6-b2 position_scan 22 36000 [(4, 0.9463), (6, 0.915), (8, 0.0098)]
M6-b2 phase_scan 11 900 [(4, 0.7412), (6, 0.3193), (8, 0.0234)]
M6-b2 phase_scan 11 1800 [(4, 0.7725), (6, 0.4619), (8, 0.0264)]
M6-b2 phase_scan 11 3600 [(4, 0.8477), (6, 0.793), (8, 0.1338)]
M6-b2 phase_scan 11 7200 [(4, 0.8984), (6, 0.7979), (8, 0.0713)]
M6-b2 phase_scan 11 14400 [(4, 0.8496), (6, 0.8398), (8, 0.0)]
M6-b2 phase_scan 11 28800 [(4, 0.9346), (6, 0.8906), (8, 0.0)]
M6-b2 phase_scan 11 36000 [(4, 0.9668), (6, 0.9443), (8, 0.0801)]
M6-b2 phase_scan 88 900 [(4, 0.6875), (6, 0.1953), (8, 0.002)]
M6-b2 phase_scan 88 1800 [(4, 0.8193), (6, 0.5156), (8, 0.0361)]
M6-b2 phase_scan 88 3600 [(4, 0.8877), (6, 0.7725), (8, 0.1436)]
M6-b2 phase_scan 88 7200 [(4, 0.8486), (6, 0.7744), (8, 0.001)]
M6-b2 phase_scan 88 14400 [(4, 0.8975), (6, 0.8682), (8, 0.0049)]
M6-b2 phase_scan 88 28800 [(4, 0.9512), (6, 0.9268), (8, 0.0)]
M6-b2 phase_scan 88 36000 [(4, 0.9492), (6, 0.9336), (8, 0.0127)]
M6-b1 priority_scan 77 900 [(4, 0.4873), (6, 0.083), (8, 0.0098)]
M6-b1 priority_scan 77 1800 [(4, 0.7021), (6, 0.0605), (8, 0.0)]
M6-b1 priority_scan 77 3600 [(4, 0.7793), (6, 0.0312), (8, 0.0)]
M6-b1 priority_scan 77 7200 [(4, 0.8594), (6, 0.0752), (8, 0.0039)]
M6-b1 priority_scan 77 14400 [(4, 0.8613), (6, 0.0039), (8, 0.0)]
M6-b1 priority_scan 77 28800 [(4, 0.9189), (6, 0.002), (8, 0.0)]
M6-b1 priority_scan 77 36000 [(4, 0.1836), (6, 0.0), (8, 0.0)]
M6-b1 position_scan 66 900 [(4, 0.3057), (6, 0.0039), (8, 0.0)]
M6-b1 position_scan 66 1800 [(4, 0.1738), (6, 0.0), (8, 0.0)]
M6-b1 position_scan 66 3600 [(4, 0.0762), (6, 0.0), (8, 0.0)]
M6-b1 position_scan 66 7200 [(4, 0.1113), (6, 0.0), (8, 0.0)]
M6-b1 position_scan 66 14400 [(4, 0.1465), (6, 0.0), (8, 0.0)]
M6-b1 position_scan 66 28800 [(4, 0.3652), (6, 0.0), (8, 0.0)]
M6-b1 position_scan 66 36000 [(4, 0.0039), (6, 0.0), (8, 0.0)]
M6-b1 phase_scan 55 900 [(4, 0.7686), (6, 0.415), (8, 0.0469)]
M6-b1 phase_scan 55 1800 [(4, 0.7881), (6, 0.4541), (8, 0.0156)]
M6-b1 phase_scan 55 3600 [(4, 0.7842), (6, 0.6631), (8, 0.001)]
M6-b1 phase_scan 55 7200 [(4, 0.7695), (6, 0.4707), (8, 0.0)]
M6-b1 phase_scan 55 14400 [(4, 0.9004), (6, 0.8613), (8, 0.001)]
M6-b1 phase_scan 55 28800 [(4, 0.9453), (6, 0.9229), (8, 0.0059)]
M6-b1 phase_scan 55 36000 [(4, 0.9043), (6, 0.7686), (8, 0.0)]
W30-b1 priority_scan 44 900 [(4, 0.2217), (6, 0.0137), (8, 0.001)]
W30-b1 priority_scan 44 1800 [(4, 0.4658), (6, 0.0029), (8, 0.0)]
W30-b1 priority_scan 44 3600 [(4, 0.333), (6, 0.0), (8, 0.0)]
W30-b1 priority_scan 44 7200 [(4, 0.5449), (6, 0.001), (8, 0.0)]
W30-b1 priority_scan 44 14400 [(4, 0.2373), (6, 0.0), (8, 0.0)]
W30-b1 priority_scan 44 28800 [(4, 0.9121), (6, 0.002), (8, 0.0)]
W30-b1 priority_scan 44 36000 [(4, 0.7764), (6, 0.0), (8, 0.0)]
W30-b1 position_scan 33 900 [(4, 0.041), (6, 0.0), (8, 0.0)]
W30-b1 position_scan 33 1800 [(4, 0.002), (6, 0.0), (8, 0.0)]
W30-b1 position_scan 33 3600 [(4, 0.0703), (6, 0.0), (8, 0.0)]
W30-b1 position_scan 33 7200 [(4, 0.6885), (6, 0.0), (8, 0.0)]
W30-b1 position_scan 33 14400 [(4, 0.8154), (6, 0.0), (8, 0.0)]
W30-b1 position_scan 33 28800 [(4, 0.8369), (6, 0.0), (8, 0.0)]
W30-b1 position_scan 33 36000 [(4, 0.874), (6, 0.0), (8, 0.0)]
W30-b1 phase_scan 22 900 [(4, 0.5566), (6, 0.0439), (8, 0.0)]
W30-b1 phase_scan 22 1800 [(4, 0.5576), (6, 0.0), (8, 0.0)]
W30-b1 phase_scan 22 3600 [(4, 0.8037), (6, 0.0156), (8, 0.0)]
W30-b1 phase_scan 22 7200 [(4, 0.8291), (6, 0.0088), (8, 0.0)]
W30-b1 phase_scan 22 14400 [(4, 0.9424), (6, 0.251), (8, 0.001)]
W30-b1 phase_scan 22 28800 [(4, 0.9473), (6, 0.0107), (8, 0.0)]
W30-b1 phase_scan 22 36000 [(4, 0.9736), (6, 0.0918), (8, 0.0)]
W75-b1 priority_scan 11 900 [(4, 0.7549), (6, 0.2139), (8, 0.0215)]
W75-b1 priority_scan 11 1800 [(4, 0.8799), (6, 0.416), (8, 0.0205)]
W75-b1 priority_scan 11 3600 [(4, 0.918), (6, 0.5586), (8, 0.0059)]
W75-b1 priority_scan 11 7200 [(4, 0.9502), (6, 0.7217), (8, 0.0488)]
W75-b1 priority_scan 11 14400 [(4, 0.959), (6, 0.8242), (8, 0.1172)]
W75-b1 priority_scan 11 28800 [(4, 0.9727), (6, 0.8877), (8, 0.1328)]
W75-b1 priority_scan 11 36000 [(4, 0.9844), (6, 0.8682), (8, 0.0557)]
W75-b1 priority_scan 88 900 [(4, 0.4658), (6, 0.1104), (8, 0.0107)]
W75-b1 priority_scan 88 1800 [(4, 0.8506), (6, 0.3545), (8, 0.0088)]
W75-b1 priority_scan 88 3600 [(4, 0.9229), (6, 0.6211), (8, 0.0283)]
W75-b1 priority_scan 88 7200 [(4, 0.9346), (6, 0.6787), (8, 0.0537)]
W75-b1 priority_scan 88 14400 [(4, 0.9561), (6, 0.7549), (8, 0.0088)]
W75-b1 priority_scan 88 28800 [(4, 0.9775), (6, 0.8711), (8, 0.0234)]
W75-b1 priority_scan 88 36000 [(4, 0.9883), (6, 0.8955), (8, 0.002)]
W75-b1 position_scan 77 900 [(4, 0.793), (6, 0.1211), (8, 0.0)]
W75-b1 position_scan 77 1800 [(4, 0.9082), (6, 0.4248), (8, 0.0029)]
W75-b1 position_scan 77 3600 [(4, 0.959), (6, 0.7461), (8, 0.1533)]
W75-b1 position_scan 77 7200 [(4, 0.9707), (6, 0.7246), (8, 0.0029)]
W75-b1 position_scan 77 14400 [(4, 0.9756), (6, 0.8652), (8, 0.001)]
W75-b1 position_scan 77 28800 [(4, 0.9873), (6, 0.8574), (8, 0.0)]
W75-b1 position_scan 77 36000 [(4, 0.9883), (6, 0.9023), (8, 0.0)]
W75-b1 phase_scan 66 900 [(4, 0.8809), (6, 0.6152), (8, 0.252)]
W75-b1 phase_scan 66 1800 [(4, 0.9346), (6, 0.8057), (8, 0.4756)]
W75-b1 phase_scan 66 3600 [(4, 0.9561), (6, 0.7676), (8, 0.2227)]
W75-b1 phase_scan 66 7200 [(4, 0.9658), (6, 0.9072), (8, 0.7246)]
W75-b1 phase_scan 66 14400 [(4, 0.9736), (6, 0.9111), (8, 0.2959)]
W75-b1 phase_scan 66 28800 [(4, 0.9824), (6, 0.9395), (8, 0.2432)]
W75-b1 phase_scan 66 36000 [(4, 0.9805), (6, 0.9521), (8, 0.6533)]
