E-b1 priority_scan 66 900 [(4, 0.46), (6, 0.0273), (8, 0.0)]
E-b1 priority_scan 66 1800 [(4, 0.8311), (6, 0.2148), (8, 0.0029)]
E-b1 priority_scan 66 3600 [(4, 0.8945), (6, 0.0283), (8, 0.0)]
E-b1 priority_scan 66 7200 [(4, 0.9482), (6, 0.0029), (8, 0.0)]
E-b1 priority_scan 66 14400 [(4, 0.9629), (6, 0.0), (8, 0.0)]
E-b1 position_scan 55 900 [(4, 0.7451), (6, 0.0029), (8, 0.0)]
E-b1 position_scan 55 1800 [(4, 0.8799), (6, 0.0), (8, 0.0)]
E-b1 position_scan 55 3600 [(4, 0.3584), (6, 0.0), (8, 0.0)]
E-b1 position_scan 55 7200 [(4, 0.9336), (6, 0.0), (8, 0.0)]
E-b1 position_scan 55 14400 [(4, 0.957), (6, 0.0), (8, 0.0)]
E-b1 phase_scan 44 900 [(4, 0.8057), (6, 0.4092), (8, 0.002)]
E-b1 phase_scan 44 1800 [(4, 0.8926), (6, 0.666), (8, 0.0049)]
E-b1 phase_scan 44 3600 [(4, 0.9336), (6, 0.6523), (8, 0.0)]
E-b1 phase_scan 44 7200 [(4, 0.9688), (6, 0.877), (8, 0.166)]
E-b1 phase_scan 44 14400 [(4, 0.9707), (6, 0.8975), (8, 0.0508)]
E-D priority_scan 33 900 [(4, 0.1924), (6, 0.0205), (8, 0.001)]
E-D priority_scan 33 1800 [(4, 0.1846), (6, 0.0244), (8, 0.002)]
E-D priority_scan 33 3600 [(4, 0.1826), (6, 0.0303), (8, 0.0059)]
E-D priority_scan 33 7200 [(4, 0.7764), (6, 0.2383), (8, 0.0469)]
E-D priority_scan 33 14400 [(4, 0.9268), (6, 0.709), (8, 0.3379)]
E-D position_scan 22 900 [(4, 0.8125), (6, 0.5156), (8, 0.2236)]
E-D position_scan 22 1800 [(4, 0.9072), (6, 0.7588), (8, 0.5586)]
E-D position_scan 22 3600 [(4, 0.9326), (6, 0.7969), (8, 0.6523)]
E-D position_scan 22 7200 [(4, 0.9629), (6, 0.9014), (8, 0.7969)]
E-D position_scan 22 14400 [(4, 0.9766), (6, 0.9443), (8, 0.8232)]
E-D phase_scan 11 900 [(4, 0.0), (6, 0.0), (8, 0.0)]
E-D phase_scan 11 1800 [(4, 0.0), (6, 0.0), (8, 0.0)]
E-D phase_scan 11 3600 [(4, 0.0), (6, 0.0), (8, 0.0)]
E-D phase_scan 11 7200 [(4, 0.5166), (6, 0.0537), (8, 0.002)]
E-D phase_scan 11 14400 [(4, 0.9492), (6, 0.7637), (8, 0.002)]
E-D phase_scan 88 900 [(4, 0.6074), (6, 0.1074), (8, 0.0049)]
E-D phase_scan 88 1800 [(4, 0.915), (6, 0.7832), (8, 0.5674)]
E-D phase_scan 88 3600 [(4, 0.9355), (6, 0.8086), (8, 0.6387)]
E-D phase_scan 88 7200 [(4, 0.9688), (6, 0.9131), (8, 0.7881)]
E-D phase_scan 88 14400 [(4, 0.9844), (6, 0.9385), (8, 0.8613)]
M6-b2 priority_scan 77 900 [(4, 0.5166), (6, 0.1494), (8, 0.0244)]
M6-b2 priority_scan 77 1800 [(4, 0.7217), (6, 0.3262), (8, 0.0762)]
M6-b2 priority_scan 77 3600 [(4, 0.8545), (6, 0.4062), (8, 0.0586)]
M6-b2 priority_scan 77 7200 [(4, 0.877), (6, 0.4912), (8, 0.0156)]
M6-b2 priority_scan 77 14400 [(4, 0.9453), (6, 0.8184), (8, 0.3984)]
M6-b2 priority_scan 77 28800 [(4, 0.9668), (6, 0.8359), (8, 0.04)]
M6-b2 priority_scan 77 36000 [(4, 0.959), (6, 0.666), (8, 0.0)]
M6-b2 position_scan 66 900 [(4, 0.6172), (6, 0.1279), (8, 0.0049)]
M6-b2 position_scan 66 1800 [(4, 0.8506), (6, 0.5186), (8, 0.1191)]
M6-b2 position_scan 66 3600 [(4, 0.7939), (6, 0.4004), (8, 0.0127)]
M6-b2 position_scan 66 7200 [(4, 0.8857), (6, 0.7461), (8, 0.2031)]
M6-b2 position_scan 66 14400 [(4, 0.9092), (6, 0.8164), (8, 0.001)]
M6-b2 position_scan 66 28800 [(4, 0.957), (6, 0.918), (8, 0.0186)]
M6-b2 position_scan 66 36000 [(4, 0.9609), (6, 0.9365), (8, 0.042)]
M6-b2 phase_scan 55 900 [(4, 0.7188), (6, 0.2432), (8, 0.0176)]
M6-b2 phase_scan 55 1800 [(4, 0.8418), (6, 0.6201), (8, 0.1699)]
M6-b2 phase_scan 55 3600 [(4, 0.8154), (6, 0.6934), (8, 0.0957)]
M6-b2 phase_scan 55 7200 [(4, 0.8682), (6, 0.8115), (8, 0.0098)]
M6-b2 phase_scan 55 14400 [(4, 0.9502), (6, 0.8057), (8, 0.165)]
M6-b2 phase_scan 55 28800 [(4, 0.9492), (6, 0.9131), (8, 0.0)]
M6-b2 phase_scan 55 36000 [(4, 0.9385), (6, 0.8887), (8, 0.0)]
M6-b1 priority_scan 44 900 [(4, 0.4678), (6, 0.0293), (8, 0.0)]
M6-b1 priority_scan 44 1800 [(4, 0.6914), (6, 0.0176), (8, 0.0)]
M6-b1 priority_scan 44 3600 [(4, 0.6709), (6, 0.0029), (8, 0.0)]
M6-b1 priority_scan 44 7200 [(4, 0.8555), (6, 0.0039), (8, 0.0)]
M6-b1 priority_scan 44 14400 [(4, 0.9248), (6, 0.0664), (8, 0.0)]
M6-b1 priority_scan 44 28800 [(4, 0.9541), (6, 0.0049), (8, 0.0)]
M6-b1 priority_scan 44 36000 [(4, 0.9473), (6, 0.0039), (8, 0.0)]
M6-b1 position_scan 33 900 [(4, 0.0879), (6, 0.0), (8, 0.0)]
M6-b1 position_scan 33 1800 [(4, 0.5479), (6, 0.0098), (8, 0.0)]
M6-b1 position_scan 33 3600 [(4, 0.5322), (6, 0.0), (8, 0.0)]
M6-b1 position_scan 33 7200 [(4, 0.5273), (6, 0.0), (8, 0.0)]
M6-b1 position_scan 33 14400 [(4, 0.0254), (6, 0.0), (8, 0.0)]
M6-b1 position_scan 33 28800 [(4, 0.0479), (6, 0.0), (8, 0.0)]
M6-b1 position_scan 33 36000 [(4, 0.0918), (6, 0.0), (8, 0.0)]
M6-b1 phase_scan 22 900 [(4, 0.6787), (6, 0.1553), (8, 0.002)]
M6-b1 phase_scan 22 1800 [(4, 0.7734), (6, 0.4395), (8, 0.0117)]
M6-b1 phase_scan 22 3600 [(4, 0.8555), (6, 0.7725), (8, 0.042)]
M6-b1 phase_scan 22 7200 [(4, 0.8955), (6, 0.8145), (8, 0.0059)]
M6-b1 phase_scan 22 14400 [(4, 0.9316), (6, 0.8779), (8, 0.0225)]
M6-b1 phase_scan 22 28800 [(4, 0.9502), (6, 0.9072), (8, 0.0)]
M6-b1 phase_scan 22 36000 [(4, 0.9404), (6, 0.9238), (8, 0.001)]
W30-b1 priority_scan 11 900 [(4, 0.1748), (6, 0.0088), (8, 0.001)]
W30-b1 priority_scan 11 1800 [(4, 0.252), (6, 0.001), (8, 0.0)]
W30-b1 priority_scan 11 3600 [(4, 0.4287), (6, 0.0029), (8, 0.0)]
W30-b1 priority_scan 11 7200 [(4, 0.1455), (6, 0.0), (8, 0.0)]
W30-b1 priority_scan 11 14400 [(4, 0.7178), (6, 0.0), (8, 0.0)]
W30-b1 priority_scan 11 28800 [(4, 0.8721), (6, 0.0), (8, 0.0)]
W30-b1 priority_scan 11 36000 [(4, 0.8779), (6, 0.0), (8, 0.0)]
W30-b1 priority_scan 88 900 [(4, 0.083), (6, 0.001), (8, 0.0)]
W30-b1 priority_scan 88 1800 [(4, 0.374), (6, 0.0029), (8, 0.0)]
W30-b1 priority_scan 88 3600 [(4, 0.7324), (6, 0.001), (8, 0.0)]
W30-b1 priority_scan 88 7200 [(4, 0.4971), (6, 0.0), (8, 0.0)]
W30-b1 priority_scan 88 14400 [(4, 0.8203), (6, 0.001), (8, 0.0)]
W30-b1 priority_scan 88 28800 [(4, 0.876), (6, 0.0), (8, 0.0)]
W30-b1 priority_scan 88 36000 [(4, 0.9131), (6, 0.0), (8, 0.0)]
W30-b1 position_scan 77 900 [(4, 0.0293), (6, 0.0), (8, 0.0)]
W30-b1 position_scan 77 1800 [(4, 0.291), (6, 0.0), (8, 0.0)]
W30-b1 position_scan 77 3600 [(4, 0.4893), (6, 0.001), (8, 0.0)]
W30-b1 position_scan 77 7200 [(4, 0.4932), (6, 0.0), (8, 0.0)]
W30-b1 position_scan 77 14400 [(4, 0.3828), (6, 0.0), (8, 0.0)]
W30-b1 position_scan 77 28800 [(4, 0.8594), (6, 0.0), (8, 0.0)]
W30-b1 position_scan 77 36000 [(4, 0.8604), (6, 0.0), (8, 0.0)]
W30-b1 phase_scan 66 900 [(4, 0.583), (6, 0.0244), (8, 0.0)]
W30-b1 phase_scan 66 1800 [(4, 0.7617), (6, 0.0977), (8, 0.002)]
W30-b1 phase_scan 66 3600 [(4, 0.7266), (6, 0.0156), (8, 0.0)]
W30-b1 phase_scan 66 7200 [(4, 0.8809), (6, 0.1553), (8, 0.0)]
W30-b1 phase_scan 66 14400 [(4, 0.915), (6, 0.3984), (8, 0.0)]
W30-b1 phase_scan 66 28800 [(4, 0.9395), (6, 0.0098), (8, 0.0)]
W30-b1 phase_scan 66 36000 [(4, 0.9512), (6, 0.0977), (8, 0.0)]
W75-b1 priority_scan 55 900 [(4, 0.415), (6, 0.083), (8, 0.0117)]
W75-b1 priority_scan 55 1800 [(4, 0.8496), (6, 0.4512), (8, 0.0508)]
W75-b1 priority_scan 55 3600 [(4, 0.916), (6, 0.5781), (8, 0.002)]
W75-b1 priority_scan 55 7200 [(4, 0.9365), (6, 0.4268), (8, 0.0039)]
W75-b1 priority_scan 55 14400 [(4, 0.96), (6, 0.7793), (8, 0.0762)]
W75-b1 priority_scan 55 28800 [(4, 0.9727), (6, 0.8213), (8, 0.0684)]
W75-b1 priority_scan 55 36000 [(4, 0.9824), (6, 0.791), (8, 0.0)]
W75-b1 position_scan 44 900 [(4, 0.8184), (6, 0.209), (8, 0.0)]
W75-b1 position_scan 44 1800 [(4, 0.8467), (6, 0.1914), (8, 0.0)]
W75-b1 position_scan 44 3600 [(4, 0.915), (6, 0.3564), (8, 0.001)]
W75-b1 position_scan 44 7200 [(4, 0.9531), (6, 0.6514), (8, 0.0049)]
W75-b1 position_scan 44 14400 [(4, 0.9736), (6, 0.79), (8, 0.002)]
W75-b1 position_scan 44 28800 [(4, 0.9883), (6, 0.9258), (8, 0.0088)]
W75-b1 position_scan 44 36000 [(4, 0.9873), (6, 0.9072), (8, 0.0)]
W75-b1 phase_scan 33 900 [(4, 0.8633), (6, 0.6182), (8, 0.2383)]
W75-b1 phase_scan 33 1800 [(4, 0.9131), (6, 0.6582), (8, 0.1123)]
W75-b1 phase_scan 33 3600 [(4, 0.96), (6, 0.832), (8, 0.5723)]
W75-b1 phase_scan 33 7200 [(4, 0.9717), (6, 0.8779), (8, 0.5195)]
W75-b1 phase_scan 33 14400 [(4, 0.9775), (6, 0.8936), (8, 0.3447)]
W75-b1 phase_scan 33 28800 [(4, 0.9775), (6, 0.9287), (8, 0.085)]
W75-b1 phase_scan 33 36000 [(4, 0.9824), (6, 0.9277), (8, 0.5137)]
