E-b1 priority_scan 77 900 [(4, 0.6738), (6, 0.0137), (8, 0.0)]
E-b1 priority_scan 77 1800 [(4, 0.8477), (6, 0.0986), (8, 0.0)]
E-b1 priority_scan 77 3600 [(4, 0.9219), (6, 0.0967), (8, 0.0)]
E-b1 priority_scan 77 7200 [(4, 0.9248), (6, 0.0156), (8, 0.0)]
E-b1 priority_scan 77 14400 [(4, 0.959), (6, 0.0029), (8, 0.0)]
E-b1 position_scan 66 900 [(4, 0.6953), (6, 0.0215), (8, 0.0)]
E-b1 position_scan 66 1800 [(4, 0.835), (6, 0.0), (8, 0.0)]
E-b1 position_scan 66 3600 [(4, 0.8994), (6, 0.0), (8, 0.0)]
E-b1 position_scan 66 7200 [(4, 0.8887), (6, 0.0), (8, 0.0)]
E-b1 position_scan 66 14400 [(4, 0.9609), (6, 0.0), (8, 0.0)]
E-b1 phase_scan 55 900 [(4, 0.0), (6, 0.0), (8, 0.0)]
E-b1 phase_scan 55 1800 [(4, 0.0), (6, 0.0), (8, 0.0)]
E-b1 phase_scan 55 3600 [(4, 0.0), (6, 0.0), (8, 0.0)]
E-b1 phase_scan 55 7200 [(4, 0.0), (6, 0.0), (8, 0.0)]
E-b1 phase_scan 55 14400 [(4, 0.9062), (6, 0.5166), (8, 0.0059)]
E-D priority_scan 44 900 [(4, 0.1777), (6, 0.0244), (8, 0.0039)]
E-D priority_scan 44 1800 [(4, 0.1904), (6, 0.0244), (8, 0.0029)]
E-D priority_scan 44 3600 [(4, 0.4326), (6, 0.041), (8, 0.0039)]
E-D priority_scan 44 7200 [(4, 0.5986), (6, 0.0801), (8, 0.0078)]
E-D priority_scan 44 14400 [(4, 0.8691), (6, 0.373), (8, 0.0439)]
E-D position_scan 33 900 [(4, 0.8545), (6, 0.625), (8, 0.3633)]
E-D position_scan 33 1800 [(4, 0.9287), (6, 0.7764), (8, 0.5664)]
E-D position_scan 33 3600 [(4, 0.9492), (6, 0.8389), (8, 0.7334)]
E-D position_scan 33 7200 [(4, 0.9512), (6, 0.8789), (8, 0.7842)]
E-D position_scan 33 14400 [(4, 0.9746), (6, 0.9307), (8, 0.8838)]
E-D phase_scan 22 900 [(4, 0.0), (6, 0.0), (8, 0.0)]
E-D phase_scan 22 1800 [(4, 0.0), (6, 0.0), (8, 0.0)]
E-D phase_scan 22 3600 [(4, 0.0), (6, 0.0), (8, 0.0)]
E-D phase_scan 22 7200 [(4, 0.8633), (6, 0.5684), (8, 0.1377)]
E-D phase_scan 22 14400 [(4, 0.9609), (6, 0.8916), (8, 0.5771)]
M6-b2 priority_scan 11 900 [(4, 0.29), (6, 0.0537), (8, 0.0107)]
M6-b2 priority_scan 11 1800 [(4, 0.5088), (6, 0.0332), (8, 0.001)]
M6-b2 priority_scan 11 3600 [(4, 0.7275), (6, 0.1367), (8, 0.0039)]
M6-b2 priority_scan 11 7200 [(4, 0.874), (6, 0.5938), (8, 0.0518)]
M6-b2 priority_scan 11 14400 [(4, 0.9062), (6, 0.7754), (8, 0.0)]
M6-b2 priority_scan 11 28800 [(4, 0.9512), (6, 0.877), (8, 0.0)]
M6-b2 priority_scan 11 36000 [(4, 0.958), (6, 0.916), (8, 0.001)]
M6-b2 priority_scan 88 900 [(4, 0.3486), (6, 0.0312), (8, 0.001)]
M6-b2 priority_scan 88 1800 [(4, 0.7754), (6, 0.3574), (8, 0.0557)]
M6-b2 priority_scan 88 3600 [(4, 0.7998), (6, 0.2676), (8, 0.002)]
M6-b2 priority_scan 88 7200 [(4, 0.9004), (6, 0.6611), (8, 0.1426)]
M6-b2 priority_scan 88 14400 [(4, 0.9229), (6, 0.7432), (8, 0.1934)]
M6-b2 priority_scan 88 28800 [(4, 0.9658), (6, 0.8506), (8, 0.1514)]
M6-b2 priority_scan 88 36000 [(4, 0.959), (6, 0.7998), (8, 0.0127)]
M6-b2 position_scan 77 900 [(4, 0.5293), (6, 0.0205), (8, 0.0)]
M6-b2 position_scan 77 1800 [(4, 0.8232), (6, 0.4375), (8, 0.0508)]
M6-b2 position_scan 77 3600 [(4, 0.8623), (6, 0.6592), (8, 0.1328)]
M6-b2 position_scan 77 7200 [(4, 0.8594), (6, 0.6836), (8, 0.0)]
M6-b2 position_scan 77 14400 [(4, 0.9277), (6, 0.8994), (8, 0.0049)]
M6-b2 position_scan 77 28800 [(4, 0.957), (6, 0.9258), (8, 0.0)]
M6-b2 position_scan 77 36000 [(4, 0.9287), (6, 0.8789), (8, 0.0)]
M6-b2 phase_scan 66 900 [(4, 0.7656), (6, 0.4199), (8, 0.1035)]
M6-b2 phase_scan 66 1800 [(4, 0.8252), (6, 0.5957), (8, 0.1436)]
M6-b2 phase_scan 66 3600 [(4, 0.7773), (6, 0.6025), (8, 0.0049)]
M6-b2 phase_scan 66 7200 [(4, 0.9131), (6, 0.835), (8, 0.0391)]
M6-b2 phase_scan 66 14400 [(4, 0.8613), (6, 0.8467), (8, 0.0049)]
M6-b2 phase_scan 66 28800 [(4, 0.9287), (6, 0.9082), (8, 0.0)]
M6-b2 phase_scan 66 36000 [(4, 0.9609), (6, 0.9473), (8, 0.0029)]
M6-b1 priority_scan 55 900 [(4, 0.1855), (6, 0.0049), (8, 0.0)]
M6-b1 priority_scan 55 1800 [(4, 0.7012), (6, 0.0293), (8, 0.0)]
M6-b1 priority_scan 55 3600 [(4, 0.7822), (6, 0.1211), (8, 0.001)]
M6-b1 priority_scan 55 7200 [(4, 0.8291), (6, 0.0078), (8, 0.0)]
M6-b1 priority_scan 55 14400 [(4, 0.9189), (6, 0.0166), (8, 0.0)]
M6-b1 priority_scan 55 28800 [(4, 0.9238), (6, 0.0508), (8, 0.0)]
M6-b1 priority_scan 55 36000 [(4, 0.7129), (6, 0.0), (8, 0.0)]
M6-b1 position_scan 44 900 [(4, 0.3613), (6, 0.0137), (8, 0.0)]
M6-b1 position_scan 44 1800 [(4, 0.4795), (6, 0.001), (8, 0.0)]
M6-b1 position_scan 44 3600 [(4, 0.0088), (6, 0.0), (8, 0.0)]
M6-b1 position_scan 44 7200 [(4, 0.1475), (6, 0.001), (8, 0.0)]
M6-b1 position_scan 44 14400 [(4, 0.0449), (6, 0.0), (8, 0.0)]
M6-b1 position_scan 44 28800 [(4, 0.0146), (6, 0.0), (8, 0.0)]
M6-b1 position_scan 44 36000 [(4, 0.0107), (6, 0.0), (8, 0.0)]
M6-b1 phase_scan 33 900 [(4, 0.5605), (6, 0.0566), (8, 0.0)]
M6-b1 phase_scan 33 1800 [(4, 0.7725), (6, 0.4834), (8, 0.0205)]
M6-b1 phase_scan 33 3600 [(4, 0.7979), (6, 0.6455), (8, 0.002)]
M6-b1 phase_scan 33 7200 [(4, 0.9072), (6, 0.7812), (8, 0.0234)]
M6-b1 phase_scan 33 14400 [(4, 0.6426), (6, 0.4521), (8, 0.0)]
M6-b1 phase_scan 33 28800 [(4, 0.9521), (6, 0.916), (8, 0.0039)]
M6-b1 phase_scan 33 36000 [(4, 0.9473), (6, 0.9287), (8, 0.0068)]
W30-b1 priority_scan 22 900 [(4, 0.082), (6, 0.0049), (8, 0.0)]
W30-b1 priority_scan 22 1800 [(4, 0.4297), (6, 0.0059), (8, 0.0)]
W30-b1 priority_scan 22 3600 [(4, 0.6914), (6, 0.0039), (8, 0.0)]
W30-b1 priority_scan 22 7200 [(4, 0.583), (6, 0.0039), (8, 0.0)]
W30-b1 priority_scan 22 14400 [(4, 0.3262), (6, 0.0), (8, 0.0)]
W30-b1 priority_scan 22 28800 [(4, 0.5283), (6, 0.0), (8, 0.0)]
W30-b1 priority_scan 22 36000 [(4, 0.6514), (6, 0.0), (8, 0.0)]
W30-b1 position_scan 11 900 [(4, 0.1396), (6, 0.0), (8, 0.0)]
W30-b1 position_scan 11 1800 [(4, 0.1562), (6, 0.0), (8, 0.0)]
W30-b1 position_scan 11 3600 [(4, 0.4277), (6, 0.0), (8, 0.0)]
W30-b1 position_scan 11 7200 [(4, 0.1221), (6, 0.0), (8, 0.0)]
W30-b1 position_scan 11 14400 [(4, 0.3701), (6, 0.0), (8, 0.0)]
W30-b1 position_scan 11 28800 [(4, 0.666), (6, 0.0), (8, 0.0)]
W30-b1 position_scan 11 36000 [(4, 0.8994), (6, 0.0), (8, 0.0)]
W30-b1 position_scan 88 900 [(4, 0.0752), (6, 0.0), (8, 0.0)]
W30-b1 position_scan 88 1800 [(4, 0.1738), (6, 0.0), (8, 0.0)]
W30-b1 position_scan 88 3600 [(4, 0.0225), (6, 0.0), (8, 0.0)]
W30-b1 position_scan 88 7200 [(4, 0.0713), (6, 0.0), (8, 0.0)]
W30-b1 position_scan 88 14400 [(4, 0.5293), (6, 0.0), (8, 0.0)]
W30-b1 position_scan 88 28800 [(4, 0.292), (6, 0.0), (8, 0.0)]
W30-b1 position_scan 88 36000 [(4, 0.4043), (6, 0.0), (8, 0.0)]
W30-b1 phase_scan 77 900 [(4, 0.541), (6, 0.0049), (8, 0.0)]
W30-b1 phase_scan 77 1800 [(4, 0.6211), (6, 0.0156), (8, 0.0)]
W30-b1 phase_scan 77 3600 [(4, 0.8066), (6, 0.0059), (8, 0.0)]
W30-b1 phase_scan 77 7200 [(4, 0.8809), (6, 0.0146), (8, 0.0)]
W30-b1 phase_scan 77 14400 [(4, 0.9277), (6, 0.1182), (8, 0.0)]
W30-b1 phase_scan 77 28800 [(4, 0.9629), (6, 0.0078), (8, 0.0)]
W30-b1 phase_scan 77 36000 [(4, 0.957), (6, 0.4062), (8, 0.0)]
W75-b1 priority_scan 66 900 [(4, 0.457), (6, 0.0918), (8, 0.0127)]
W75-b1 priority_scan 66 1800 [(4, 0.8604), (6, 0.416), (8, 0.0205)]
W75-b1 priority_scan 66 3600 [(4, 0.9346), (6, 0.627), (8, 0.0439)]
W75-b1 priority_scan 66 7200 [(4, 0.9502), (6, 0.6826), (8, 0.0195)]
W75-b1 priority_scan 66 14400 [(4, 0.9609), (6, 0.7217), (8, 0.042)]
W75-b1 priority_scan 66 28800 [(4, 0.9756), (6, 0.8428), (8, 0.0176)]
W75-b1 priority_scan 66 36000 [(4, 0.9854), (6, 0.8867), (8, 0.0732)]
W75-b1 position_scan 55 900 [(4, 0.8047), (6, 0.0596), (8, 0.0)]
W75-b1 position_scan 55 1800 [(4, 0.8672), (6, 0.0996), (8, 0.0)]
W75-b1 position_scan 55 3600 [(4, 0.9434), (6, 0.6338), (8, 0.0176)]
W75-b1 position_scan 55 7200 [(4, 0.9619), (6, 0.6533), (8, 0.0029)]
W75-b1 position_scan 55 14400 [(4, 0.9775), (6, 0.791), (8, 0.002)]
W75-b1 position_scan 55 28800 [(4, 0.9883), (6, 0.8926), (8, 0.0)]
W75-b1 position_scan 55 36000 [(4, 0.9844), (6, 0.9092), (8, 0.0)]
W75-b1 phase_scan 44 900 [(4, 0.8779), (6, 0.6553), (8, 0.2627)]
W75-b1 phase_scan 44 1800 [(4, 0.9287), (6, 0.7676), (8, 0.4062)]
W75-b1 phase_scan 44 3600 [(4, 0.958), (6, 0.8271), (8, 0.4316)]
W75-b1 phase_scan 44 7200 [(4, 0.959), (6, 0.8535), (8, 0.3818)]
W75-b1 phase_scan 44 14400 [(4, 0.9678), (6, 0.9229), (8, 0.4873)]
W75-b1 phase_scan 44 28800 [(4, 0.9941), (6, 0.9492), (8, 0.3711)]
W75-b1 phase_scan 44 36000 [(4, 0.9844), (6, 0.9336), (8, 0.2734)]
