X46-b2 priority_scan 22 900 [(4, 0.1846), (6, 0.0225), (8, 0.002)]
X46-b2 priority_scan 22 1800 [(4, 0.7441), (6, 0.3896), (8, 0.0742)]
X46-b2 priority_scan 22 3600 [(4, 0.8623), (6, 0.4814), (8, 0.0557)]
X46-b2 priority_scan 22 7200 [(4, 0.8857), (6, 0.4824), (8, 0.0068)]
X46-b2 priority_scan 22 14400 [(4, 0.9141), (6, 0.1387), (8, 0.0)]
X46-b2 priority_scan 22 28800 [(4, 0.9629), (6, 0.7285), (8, 0.0166)]
X46-b2 priority_scan 22 36000 [(4, 0.9521), (6, 0.6992), (8, 0.0088)]
X46-b2 position_scan 11 900 [(4, 0.7158), (6, 0.2695), (8, 0.0371)]
X46-b2 position_scan 11 1800 [(4, 0.8477), (6, 0.3174), (8, 0.0078)]
X46-b2 position_scan 11 3600 [(4, 0.7305), (6, 0.0166), (8, 0.0)]
X46-b2 position_scan 11 7200 [(4, 0.9316), (6, 0.6973), (8, 0.043)]
X46-b2 position_scan 11 14400 [(4, 0.9346), (6, 0.7373), (8, 0.0)]
X46-b2 position_scan 11 28800 [(4, 0.9736), (6, 0.8682), (8, 0.0)]
X46-b2 position_scan 11 36000 [(4, 0.9824), (6, 0.916), (8, 0.0)]
X46-b2 position_scan 88 900 [(4, 0.6035), (6, 0.0977), (8, 0.0029)]
X46-b2 position_scan 88 1800 [(4, 0.8115), (6, 0.3262), (8, 0.0146)]
X46-b2 position_scan 88 3600 [(4, 0.8213), (6, 0.1709), (8, 0.001)]
X46-b2 position_scan 88 7200 [(4, 0.9297), (6, 0.6504), (8, 0.0234)]
X46-b2 position_scan 88 14400 [(4, 0.9717), (6, 0.8057), (8, 0.0283)]
X46-b2 position_scan 88 28800 [(4, 0.9678), (6, 0.8506), (8, 0.002)]
X46-b2 position_scan 88 36000 [(4, 0.9746), (6, 0.8945), (8, 0.0088)]
X46-b2 phase_scan 77 900 [(4, 0.6982), (6, 0.0742), (8, 0.001)]
X46-b2 phase_scan 77 1800 [(4, 0.8496), (6, 0.4561), (8, 0.0273)]
X46-b2 phase_scan 77 3600 [(4, 0.915), (6, 0.6006), (8, 0.1162)]
X46-b2 phase_scan 77 7200 [(4, 0.9141), (6, 0.6895), (8, 0.002)]
X46-b2 phase_scan 77 14400 [(4, 0.9561), (6, 0.8584), (8, 0.0586)]
X46-b2 phase_scan 77 28800 [(4, 0.9766), (6, 0.9189), (8, 0.0098)]
X46-b2 phase_scan 77 36000 [(4, 0.9756), (6, 0.9092), (8, 0.002)]
N8-b2L priority_scan 66 900 [(6, 0.0156), (8, 0.001)]
N8-b2L priority_scan 66 1800 [(6, 0.2598), (8, 0.0137)]
N8-b2L priority_scan 66 3600 [(6, 0.4785), (8, 0.0342)]
N8-b2L priority_scan 66 7200 [(6, 0.5693), (8, 0.0176)]
N8-b2L priority_scan 66 14400 [(6, 0.4033), (8, 0.0)]
N8-b2L priority_scan 66 28800 [(6, 0.8096), (8, 0.0)]
N8-b2L priority_scan 66 36000 [(6, 0.8096), (8, 0.0078)]
N8-b2L position_scan 55 900 [(6, 0.042), (8, 0.001)]
N8-b2L position_scan 55 1800 [(6, 0.0635), (8, 0.0)]
N8-b2L position_scan 55 3600 [(6, 0.0801), (8, 0.0)]
N8-b2L position_scan 55 7200 [(6, 0.3291), (8, 0.0273)]
N8-b2L position_scan 55 14400 [(6, 0.2256), (8, 0.0)]
N8-b2L position_scan 55 28800 [(6, 0.0098), (8, 0.0)]
N8-b2L position_scan 55 36000 [(6, 0.0068), (8, 0.0)]
N8-b2L phase_scan 44 900 [(6, 0.3672), (8, 0.0713)]
N8-b2L phase_scan 44 1800 [(6, 0.6465), (8, 0.4346)]
N8-b2L phase_scan 44 3600 [(6, 0.5479), (8, 0.1484)]
N8-b2L phase_scan 44 7200 [(6, 0.5205), (8, 0.3936)]
N8-b2L phase_scan 44 14400 [(6, 0.1318), (8, 0.5078)]
N8-b2L phase_scan 44 28800 [(6, 0.8457), (8, 0.8174)]
N8-b2L phase_scan 44 36000 [(6, 0.084), (8, 0.6855)]
N8-b4L priority_scan 33 900 [(6, 0.0312), (8, 0.0049)]
N8-b4L priority_scan 33 1800 [(6, 0.3721), (8, 0.0586)]
N8-b4L priority_scan 33 3600 [(6, 0.6074), (8, 0.1699)]
N8-b4L priority_scan 33 7200 [(6, 0.7695), (8, 0.5674)]
N8-b4L priority_scan 33 14400 [(6, 0.8223), (8, 0.6328)]
N8-b4L priority_scan 33 28800 [(6, 0.8926), (8, 0.7227)]
N8-b4L priority_scan 33 36000 [(6, 0.9238), (8, 0.8486)]
N8-b4L position_scan 22 900 [(6, 0.3896), (8, 0.1045)]
N8-b4L position_scan 22 1800 [(6, 0.2695), (8, 0.0107)]
N8-b4L position_scan 22 3600 [(6, 0.7432), (8, 0.5332)]
N8-b4L position_scan 22 7200 [(6, 0.7217), (8, 0.5791)]
N8-b4L position_scan 22 14400 [(6, 0.7295), (8, 0.7305)]
N8-b4L position_scan 22 28800 [(6, 0.6396), (8, 0.8418)]
N8-b4L position_scan 22 36000 [(6, 0.1602), (8, 0.7939)]
N8-b4L phase_scan 11 900 [(6, 0.2314), (8, 0.0166)]
N8-b4L phase_scan 11 1800 [(6, 0.4766), (8, 0.0947)]
N8-b4L phase_scan 11 3600 [(6, 0.6338), (8, 0.3389)]
N8-b4L phase_scan 11 7200 [(6, 0.4238), (8, 0.5039)]
N8-b4L phase_scan 11 14400 [(6, 0.6914), (8, 0.8027)]
N8-b4L phase_scan 11 28800 [(6, 0.7646), (8, 0.8232)]
N8-b4L phase_scan 11 36000 [(6, 0.7207), (8, 0.8896)]
N8-b4L phase_scan 88 900 [(6, 0.3789), (8, 0.0654)]
N8-b4L phase_scan 88 1800 [(6, 0.4668), (8, 0.083)]
N8-b4L phase_scan 88 3600 [(6, 0.6025), (8, 0.3428)]
N8-b4L phase_scan 88 7200 [(6, 0.748), (8, 0.6631)]
N8-b4L phase_scan 88 14400 [(6, 0.7812), (8, 0.8447)]
N8-b4L phase_scan 88 28800 [(6, 0.7275), (8, 0.874)]
N8-b4L phase_scan 88 36000 [(6, 0.6543), (8, 0.8506)]
N8-b16L priority_scan 77 900 [(6, 0.0225), (8, 0.0039)]
N8-b16L priority_scan 77 1800 [(6, 0.2754), (8, 0.0869)]
N8-b16L priority_scan 77 3600 [(6, 0.623), (8, 0.3682)]
N8-b16L priority_scan 77 7200 [(6, 0.7383), (8, 0.5928)]
N8-b16L priority_scan 77 14400 [(6, 0.8652), (8, 0.7734)]
N8-b16L priority_scan 77 28800 [(6, 0.917), (8, 0.8604)]
N8-b16L priority_scan 77 36000 [(6, 0.918), (8, 0.8877)]
N8-b16L position_scan 66 900 [(6, 0.3457), (8, 0.0908)]
N8-b16L position_scan 66 1800 [(6, 0.6016), (8, 0.3584)]
N8-b16L position_scan 66 3600 [(6, 0.6807), (8, 0.457)]
N8-b16L position_scan 66 7200 [(6, 0.8096), (8, 0.6641)]
N8-b16L position_scan 66 14400 [(6, 0.8506), (8, 0.793)]
N8-b16L position_scan 66 28800 [(6, 0.915), (8, 0.9082)]
N8-b16L position_scan 66 36000 [(6, 0.9111), (8, 0.8809)]
N8-b16L phase_scan 55 900 [(6, 0.4561), (8, 0.2217)]
N8-b16L phase_scan 55 1800 [(6, 0.5908), (8, 0.3643)]
N8-b16L phase_scan 55 3600 [(6, 0.5391), (8, 0.1924)]
N8-b16L phase_scan 55 7200 [(6, 0.8145), (8, 0.7266)]
N8-b16L phase_scan 55 14400 [(6, 0.8486), (8, 0.8018)]
N8-b16L phase_scan 55 28800 [(6, 0.9121), (8, 0.9033)]
N8-b16L phase_scan 55 36000 [(6, 0.9316), (8, 0.9102)]
D priority_scan 44 900 [(4, 0.1758), (6, 0.0303), (8, 0.0039)]
D priority_scan 44 1800 [(4, 0.1826), (6, 0.0186), (8, 0.001)]
D priority_scan 44 3600 [(4, 0.3574), (6, 0.083), (8, 0.0107)]
D priority_scan 44 7200 [(4, 0.8535), (6, 0.6475), (8, 0.3242)]
D priority_scan 44 14400 [(4, 0.9404), (6, 0.833), (8, 0.6201)]
D priority_scan 44 28800 [(4, 0.9629), (6, 0.8916), (8, 0.6934)]
D priority_scan 44 36000 [(4, 0.9697), (6, 0.8955), (8, 0.752)]
D position_scan 33 900 [(4, 0.7578), (6, 0.4062), (8, 0.1377)]
D position_scan 33 1800 [(4, 0.8574), (6, 0.6279), (8, 0.3516)]
D position_scan 33 3600 [(4, 0.9102), (6, 0.7119), (8, 0.5361)]
D position_scan 33 7200 [(4, 0.9316), (6, 0.7871), (8, 0.6211)]
D position_scan 33 14400 [(4, 0.9707), (6, 0.8672), (8, 0.6641)]
D position_scan 33 28800 [(4, 0.9609), (6, 0.9219), (8, 0.7744)]
D position_scan 33 36000 [(4, 0.9795), (6, 0.9424), (8, 0.7334)]
D phase_scan 22 900 [(4, 0.7734), (6, 0.3984), (8, 0.1201)]
D phase_scan 22 1800 [(4, 0.8418), (6, 0.5752), (8, 0.2979)]
D phase_scan 22 3600 [(4, 0.915), (6, 0.6748), (8, 0.3877)]
D phase_scan 22 7200 [(4, 0.9453), (6, 0.8135), (8, 0.6367)]
D phase_scan 22 14400 [(4, 0.9414), (6, 0.8027), (8, 0.334)]
D phase_scan 22 28800 [(4, 0.9697), (6, 0.9014), (8, 0.0811)]
D phase_scan 22 36000 [(4, 0.9727), (6, 0.9199), (8, 0.3086)]
RL priority_scan 11 900 [(4, 0.1807), (6, 0.0205), (8, 0.0039)]
RL priority_scan 11 1800 [(4, 0.1953), (6, 0.0254), (8, 0.0068)]
RL priority_scan 11 3600 [(4, 0.5674), (6, 0.1436), (8, 0.0166)]
RL priority_scan 11 7200 [(4, 0.9082), (6, 0.6982), (8, 0.3105)]
RL priority_scan 11 14400 [(4, 0.9443), (6, 0.8184), (8, 0.541)]
RL priority_scan 11 28800 [(4, 0.9619), (6, 0.8818), (8, 0.7549)]
RL priority_scan 11 36000 [(4, 0.9707), (6, 0.916), (8, 0.7998)]
RL priority_scan 88 900 [(4, 0.1943), (6, 0.0322), (8, 0.0029)]
RL priority_scan 88 1800 [(4, 0.209), (6, 0.0312), (8, 0.0039)]
RL priority_scan 88 3600 [(4, 0.7998), (6, 0.5059), (8, 0.2256)]
RL priority_scan 88 7200 [(4, 0.9023), (6, 0.75), (8, 0.4766)]
RL priority_scan 88 14400 [(4, 0.9443), (6, 0.832), (8, 0.5752)]
RL priority_scan 88 28800 [(4, 0.9678), (6, 0.9004), (8, 0.7871)]
RL priority_scan 88 36000 [(4, 0.9697), (6, 0.9209), (8, 0.7539)]
RL position_scan 77 900 [(4, 0.7783), (6, 0.4424), (8, 0.1885)]
RL position_scan 77 1800 [(4, 0.8652), (6, 0.5986), (8, 0.3525)]
RL position_scan 77 3600 [(4, 0.8838), (6, 0.6484), (8, 0.2432)]
RL position_scan 77 7200 [(4, 0.9072), (6, 0.6846), (8, 0.3584)]
RL position_scan 77 14400 [(4, 0.9561), (6, 0.8857), (8, 0.6631)]
RL position_scan 77 28800 [(4, 0.9756), (6, 0.9248), (8, 0.541)]
RL position_scan 77 36000 [(4, 0.9766), (6, 0.9268), (8, 0.2637)]
RL phase_scan 66 900 [(4, 0.7959), (6, 0.4326), (8, 0.1572)]
RL phase_scan 66 1800 [(4, 0.8604), (6, 0.6367), (8, 0.3379)]
RL phase_scan 66 3600 [(4, 0.8887), (6, 0.6602), (8, 0.3623)]
RL phase_scan 66 7200 [(4, 0.9219), (6, 0.7217), (8, 0.2402)]
RL phase_scan 66 14400 [(4, 0.9619), (6, 0.8457), (8, 0.084)]
RL phase_scan 66 28800 [(4, 0.9746), (6, 0.8701), (8, 0.0107)]
RL phase_scan 66 36000 [(4, 0.9814), (6, 0.9248), (8, 0.0049)]
