X46-b2 priority_scan 55 900 [(4, 0.1865), (6, 0.0303), (8, 0.0029)]
X46-b2 priority_scan 55 1800 [(4, 0.7334), (6, 0.2461), (8, 0.0391)]
X46-b2 priority_scan 55 3600 [(4, 0.8447), (6, 0.3281), (8, 0.0059)]
X46-b2 priority_scan 55 7200 [(4, 0.9014), (6, 0.5312), (8, 0.043)]
X46-b2 priority_scan 55 14400 [(4, 0.9307), (6, 0.6738), (8, 0.0576)]
X46-b2 priority_scan 55 28800 [(4, 0.9746), (6, 0.8438), (8, 0.0205)]
X46-b2 priority_scan 55 36000 [(4, 0.9746), (6, 0.8262), (8, 0.0078)]
X46-b2 position_scan 44 900 [(4, 0.6309), (6, 0.1211), (8, 0.0039)]
X46-b2 position_scan 44 1800 [(4, 0.8262), (6, 0.4131), (8, 0.0312)]
X46-b2 position_scan 44 3600 [(4, 0.873), (6, 0.6582), (8, 0.2021)]
X46-b2 position_scan 44 7200 [(4, 0.8672), (6, 0.293), (8, 0.0)]
X46-b2 position_scan 44 14400 [(4, 0.9482), (6, 0.7695), (8, 0.0)]
X46-b2 position_scan 44 28800 [(4, 0.9795), (6, 0.8223), (8, 0.0)]
X46-b2 position_scan 44 36000 [(4, 0.9766), (6, 0.8896), (8, 0.0)]
X46-b2 phase_scan 33 900 [(4, 0.7158), (6, 0.1787), (8, 0.0146)]
X46-b2 phase_scan 33 1800 [(4, 0.7852), (6, 0.2695), (8, 0.0156)]
X46-b2 phase_scan 33 3600 [(4, 0.8984), (6, 0.4961), (8, 0.0215)]
X46-b2 phase_scan 33 7200 [(4, 0.9238), (6, 0.7715), (8, 0.1465)]
X46-b2 phase_scan 33 14400 [(4, 0.9619), (6, 0.8271), (8, 0.0889)]
X46-b2 phase_scan 33 28800 [(4, 0.9512), (6, 0.8945), (8, 0.0049)]
X46-b2 phase_scan 33 36000 [(4, 0.9775), (6, 0.9062), (8, 0.0)]
N8-b2L priority_scan 22 900 [(6, 0.0283), (8, 0.0)]
N8-b2L priority_scan 22 1800 [(6, 0.2324), (8, 0.0029)]
N8-b2L priority_scan 22 3600 [(6, 0.5029), (8, 0.0381)]
N8-b2L priority_scan 22 7200 [(6, 0.6191), (8, 0.0576)]
N8-b2L priority_scan 22 14400 [(6, 0.4004), (8, 0.0)]
N8-b2L priority_scan 22 28800 [(6, 0.6914), (8, 0.0)]
N8-b2L priority_scan 22 36000 [(6, 0.7803), (8, 0.0049)]
N8-b2L position_scan 11 900 [(6, 0.1992), (8, 0.0068)]
N8-b2L position_scan 11 1800 [(6, 0.2275), (8, 0.002)]
N8-b2L position_scan 11 3600 [(6, 0.0068), (8, 0.0)]
N8-b2L position_scan 11 7200 [(6, 0.085), (8, 0.0)]
N8-b2L position_scan 11 14400 [(6, 0.0479), (8, 0.0)]
N8-b2L position_scan 11 28800 [(6, 0.0068), (8, 0.0)]
N8-b2L position_scan 11 36000 [(6, 0.0127), (8, 0.0)]
N8-b2L position_scan 88 900 [(6, 0.2373), (8, 0.0127)]
N8-b2L position_scan 88 1800 [(6, 0.0361), (8, 0.0)]
N8-b2L position_scan 88 3600 [(6, 0.0166), (8, 0.0)]
N8-b2L position_scan 88 7200 [(6, 0.0186), (8, 0.0)]
N8-b2L position_scan 88 14400 [(6, 0.0303), (8, 0.001)]
N8-b2L position_scan 88 28800 [(6, 0.0176), (8, 0.0)]
N8-b2L position_scan 88 36000 [(6, 0.0332), (8, 0.0)]
N8-b2L phase_scan 77 900 [(6, 0.3271), (8, 0.0381)]
N8-b2L phase_scan 77 1800 [(6, 0.4248), (8, 0.0615)]
N8-b2L phase_scan 77 3600 [(6, 0.4824), (8, 0.0557)]
N8-b2L phase_scan 77 7200 [(6, 0.418), (8, 0.1416)]
N8-b2L phase_scan 77 14400 [(6, 0.251), (8, 0.6543)]
N8-b2L phase_scan 77 28800 [(6, 0.3906), (8, 0.7822)]
N8-b2L phase_scan 77 36000 [(6, 0.3516), (8, 0.7744)]
N8-b4L priority_scan 66 900 [(6, 0.0312), (8, 0.0029)]
N8-b4L priority_scan 66 1800 [(6, 0.3154), (8, 0.0605)]
N8-b4L priority_scan 66 3600 [(6, 0.6748), (8, 0.457)]
N8-b4L priority_scan 66 7200 [(6, 0.748), (8, 0.5068)]
N8-b4L priority_scan 66 14400 [(6, 0.8467), (8, 0.7158)]
N8-b4L priority_scan 66 28800 [(6, 0.875), (8, 0.7617)]
N8-b4L priority_scan 66 36000 [(6, 0.8887), (8, 0.791)]
N8-b4L position_scan 55 900 [(6, 0.4141), (8, 0.124)]
N8-b4L position_scan 55 1800 [(6, 0.3828), (8, 0.0557)]
N8-b4L position_scan 55 3600 [(6, 0.5225), (8, 0.2109)]
N8-b4L position_scan 55 7200 [(6, 0.5205), (8, 0.1924)]
N8-b4L position_scan 55 14400 [(6, 0.7705), (8, 0.7227)]
N8-b4L position_scan 55 28800 [(6, 0.7559), (8, 0.8535)]
N8-b4L position_scan 55 36000 [(6, 0.71), (8, 0.8477)]
N8-b4L phase_scan 44 900 [(6, 0.3574), (8, 0.1211)]
N8-b4L phase_scan 44 1800 [(6, 0.3906), (8, 0.0615)]
N8-b4L phase_scan 44 3600 [(6, 0.5742), (8, 0.1934)]
N8-b4L phase_scan 44 7200 [(6, 0.7041), (8, 0.7139)]
N8-b4L phase_scan 44 14400 [(6, 0.7793), (8, 0.8057)]
N8-b4L phase_scan 44 28800 [(6, 0.876), (8, 0.8643)]
N8-b4L phase_scan 44 36000 [(6, 0.8994), (8, 0.9248)]
N8-b16L priority_scan 33 900 [(6, 0.0244), (8, 0.0049)]
N8-b16L priority_scan 33 1800 [(6, 0.0586), (8, 0.0107)]
N8-b16L priority_scan 33 3600 [(6, 0.1143), (8, 0.0215)]
N8-b16L priority_scan 33 7200 [(6, 0.4775), (8, 0.2207)]
N8-b16L priority_scan 33 14400 [(6, 0.8486), (8, 0.7734)]
N8-b16L priority_scan 33 28800 [(6, 0.9131), (8, 0.8477)]
N8-b16L priority_scan 33 36000 [(6, 0.918), (8, 0.8643)]
N8-b16L position_scan 22 900 [(6, 0.3965), (8, 0.1377)]
N8-b16L position_scan 22 1800 [(6, 0.6328), (8, 0.3701)]
N8-b16L position_scan 22 3600 [(6, 0.6426), (8, 0.4316)]
N8-b16L position_scan 22 7200 [(6, 0.7764), (8, 0.6299)]
N8-b16L position_scan 22 14400 [(6, 0.8369), (8, 0.6543)]
N8-b16L position_scan 22 28800 [(6, 0.9141), (8, 0.8848)]
N8-b16L position_scan 22 36000 [(6, 0.9404), (8, 0.9082)]
N8-b16L phase_scan 11 900 [(6, 0.3965), (8, 0.1035)]
N8-b16L phase_scan 11 1800 [(6, 0.5762), (8, 0.3096)]
N8-b16L phase_scan 11 3600 [(6, 0.7588), (8, 0.6104)]
N8-b16L phase_scan 11 7200 [(6, 0.791), (8, 0.6514)]
N8-b16L phase_scan 11 14400 [(6, 0.875), (8, 0.8418)]
N8-b16L phase_scan 11 28800 [(6, 0.9219), (8, 0.8887)]
N8-b16L phase_scan 11 36000 [(6, 0.9141), (8, 0.9062)]
N8-b16L phase_scan 88 900 [(6, 0.5029), (8, 0.1846)]
N8-b16L phase_scan 88 1800 [(6, 0.5674), (8, 0.3174)]
N8-b16L phase_scan 88 3600 [(6, 0.7324), (8, 0.6006)]
N8-b16L phase_scan 88 7200 [(6, 0.8096), (8, 0.6904)]
N8-b16L phase_scan 88 14400 [(6, 0.8691), (8, 0.8232)]
N8-b16L phase_scan 88 28800 [(6, 0.9248), (8, 0.9199)]
N8-b16L phase_scan 88 36000 [(6, 0.9307), (8, 0.9062)]
D priority_scan 77 900 [(4, 0.1777), (6, 0.0186), (8, 0.001)]
D priority_scan 77 1800 [(4, 0.1807), (6, 0.0195), (8, 0.0039)]
D priority_scan 77 3600 [(4, 0.2012), (6, 0.0244), (8, 0.001)]
D priority_scan 77 7200 [(4, 0.8359), (6, 0.5518), (8, 0.1416)]
D priority_scan 77 14400 [(4, 0.9238), (6, 0.7666), (8, 0.3047)]
D priority_scan 77 28800 [(4, 0.9434), (6, 0.8105), (8, 0.6055)]
D priority_scan 77 36000 [(4, 0.9502), (6, 0.8389), (8, 0.6553)]
D position_scan 66 900 [(4, 0.6875), (6, 0.3135), (8, 0.0977)]
D position_scan 66 1800 [(4, 0.8418), (6, 0.5879), (8, 0.293)]
D position_scan 66 3600 [(4, 0.9023), (6, 0.6885), (8, 0.4199)]
D position_scan 66 7200 [(4, 0.9004), (6, 0.6689), (8, 0.373)]
D position_scan 66 14400 [(4, 0.9551), (6, 0.8184), (8, 0.3828)]
D position_scan 66 28800 [(4, 0.9707), (6, 0.9268), (8, 0.7686)]
D position_scan 66 36000 [(4, 0.9785), (6, 0.9141), (8, 0.7666)]
D phase_scan 55 900 [(4, 0.7012), (6, 0.3301), (8, 0.0889)]
D phase_scan 55 1800 [(4, 0.8467), (6, 0.584), (8, 0.2812)]
D phase_scan 55 3600 [(4, 0.8887), (6, 0.6943), (8, 0.458)]
D phase_scan 55 7200 [(4, 0.9316), (6, 0.7812), (8, 0.5693)]
D phase_scan 55 14400 [(4, 0.9482), (6, 0.8457), (8, 0.3789)]
D phase_scan 55 28800 [(4, 0.9775), (6, 0.9287), (8, 0.1074)]
D phase_scan 55 36000 [(4, 0.9795), (6, 0.9092), (8, 0.0391)]
RL priority_scan 44 900 [(4, 0.1768), (6, 0.0254), (8, 0.0049)]
RL priority_scan 44 1800 [(4, 0.1885), (6, 0.0234), (8, 0.001)]
RL priority_scan 44 3600 [(4, 0.5273), (6, 0.1465), (8, 0.0176)]
RL priority_scan 44 7200 [(4, 0.6865), (6, 0.2979), (8, 0.0566)]
RL priority_scan 44 14400 [(4, 0.8438), (6, 0.5605), (8, 0.2451)]
RL priority_scan 44 28800 [(4, 0.958), (6, 0.8691), (8, 0.6484)]
RL priority_scan 44 36000 [(4, 0.9512), (6, 0.8662), (8, 0.6758)]
RL position_scan 33 900 [(4, 0.7471), (6, 0.4072), (8, 0.1582)]
RL position_scan 33 1800 [(4, 0.8633), (6, 0.6162), (8, 0.3096)]
RL position_scan 33 3600 [(4, 0.8789), (6, 0.6416), (8, 0.3438)]
RL position_scan 33 7200 [(4, 0.9033), (6, 0.6758), (8, 0.4062)]
RL position_scan 33 14400 [(4, 0.9629), (6, 0.8662), (8, 0.6855)]
RL position_scan 33 28800 [(4, 0.9629), (6, 0.9062), (8, 0.4658)]
RL position_scan 33 36000 [(4, 0.9795), (6, 0.9424), (8, 0.6699)]
RL phase_scan 22 900 [(4, 0.7637), (6, 0.293), (8, 0.0459)]
RL phase_scan 22 1800 [(4, 0.8301), (6, 0.4893), (8, 0.1309)]
RL phase_scan 22 3600 [(4, 0.9062), (6, 0.6738), (8, 0.4141)]
RL phase_scan 22 7200 [(4, 0.9209), (6, 0.6973), (8, 0.2139)]
RL phase_scan 22 14400 [(4, 0.958), (6, 0.8438), (8, 0.1875)]
RL phase_scan 22 28800 [(4, 0.9736), (6, 0.9453), (8, 0.3311)]
RL phase_scan 22 36000 [(4, 0.9814), (6, 0.9395), (8, 0.3389)]
