X46-b2 priority_scan 33 900 [(4, 0.1875), (6, 0.0254), (8, 0.0039)]
X46-b2 priority_scan 33 1800 [(4, 0.6152), (6, 0.1133), (8, 0.0068)]
X46-b2 priority_scan 33 3600 [(4, 0.7988), (6, 0.2988), (8, 0.0283)]
X46-b2 priority_scan 33 7200 [(4, 0.8965), (6, 0.4375), (8, 0.0234)]
X46-b2 priority_scan 33 14400 [(4, 0.9414), (6, 0.4805), (8, 0.001)]
X46-b2 priority_scan 33 28800 [(4, 0.957), (6, 0.8389), (8, 0.0137)]
X46-b2 priority_scan 33 36000 [(4, 0.9795), (6, 0.7959), (8, 0.042)]
X46-b2 position_scan 22 900 [(4, 0.7393), (6, 0.2432), (8, 0.0146)]
X46-b2 position_scan 22 1800 [(4, 0.7559), (6, 0.2383), (8, 0.002)]
X46-b2 position_scan 22 3600 [(4, 0.873), (6, 0.4932), (8, 0.0137)]
X46-b2 position_scan 22 7200 [(4, 0.8965), (6, 0.4668), (8, 0.0)]
X46-b2 position_scan 22 14400 [(4, 0.958), (6, 0.6172), (8, 0.0)]
X46-b2 position_scan 22 28800 [(4, 0.9727), (6, 0.8613), (8, 0.0)]
X46-b2 position_scan 22 36000 [(4, 0.9775), (6, 0.8828), (8, 0.0)]
X46-b2 phase_scan 11 900 [(4, 0.751), (6, 0.2607), (8, 0.0244)]
X46-b2 phase_scan 11 1800 [(4, 0.8828), (6, 0.4609), (8, 0.0508)]
X46-b2 phase_scan 11 3600 [(4, 0.9121), (6, 0.6465), (8, 0.0234)]
X46-b2 phase_scan 11 7200 [(4, 0.9375), (6, 0.6865), (8, 0.002)]
X46-b2 phase_scan 11 14400 [(4, 0.9287), (6, 0.8076), (8, 0.1689)]
X46-b2 phase_scan 11 28800 [(4, 0.9658), (6, 0.9141), (8, 0.0488)]
X46-b2 phase_scan 11 36000 [(4, 0.9521), (6, 0.8936), (8, 0.0391)]
X46-b2 phase_scan 88 900 [(4, 0.7656), (6, 0.3018), (8, 0.042)]
X46-b2 phase_scan 88 1800 [(4, 0.8623), (6, 0.5371), (8, 0.126)]
X46-b2 phase_scan 88 3600 [(4, 0.9014), (6, 0.6133), (8, 0.042)]
X46-b2 phase_scan 88 7200 [(4, 0.9346), (6, 0.709), (8, 0.0371)]
X46-b2 phase_scan 88 14400 [(4, 0.9492), (6, 0.832), (8, 0.0156)]
X46-b2 phase_scan 88 28800 [(4, 0.9746), (6, 0.8828), (8, 0.002)]
X46-b2 phase_scan 88 36000 [(4, 0.9814), (6, 0.9131), (8, 0.2314)]
N8-b2L priority_scan 77 900 [(6, 0.1191), (8, 0.0156)]
N8-b2L priority_scan 77 1800 [(6, 0.4287), (8, 0.1191)]
N8-b2L priority_scan 77 3600 [(6, 0.3652), (8, 0.002)]
N8-b2L priority_scan 77 7200 [(6, 0.6279), (8, 0.0186)]
N8-b2L priority_scan 77 14400 [(6, 0.7441), (8, 0.1924)]
N8-b2L priority_scan 77 28800 [(6, 0.8486), (8, 0.0146)]
N8-b2L priority_scan 77 36000 [(6, 0.8232), (8, 0.0049)]
N8-b2L position_scan 66 900 [(6, 0.167), (8, 0.0068)]
N8-b2L position_scan 66 1800 [(6, 0.0605), (8, 0.0)]
N8-b2L position_scan 66 3600 [(6, 0.2822), (8, 0.0068)]
N8-b2L position_scan 66 7200 [(6, 0.1816), (8, 0.0)]
N8-b2L position_scan 66 14400 [(6, 0.0293), (8, 0.0)]
N8-b2L position_scan 66 28800 [(6, 0.0146), (8, 0.0)]
N8-b2L position_scan 66 36000 [(6, 0.124), (8, 0.0)]
N8-b2L phase_scan 55 900 [(6, 0.1826), (8, 0.0059)]
N8-b2L phase_scan 55 1800 [(6, 0.4268), (8, 0.0801)]
N8-b2L phase_scan 55 3600 [(6, 0.6162), (8, 0.2686)]
N8-b2L phase_scan 55 7200 [(6, 0.5625), (8, 0.29)]
N8-b2L phase_scan 55 14400 [(6, 0.3896), (8, 0.5049)]
N8-b2L phase_scan 55 28800 [(6, 0.6445), (8, 0.8359)]
N8-b2L phase_scan 55 36000 [(6, 0.4648), (8, 0.7285)]
N8-b4L priority_scan 44 900 [(6, 0.1143), (8, 0.0273)]
N8-b4L priority_scan 44 1800 [(6, 0.4736), (8, 0.1299)]
N8-b4L priority_scan 44 3600 [(6, 0.5381), (8, 0.0977)]
N8-b4L priority_scan 44 7200 [(6, 0.7471), (8, 0.5908)]
N8-b4L priority_scan 44 14400 [(6, 0.7949), (8, 0.4424)]
N8-b4L priority_scan 44 28800 [(6, 0.9053), (8, 0.8154)]
N8-b4L priority_scan 44 36000 [(6, 0.8818), (8, 0.6865)]
N8-b4L position_scan 33 900 [(6, 0.248), (8, 0.041)]
N8-b4L position_scan 33 1800 [(6, 0.4668), (8, 0.1006)]
N8-b4L position_scan 33 3600 [(6, 0.6631), (8, 0.3682)]
N8-b4L position_scan 33 7200 [(6, 0.6777), (8, 0.498)]
N8-b4L position_scan 33 14400 [(6, 0.5723), (8, 0.623)]
N8-b4L position_scan 33 28800 [(6, 0.875), (8, 0.9014)]
N8-b4L position_scan 33 36000 [(6, 0.7305), (8, 0.8574)]
N8-b4L phase_scan 22 900 [(6, 0.5205), (8, 0.2432)]
N8-b4L phase_scan 22 1800 [(6, 0.3896), (8, 0.043)]
N8-b4L phase_scan 22 3600 [(6, 0.6543), (8, 0.4014)]
N8-b4L phase_scan 22 7200 [(6, 0.5977), (8, 0.6475)]
N8-b4L phase_scan 22 14400 [(6, 0.5908), (8, 0.7559)]
N8-b4L phase_scan 22 28800 [(6, 0.8066), (8, 0.8564)]
N8-b4L phase_scan 22 36000 [(6, 0.8779), (8, 0.8867)]
N8-b16L priority_scan 11 900 [(6, 0.0264), (8, 0.0029)]
N8-b16L priority_scan 11 1800 [(6, 0.3164), (8, 0.0986)]
N8-b16L priority_scan 11 3600 [(6, 0.7119), (8, 0.5859)]
N8-b16L priority_scan 11 7200 [(6, 0.7676), (8, 0.6426)]
N8-b16L priority_scan 11 14400 [(6, 0.8857), (8, 0.7998)]
N8-b16L priority_scan 11 28800 [(6, 0.9004), (8, 0.8477)]
N8-b16L priority_scan 11 36000 [(6, 0.918), (8, 0.8506)]
N8-b16L priority_scan 88 900 [(6, 0.0254), (8, 0.0068)]
N8-b16L priority_scan 88 1800 [(6, 0.3818), (8, 0.1289)]
N8-b16L priority_scan 88 3600 [(6, 0.6855), (8, 0.5449)]
N8-b16L priority_scan 88 7200 [(6, 0.8066), (8, 0.6982)]
N8-b16L priority_scan 88 14400 [(6, 0.8652), (8, 0.7793)]
N8-b16L priority_scan 88 28800 [(6, 0.9248), (8, 0.8604)]
N8-b16L priority_scan 88 36000 [(6, 0.9238), (8, 0.8721)]
N8-b16L position_scan 77 900 [(6, 0.3145), (8, 0.0996)]
N8-b16L position_scan 77 1800 [(6, 0.2363), (8, 0.0244)]
N8-b16L position_scan 77 3600 [(6, 0.6777), (8, 0.4121)]
N8-b16L position_scan 77 7200 [(6, 0.6387), (8, 0.3486)]
N8-b16L position_scan 77 14400 [(6, 0.8545), (8, 0.7568)]
N8-b16L position_scan 77 28800 [(6, 0.9277), (8, 0.9023)]
N8-b16L position_scan 77 36000 [(6, 0.9209), (8, 0.8896)]
N8-b16L phase_scan 66 900 [(6, 0.3408), (8, 0.0693)]
N8-b16L phase_scan 66 1800 [(6, 0.5938), (8, 0.375)]
N8-b16L phase_scan 66 3600 [(6, 0.709), (8, 0.4951)]
N8-b16L phase_scan 66 7200 [(6, 0.7646), (8, 0.6113)]
N8-b16L phase_scan 66 14400 [(6, 0.8623), (8, 0.8174)]
N8-b16L phase_scan 66 28800 [(6, 0.9111), (8, 0.8711)]
N8-b16L phase_scan 66 36000 [(6, 0.9346), (8, 0.9219)]
D priority_scan 55 900 [(4, 0.1934), (6, 0.0293), (8, 0.0029)]
D priority_scan 55 1800 [(4, 0.1875), (6, 0.0244), (8, 0.0049)]
D priority_scan 55 3600 [(4, 0.1943), (6, 0.0225), (8, 0.0078)]
D priority_scan 55 7200 [(4, 0.8486), (6, 0.6309), (8, 0.3887)]
D priority_scan 55 14400 [(4, 0.9482), (6, 0.834), (8, 0.6221)]
D priority_scan 55 28800 [(4, 0.9512), (6, 0.8711), (8, 0.7158)]
D priority_scan 55 36000 [(4, 0.9756), (6, 0.9189), (8, 0.79)]
D position_scan 44 900 [(4, 0.7236), (6, 0.3604), (8, 0.0967)]
D position_scan 44 1800 [(4, 0.7773), (6, 0.4521), (8, 0.1543)]
D position_scan 44 3600 [(4, 0.8945), (6, 0.6455), (8, 0.4336)]
D position_scan 44 7200 [(4, 0.9277), (6, 0.7852), (8, 0.5996)]
D position_scan 44 14400 [(4, 0.959), (6, 0.8604), (8, 0.6504)]
D position_scan 44 28800 [(4, 0.9814), (6, 0.9248), (8, 0.8379)]
D position_scan 44 36000 [(4, 0.9805), (6, 0.9355), (8, 0.8125)]
D phase_scan 33 900 [(4, 0.7822), (6, 0.3857), (8, 0.1289)]
D phase_scan 33 1800 [(4, 0.8438), (6, 0.5596), (8, 0.249)]
D phase_scan 33 3600 [(4, 0.9268), (6, 0.7012), (8, 0.5039)]
D phase_scan 33 7200 [(4, 0.9365), (6, 0.8066), (8, 0.5859)]
D phase_scan 33 14400 [(4, 0.9541), (6, 0.8174), (8, 0.4053)]
D phase_scan 33 28800 [(4, 0.957), (6, 0.917), (8, 0.3486)]
D phase_scan 33 36000 [(4, 0.9756), (6, 0.9258), (8, 0.3135)]
RL priority_scan 22 900 [(4, 0.1895), (6, 0.0205), (8, 0.0039)]
RL priority_scan 22 1800 [(4, 0.2002), (6, 0.0215), (8, 0.002)]
RL priority_scan 22 3600 [(4, 0.5293), (6, 0.125), (8, 0.0166)]
RL priority_scan 22 7200 [(4, 0.8232), (6, 0.5459), (8, 0.1973)]
RL priority_scan 22 14400 [(4, 0.9502), (6, 0.8662), (8, 0.7139)]
RL priority_scan 22 28800 [(4, 0.9678), (6, 0.8887), (8, 0.752)]
RL priority_scan 22 36000 [(4, 0.9688), (6, 0.9121), (8, 0.8203)]
RL position_scan 11 900 [(4, 0.7578), (6, 0.3799), (8, 0.0928)]
RL position_scan 11 1800 [(4, 0.8252), (6, 0.5332), (8, 0.2305)]
RL position_scan 11 3600 [(4, 0.9082), (6, 0.7285), (8, 0.5176)]
RL position_scan 11 7200 [(4, 0.8682), (6, 0.6133), (8, 0.3008)]
RL position_scan 11 14400 [(4, 0.9521), (6, 0.8252), (8, 0.5762)]
RL position_scan 11 28800 [(4, 0.9746), (6, 0.9199), (8, 0.6484)]
RL position_scan 11 36000 [(4, 0.9756), (6, 0.9248), (8, 0.2744)]
RL position_scan 88 900 [(4, 0.7031), (6, 0.2891), (8, 0.085)]
RL position_scan 88 1800 [(4, 0.8467), (6, 0.542), (8, 0.2695)]
RL position_scan 88 3600 [(4, 0.8867), (6, 0.708), (8, 0.4775)]
RL position_scan 88 7200 [(4, 0.917), (6, 0.7266), (8, 0.4756)]
RL position_scan 88 14400 [(4, 0.9678), (6, 0.8828), (8, 0.6318)]
RL position_scan 88 28800 [(4, 0.9688), (6, 0.917), (8, 0.7383)]
RL position_scan 88 36000 [(4, 0.9873), (6, 0.9307), (8, 0.6982)]
RL phase_scan 77 900 [(4, 0.793), (6, 0.3594), (8, 0.1201)]
RL phase_scan 77 1800 [(4, 0.8721), (6, 0.6064), (8, 0.3193)]
RL phase_scan 77 3600 [(4, 0.9199), (6, 0.7139), (8, 0.4121)]
RL phase_scan 77 7200 [(4, 0.9492), (6, 0.8447), (8, 0.6045)]
RL phase_scan 77 14400 [(4, 0.9561), (6, 0.8291), (8, 0.0654)]
RL phase_scan 77 28800 [(4, 0.9814), (6, 0.9209), (8, 0.2178)]
RL phase_scan 77 36000 [(4, 0.9814), (6, 0.9268), (8, 0.291)]
