X46-b2 priority_scan 66 900 [(4, 0.1836), (6, 0.0205), (8, 0.0)]
X46-b2 priority_scan 66 1800 [(4, 0.7578), (6, 0.4102), (8, 0.0869)]
X46-b2 priority_scan 66 3600 [(4, 0.8594), (6, 0.5312), (8, 0.0859)]
X46-b2 priority_scan 66 7200 [(4, 0.9121), (6, 0.541), (8, 0.0283)]
X46-b2 priority_scan 66 14400 [(4, 0.9404), (6, 0.5645), (8, 0.0029)]
X46-b2 priority_scan 66 28800 [(4, 0.9668), (6, 0.8779), (8, 0.1748)]
X46-b2 priority_scan 66 36000 [(4, 0.9658), (6, 0.8359), (8, 0.0176)]
X46-b2 position_scan 55 900 [(4, 0.6836), (6, 0.1914), (8, 0.0098)]
X46-b2 position_scan 55 1800 [(4, 0.7021), (6, 0.1523), (8, 0.002)]
X46-b2 position_scan 55 3600 [(4, 0.8457), (6, 0.3379), (8, 0.0)]
X46-b2 position_scan 55 7200 [(4, 0.9189), (6, 0.5918), (8, 0.0049)]
X46-b2 position_scan 55 14400 [(4, 0.9521), (6, 0.7461), (8, 0.0029)]
X46-b2 position_scan 55 28800 [(4, 0.9844), (6, 0.8799), (8, 0.0889)]
X46-b2 position_scan 55 36000 [(4, 0.9795), (6, 0.8887), (8, 0.0186)]
X46-b2 phase_scan 44 900 [(4, 0.7207), (6, 0.1836), (8, 0.0059)]
X46-b2 phase_scan 44 1800 [(4, 0.8418), (6, 0.4844), (8, 0.0654)]
X46-b2 phase_scan 44 3600 [(4, 0.9053), (6, 0.5254), (8, 0.0166)]
X46-b2 phase_scan 44 7200 [(4, 0.9258), (6, 0.5879), (8, 0.0)]
X46-b2 phase_scan 44 14400 [(4, 0.9502), (6, 0.7588), (8, 0.1494)]
X46-b2 phase_scan 44 28800 [(4, 0.9736), (6, 0.8516), (8, 0.002)]
X46-b2 phase_scan 44 36000 [(4, 0.9707), (6, 0.9102), (8, 0.0039)]
N8-b2L priority_scan 33 900 [(6, 0.1143), (8, 0.0234)]
N8-b2L priority_scan 33 1800 [(6, 0.252), (8, 0.0068)]
N8-b2L priority_scan 33 3600 [(6, 0.5488), (8, 0.0293)]
N8-b2L priority_scan 33 7200 [(6, 0.585), (8, 0.0146)]
N8-b2L priority_scan 33 14400 [(6, 0.4775), (8, 0.0029)]
N8-b2L priority_scan 33 28800 [(6, 0.8691), (8, 0.2998)]
N8-b2L priority_scan 33 36000 [(6, 0.8594), (8, 0.3105)]
N8-b2L position_scan 22 900 [(6, 0.0742), (8, 0.0)]
N8-b2L position_scan 22 1800 [(6, 0.002), (8, 0.0)]
N8-b2L position_scan 22 3600 [(6, 0.0), (8, 0.0)]
N8-b2L position_scan 22 7200 [(6, 0.0205), (8, 0.0)]
N8-b2L position_scan 22 14400 [(6, 0.0264), (8, 0.0)]
N8-b2L position_scan 22 28800 [(6, 0.0352), (8, 0.0)]
N8-b2L position_scan 22 36000 [(6, 0.001), (8, 0.0)]
N8-b2L phase_scan 11 900 [(6, 0.1826), (8, 0.0098)]
N8-b2L phase_scan 11 1800 [(6, 0.4141), (8, 0.0615)]
N8-b2L phase_scan 11 3600 [(6, 0.4707), (8, 0.0283)]
N8-b2L phase_scan 11 7200 [(6, 0.4707), (8, 0.2178)]
N8-b2L phase_scan 11 14400 [(6, 0.4004), (8, 0.6133)]
N8-b2L phase_scan 11 28800 [(6, 0.5459), (8, 0.8281)]
N8-b2L phase_scan 11 36000 [(6, 0.7607), (8, 0.8389)]
N8-b2L phase_scan 88 900 [(6, 0.1162), (8, 0.0)]
N8-b2L phase_scan 88 1800 [(6, 0.2871), (8, 0.0078)]
N8-b2L phase_scan 88 3600 [(6, 0.3955), (8, 0.0137)]
N8-b2L phase_scan 88 7200 [(6, 0.1953), (8, 0.3115)]
N8-b2L phase_scan 88 14400 [(6, 0.6211), (8, 0.7412)]
N8-b2L phase_scan 88 28800 [(6, 0.2832), (8, 0.7568)]
N8-b2L phase_scan 88 36000 [(6, 0.5254), (8, 0.8311)]
N8-b4L priority_scan 77 900 [(6, 0.0254), (8, 0.0029)]
N8-b4L priority_scan 77 1800 [(6, 0.417), (8, 0.1162)]
N8-b4L priority_scan 77 3600 [(6, 0.5361), (8, 0.2041)]
N8-b4L priority_scan 77 7200 [(6, 0.7002), (8, 0.3496)]
N8-b4L priority_scan 77 14400 [(6, 0.8184), (8, 0.6836)]
N8-b4L priority_scan 77 28800 [(6, 0.8711), (8, 0.7578)]
N8-b4L priority_scan 77 36000 [(6, 0.8906), (8, 0.8154)]
N8-b4L position_scan 66 900 [(6, 0.2266), (8, 0.0293)]
N8-b4L position_scan 66 1800 [(6, 0.3955), (8, 0.0586)]
N8-b4L position_scan 66 3600 [(6, 0.3564), (8, 0.0098)]
N8-b4L position_scan 66 7200 [(6, 0.7031), (8, 0.5596)]
N8-b4L position_scan 66 14400 [(6, 0.7393), (8, 0.7178)]
N8-b4L position_scan 66 28800 [(6, 0.5117), (8, 0.7803)]
N8-b4L position_scan 66 36000 [(6, 0.7344), (8, 0.8799)]
N8-b4L phase_scan 55 900 [(6, 0.4297), (8, 0.1377)]
N8-b4L phase_scan 55 1800 [(6, 0.1699), (8, 0.002)]
N8-b4L phase_scan 55 3600 [(6, 0.4551), (8, 0.127)]
N8-b4L phase_scan 55 7200 [(6, 0.6191), (8, 0.6387)]
N8-b4L phase_scan 55 14400 [(6, 0.6504), (8, 0.749)]
N8-b4L phase_scan 55 28800 [(6, 0.8652), (8, 0.8936)]
N8-b4L phase_scan 55 36000 [(6, 0.7334), (8, 0.877)]
N8-b16L priority_scan 44 900 [(6, 0.0215), (8, 0.002)]
N8-b16L priority_scan 44 1800 [(6, 0.0537), (8, 0.0098)]
N8-b16L priority_scan 44 3600 [(6, 0.2969), (8, 0.0703)]
N8-b16L priority_scan 44 7200 [(6, 0.7314), (8, 0.5771)]
N8-b16L priority_scan 44 14400 [(6, 0.8496), (8, 0.7061)]
N8-b16L priority_scan 44 28800 [(6, 0.9014), (8, 0.8467)]
N8-b16L priority_scan 44 36000 [(6, 0.8975), (8, 0.8477)]
N8-b16L position_scan 33 900 [(6, 0.4482), (8, 0.1846)]
N8-b16L position_scan 33 1800 [(6, 0.6602), (8, 0.4316)]
N8-b16L position_scan 33 3600 [(6, 0.7227), (8, 0.5459)]
N8-b16L position_scan 33 7200 [(6, 0.7607), (8, 0.6191)]
N8-b16L position_scan 33 14400 [(6, 0.9062), (8, 0.8223)]
N8-b16L position_scan 33 28800 [(6, 0.9258), (8, 0.8789)]
N8-b16L position_scan 33 36000 [(6, 0.918), (8, 0.8955)]
N8-b16L phase_scan 22 900 [(6, 0.4365), (8, 0.127)]
N8-b16L phase_scan 22 1800 [(6, 0.6592), (8, 0.4111)]
N8-b16L phase_scan 22 3600 [(6, 0.7686), (8, 0.6016)]
N8-b16L phase_scan 22 7200 [(6, 0.8213), (8, 0.7461)]
N8-b16L phase_scan 22 14400 [(6, 0.8408), (8, 0.793)]
N8-b16L phase_scan 22 28800 [(6, 0.9121), (8, 0.9053)]
N8-b16L phase_scan 22 36000 [(6, 0.9297), (8, 0.8965)]
D priority_scan 11 900 [(4, 0.1953), (6, 0.0234), (8, 0.0059)]
D priority_scan 11 1800 [(4, 0.1787), (6, 0.0225), (8, 0.0059)]
D priority_scan 11 3600 [(4, 0.1963), (6, 0.0283), (8, 0.0029)]
D priority_scan 11 7200 [(4, 0.6191), (6, 0.2275), (8, 0.0439)]
D priority_scan 11 14400 [(4, 0.8076), (6, 0.4727), (8, 0.1338)]
D priority_scan 11 28800 [(4, 0.8818), (6, 0.6543), (8, 0.3496)]
D priority_scan 11 36000 [(4, 0.9121), (6, 0.7158), (8, 0.4268)]
D priority_scan 88 900 [(4, 0.2061), (6, 0.0195), (8, 0.001)]
D priority_scan 88 1800 [(4, 0.1855), (6, 0.0273), (8, 0.0029)]
D priority_scan 88 3600 [(4, 0.2744), (6, 0.0557), (8, 0.0078)]
D priority_scan 88 7200 [(4, 0.7207), (6, 0.3486), (8, 0.1162)]
D priority_scan 88 14400 [(4, 0.9287), (6, 0.7871), (8, 0.4805)]
D priority_scan 88 28800 [(4, 0.9541), (6, 0.8828), (8, 0.7646)]
D priority_scan 88 36000 [(4, 0.9629), (6, 0.8984), (8, 0.7715)]
D position_scan 77 900 [(4, 0.7334), (6, 0.3955), (8, 0.1514)]
D position_scan 77 1800 [(4, 0.8574), (6, 0.6006), (8, 0.3359)]
D position_scan 77 3600 [(4, 0.9189), (6, 0.748), (8, 0.5342)]
D position_scan 77 7200 [(4, 0.9141), (6, 0.7568), (8, 0.5381)]
D position_scan 77 14400 [(4, 0.9697), (6, 0.877), (8, 0.6211)]
D position_scan 77 28800 [(4, 0.9795), (6, 0.9258), (8, 0.7764)]
D position_scan 77 36000 [(4, 0.9805), (6, 0.9277), (8, 0.7549)]
D phase_scan 66 900 [(4, 0.7676), (6, 0.4053), (8, 0.1377)]
D phase_scan 66 1800 [(4, 0.8623), (6, 0.624), (8, 0.3633)]
D phase_scan 66 3600 [(4, 0.9102), (6, 0.708), (8, 0.4717)]
D phase_scan 66 7200 [(4, 0.9404), (6, 0.8115), (8, 0.5537)]
D phase_scan 66 14400 [(4, 0.9648), (6, 0.8799), (8, 0.5859)]
D phase_scan 66 28800 [(4, 0.9727), (6, 0.8975), (8, 0.3047)]
D phase_scan 66 36000 [(4, 0.9766), (6, 0.9033), (8, 0.0742)]
RL priority_scan 55 900 [(4, 0.1836), (6, 0.0273), (8, 0.001)]
RL priority_scan 55 1800 [(4, 0.1855), (6, 0.0215), (8, 0.002)]
RL priority_scan 55 3600 [(4, 0.8154), (6, 0.6289), (8, 0.3643)]
RL priority_scan 55 7200 [(4, 0.915), (6, 0.7773), (8, 0.5771)]
RL priority_scan 55 14400 [(4, 0.9521), (6, 0.873), (8, 0.6934)]
RL priority_scan 55 28800 [(4, 0.9678), (6, 0.9072), (8, 0.8018)]
RL priority_scan 55 36000 [(4, 0.9824), (6, 0.9307), (8, 0.8467)]
RL position_scan 44 900 [(4, 0.7314), (6, 0.3857), (8, 0.0986)]
RL position_scan 44 1800 [(4, 0.7842), (6, 0.4551), (8, 0.1562)]
RL position_scan 44 3600 [(4, 0.8945), (6, 0.6592), (8, 0.4385)]
RL position_scan 44 7200 [(4, 0.9004), (6, 0.7236), (8, 0.4082)]
RL position_scan 44 14400 [(4, 0.9678), (6, 0.8926), (8, 0.665)]
RL position_scan 44 28800 [(4, 0.9805), (6, 0.9287), (8, 0.6748)]
RL position_scan 44 36000 [(4, 0.9844), (6, 0.9473), (8, 0.5654)]
RL phase_scan 33 900 [(4, 0.7939), (6, 0.3887), (8, 0.1299)]
RL phase_scan 33 1800 [(4, 0.8545), (6, 0.5898), (8, 0.2783)]
RL phase_scan 33 3600 [(4, 0.9131), (6, 0.6562), (8, 0.3242)]
RL phase_scan 33 7200 [(4, 0.9434), (6, 0.8018), (8, 0.4414)]
RL phase_scan 33 14400 [(4, 0.958), (6, 0.8691), (8, 0.2793)]
RL phase_scan 33 28800 [(4, 0.9697), (6, 0.9307), (8, 0.2861)]
RL phase_scan 33 36000 [(4, 0.9785), (6, 0.9346), (8, 0.0967)]
