X46-b2 priority_scan 44 900 [(4, 0.377), (6, 0.0762), (8, 0.0137)]
X46-b2 priority_scan 44 1800 [(4, 0.7705), (6, 0.2275), (8, 0.0273)]
X46-b2 priority_scan 44 3600 [(4, 0.8701), (6, 0.5205), (8, 0.0664)]
X46-b2 priority_scan 44 7200 [(4, 0.8887), (6, 0.5254), (8, 0.0449)]
X46-b2 priority_scan 44 14400 [(4, 0.9385), (6, 0.7354), (8, 0.1191)]
X46-b2 priority_scan 44 28800 [(4, 0.9746), (6, 0.8545), (8, 0.0371)]
X46-b2 priority_scan 44 36000 [(4, 0.9756), (6, 0.8691), (8, 0.0527)]
X46-b2 position_scan 33 900 [(4, 0.5635), (6, 0.0391), (8, 0.0)]
X46-b2 position_scan 33 1800 [(4, 0.8193), (6, 0.4893), (8, 0.1152)]
X46-b2 position_scan 33 3600 [(4, 0.8535), (6, 0.3408), (8, 0.0029)]
X46-b2 position_scan 33 7200 [(4, 0.9268), (6, 0.623), (8, 0.001)]
X46-b2 position_scan 33 14400 [(4, 0.9688), (6, 0.7793), (8, 0.0215)]
X46-b2 position_scan 33 28800 [(4, 0.9736), (6, 0.8467), (8, 0.001)]
X46-b2 position_scan 33 36000 [(4, 0.9814), (6, 0.9102), (8, 0.0312)]
X46-b2 phase_scan 22 900 [(4, 0.7041), (6, 0.0889), (8, 0.001)]
X46-b2 phase_scan 22 1800 [(4, 0.8535), (6, 0.582), (8, 0.1377)]
X46-b2 phase_scan 22 3600 [(4, 0.8838), (6, 0.4707), (8, 0.0264)]
X46-b2 phase_scan 22 7200 [(4, 0.8916), (6, 0.6406), (8, 0.0283)]
X46-b2 phase_scan 22 14400 [(4, 0.9473), (6, 0.8418), (8, 0.0635)]
X46-b2 phase_scan 22 28800 [(4, 0.9756), (6, 0.9092), (8, 0.041)]
X46-b2 phase_scan 22 36000 [(4, 0.9736), (6, 0.9014), (8, 0.0176)]
N8-b2L priority_scan 11 900 [(6, 0.1895), (8, 0.0215)]
N8-b2L priority_scan 11 1800 [(6, 0.2002), (8, 0.002)]
N8-b2L priority_scan 11 3600 [(6, 0.582), (8, 0.1152)]
N8-b2L priority_scan 11 7200 [(6, 0.6045), (8, 0.0234)]
N8-b2L priority_scan 11 14400 [(6, 0.1904), (8, 0.0)]
N8-b2L priority_scan 11 28800 [(6, 0.7402), (8, 0.001)]
N8-b2L priority_scan 11 36000 [(6, 0.8232), (8, 0.0303)]
N8-b2L priority_scan 88 900 [(6, 0.2256), (8, 0.0537)]
N8-b2L priority_scan 88 1800 [(6, 0.3906), (8, 0.0186)]
N8-b2L priority_scan 88 3600 [(6, 0.5576), (8, 0.0957)]
N8-b2L priority_scan 88 7200 [(6, 0.5605), (8, 0.0029)]
N8-b2L priority_scan 88 14400 [(6, 0.7324), (8, 0.0332)]
N8-b2L priority_scan 88 28800 [(6, 0.7988), (8, 0.002)]
N8-b2L priority_scan 88 36000 [(6, 0.8115), (8, 0.0)]
N8-b2L position_scan 77 900 [(6, 0.0195), (8, 0.0)]
N8-b2L position_scan 77 1800 [(6, 0.0928), (8, 0.0)]
N8-b2L position_scan 77 3600 [(6, 0.0605), (8, 0.0)]
N8-b2L position_scan 77 7200 [(6, 0.0635), (8, 0.0)]
N8-b2L position_scan 77 14400 [(6, 0.0166), (8, 0.0)]
N8-b2L position_scan 77 28800 [(6, 0.0342), (8, 0.0)]
N8-b2L position_scan 77 36000 [(6, 0.0049), (8, 0.0)]
N8-b2L phase_scan 66 900 [(6, 0.2393), (8, 0.0205)]
N8-b2L phase_scan 66 1800 [(6, 0.1348), (8, 0.002)]
N8-b2L phase_scan 66 3600 [(6, 0.5273), (8, 0.0908)]
N8-b2L phase_scan 66 7200 [(6, 0.5303), (8, 0.1494)]
N8-b2L phase_scan 66 14400 [(6, 0.7412), (8, 0.5908)]
N8-b2L phase_scan 66 28800 [(6, 0.417), (8, 0.8057)]
N8-b2L phase_scan 66 36000 [(6, 0.7695), (8, 0.8604)]
N8-b4L priority_scan 55 900 [(6, 0.0234), (8, 0.001)]
N8-b4L priority_scan 55 1800 [(6, 0.4844), (8, 0.2178)]
N8-b4L priority_scan 55 3600 [(6, 0.584), (8, 0.1426)]
N8-b4L priority_scan 55 7200 [(6, 0.7598), (8, 0.4033)]
N8-b4L priority_scan 55 14400 [(6, 0.8428), (8, 0.6113)]
N8-b4L priority_scan 55 28800 [(6, 0.8965), (8, 0.7246)]
N8-b4L priority_scan 55 36000 [(6, 0.8936), (8, 0.7793)]
N8-b4L position_scan 44 900 [(6, 0.3398), (8, 0.0742)]
N8-b4L position_scan 44 1800 [(6, 0.4326), (8, 0.1338)]
N8-b4L position_scan 44 3600 [(6, 0.6182), (8, 0.3604)]
N8-b4L position_scan 44 7200 [(6, 0.7012), (8, 0.6055)]
N8-b4L position_scan 44 14400 [(6, 0.7012), (8, 0.7061)]
N8-b4L position_scan 44 28800 [(6, 0.8857), (8, 0.8965)]
N8-b4L position_scan 44 36000 [(6, 0.8223), (8, 0.8945)]
N8-b4L phase_scan 33 900 [(6, 0.2402), (8, 0.0195)]
N8-b4L phase_scan 33 1800 [(6, 0.6143), (8, 0.373)]
N8-b4L phase_scan 33 3600 [(6, 0.7197), (8, 0.5176)]
N8-b4L phase_scan 33 7200 [(6, 0.7832), (8, 0.7393)]
N8-b4L phase_scan 33 14400 [(6, 0.7754), (8, 0.8096)]
N8-b4L phase_scan 33 28800 [(6, 0.7607), (8, 0.8926)]
N8-b4L phase_scan 33 36000 [(6, 0.6045), (8, 0.8662)]
N8-b16L priority_scan 22 900 [(6, 0.0234), (8, 0.0)]
N8-b16L priority_scan 22 1800 [(6, 0.0518), (8, 0.0049)]
N8-b16L priority_scan 22 3600 [(6, 0.5957), (8, 0.3486)]
N8-b16L priority_scan 22 7200 [(6, 0.8203), (8, 0.7285)]
N8-b16L priority_scan 22 14400 [(6, 0.9102), (8, 0.8271)]
N8-b16L priority_scan 22 28800 [(6, 0.918), (8, 0.8467)]
N8-b16L priority_scan 22 36000 [(6, 0.9336), (8, 0.8994)]
N8-b16L position_scan 11 900 [(6, 0.2725), (8, 0.0684)]
N8-b16L position_scan 11 1800 [(6, 0.6914), (8, 0.4609)]
N8-b16L position_scan 11 3600 [(6, 0.7754), (8, 0.6133)]
N8-b16L position_scan 11 7200 [(6, 0.7412), (8, 0.5869)]
N8-b16L position_scan 11 14400 [(6, 0.8906), (8, 0.7949)]
N8-b16L position_scan 11 28800 [(6, 0.9102), (8, 0.875)]
N8-b16L position_scan 11 36000 [(6, 0.9229), (8, 0.915)]
N8-b16L position_scan 88 900 [(6, 0.4307), (8, 0.1514)]
N8-b16L position_scan 88 1800 [(6, 0.1885), (8, 0.001)]
N8-b16L position_scan 88 3600 [(6, 0.6748), (8, 0.4922)]
N8-b16L position_scan 88 7200 [(6, 0.7354), (8, 0.5879)]
N8-b16L position_scan 88 14400 [(6, 0.8135), (8, 0.6934)]
N8-b16L position_scan 88 28800 [(6, 0.915), (8, 0.875)]
N8-b16L position_scan 88 36000 [(6, 0.917), (8, 0.8721)]
N8-b16L phase_scan 77 900 [(6, 0.5303), (8, 0.2471)]
N8-b16L phase_scan 77 1800 [(6, 0.583), (8, 0.3496)]
N8-b16L phase_scan 77 3600 [(6, 0.7471), (8, 0.5479)]
N8-b16L phase_scan 77 7200 [(6, 0.749), (8, 0.6201)]
N8-b16L phase_scan 77 14400 [(6, 0.8818), (8, 0.6982)]
N8-b16L phase_scan 77 28800 [(6, 0.918), (8, 0.8896)]
N8-b16L phase_scan 77 36000 [(6, 0.9355), (8, 0.9014)]
D priority_scan 66 900 [(4, 0.1826), (6, 0.0225), (8, 0.0049)]
D priority_scan 66 1800 [(4, 0.2012), (6, 0.0283), (8, 0.0078)]
D priority_scan 66 3600 [(4, 0.1992), (6, 0.0303), (8, 0.0039)]
D priority_scan 66 7200 [(4, 0.8555), (6, 0.6621), (8, 0.2549)]
D priority_scan 66 14400 [(4, 0.9395), (6, 0.8418), (8, 0.6846)]
D priority_scan 66 28800 [(4, 0.9541), (6, 0.873), (8, 0.6855)]
D priority_scan 66 36000 [(4, 0.9688), (6, 0.9219), (8, 0.7959)]
D position_scan 55 900 [(4, 0.6904), (6, 0.3066), (8, 0.1055)]
D position_scan 55 1800 [(4, 0.8252), (6, 0.5605), (8, 0.2822)]
D position_scan 55 3600 [(4, 0.8926), (6, 0.665), (8, 0.3857)]
D position_scan 55 7200 [(4, 0.9355), (6, 0.8105), (8, 0.5996)]
D position_scan 55 14400 [(4, 0.9619), (6, 0.8564), (8, 0.6973)]
D position_scan 55 28800 [(4, 0.9785), (6, 0.9141), (8, 0.749)]
D position_scan 55 36000 [(4, 0.9746), (6, 0.917), (8, 0.584)]
D phase_scan 44 900 [(4, 0.7246), (6, 0.3691), (8, 0.1104)]
D phase_scan 44 1800 [(4, 0.8438), (6, 0.5332), (8, 0.2842)]
D phase_scan 44 3600 [(4, 0.9043), (6, 0.708), (8, 0.5176)]
D phase_scan 44 7200 [(4, 0.9277), (6, 0.7939), (8, 0.585)]
D phase_scan 44 14400 [(4, 0.9561), (6, 0.8115), (8, 0.2246)]
D phase_scan 44 28800 [(4, 0.9678), (6, 0.916), (8, 0.1172)]
D phase_scan 44 36000 [(4, 0.9766), (6, 0.9365), (8, 0.4082)]
RL priority_scan 33 900 [(4, 0.1846), (6, 0.0283), (8, 0.002)]
RL priority_scan 33 1800 [(4, 0.1826), (6, 0.0264), (8, 0.0039)]
RL priority_scan 33 3600 [(4, 0.5137), (6, 0.1172), (8, 0.0205)]
RL priority_scan 33 7200 [(4, 0.8584), (6, 0.6094), (8, 0.2451)]
RL priority_scan 33 14400 [(4, 0.9521), (6, 0.8379), (8, 0.6621)]
RL priority_scan 33 28800 [(4, 0.96), (6, 0.9014), (8, 0.8115)]
RL priority_scan 33 36000 [(4, 0.9795), (6, 0.9346), (8, 0.7812)]
RL position_scan 22 900 [(4, 0.7393), (6, 0.3662), (8, 0.1016)]
RL position_scan 22 1800 [(4, 0.8496), (6, 0.668), (8, 0.4229)]
RL position_scan 22 3600 [(4, 0.8975), (6, 0.6943), (8, 0.4297)]
RL position_scan 22 7200 [(4, 0.9092), (6, 0.7344), (8, 0.457)]
RL position_scan 22 14400 [(4, 0.9551), (6, 0.8271), (8, 0.5166)]
RL position_scan 22 28800 [(4, 0.9717), (6, 0.8994), (8, 0.2383)]
RL position_scan 22 36000 [(4, 0.9766), (6, 0.9043), (8, 0.6338)]
RL phase_scan 11 900 [(4, 0.7646), (6, 0.3564), (8, 0.0605)]
RL phase_scan 11 1800 [(4, 0.8799), (6, 0.6094), (8, 0.2812)]
RL phase_scan 11 3600 [(4, 0.9121), (6, 0.7139), (8, 0.4521)]
RL phase_scan 11 7200 [(4, 0.9355), (6, 0.793), (8, 0.5527)]
RL phase_scan 11 14400 [(4, 0.9375), (6, 0.8398), (8, 0.2148)]
RL phase_scan 11 28800 [(4, 0.9668), (6, 0.9238), (8, 0.2588)]
RL phase_scan 11 36000 [(4, 0.9746), (6, 0.9111), (8, 0.0625)]
RL phase_scan 88 900 [(4, 0.7373), (6, 0.3145), (8, 0.0449)]
RL phase_scan 88 1800 [(4, 0.8506), (6, 0.5586), (8, 0.1611)]
RL phase_scan 88 3600 [(4, 0.8857), (6, 0.6377), (8, 0.2773)]
RL phase_scan 88 7200 [(4, 0.9385), (6, 0.8105), (8, 0.5938)]
RL phase_scan 88 14400 [(4, 0.9502), (6, 0.8838), (8, 0.2852)]
RL phase_scan 88 28800 [(4, 0.9814), (6, 0.9248), (8, 0.083)]
RL phase_scan 88 36000 [(4, 0.9834), (6, 0.9395), (8, 0.3535)]
