X46-b2 priority_scan 77 900 [(4, 0.1826), (6, 0.0293), (8, 0.001)]
X46-b2 priority_scan 77 1800 [(4, 0.7686), (6, 0.3457), (8, 0.0635)]
X46-b2 priority_scan 77 3600 [(4, 0.8408), (6, 0.3584), (8, 0.0156)]
X46-b2 priority_scan 77 7200 [(4, 0.9111), (6, 0.5625), (8, 0.0518)]
X46-b2 priority_scan 77 14400 [(4, 0.9424), (6, 0.6816), (8, 0.0059)]
X46-b2 priority_scan 77 28800 [(4, 0.957), (6, 0.6855), (8, 0.0)]
X46-b2 priority_scan 77 36000 [(4, 0.9639), (6, 0.8369), (8, 0.0)]
X46-b2 position_scan 66 900 [(4, 0.7324), (6, 0.25), (8, 0.0127)]
X46-b2 position_scan 66 1800 [(4, 0.791), (6, 0.3643), (8, 0.0166)]
X46-b2 position_scan 66 3600 [(4, 0.8896), (6, 0.4414), (8, 0.002)]
X46-b2 position_scan 66 7200 [(4, 0.9033), (6, 0.4287), (8, 0.0)]
X46-b2 position_scan 66 14400 [(4, 0.9648), (6, 0.7734), (8, 0.0)]
X46-b2 position_scan 66 28800 [(4, 0.9688), (6, 0.8604), (8, 0.001)]
X46-b2 position_scan 66 36000 [(4, 0.9795), (6, 0.9092), (8, 0.001)]
X46-b2 phase_scan 55 900 [(4, 0.7666), (6, 0.3916), (8, 0.0703)]
X46-b2 phase_scan 55 1800 [(4, 0.8438), (6, 0.4971), (8, 0.0508)]
X46-b2 phase_scan 55 3600 [(4, 0.8867), (6, 0.5928), (8, 0.0615)]
X46-b2 phase_scan 55 7200 [(4, 0.9131), (6, 0.6855), (8, 0.0)]
X46-b2 phase_scan 55 14400 [(4, 0.9463), (6, 0.8252), (8, 0.0166)]
X46-b2 phase_scan 55 28800 [(4, 0.9717), (6, 0.8877), (8, 0.0)]
X46-b2 phase_scan 55 36000 [(4, 0.9756), (6, 0.8965), (8, 0.0)]
N8-b2L priority_scan 44 900 [(6, 0.1445), (8, 0.0078)]
N8-b2L priority_scan 44 1800 [(6, 0.3721), (8, 0.0117)]
N8-b2L priority_scan 44 3600 [(6, 0.2246), (8, 0.002)]
N8-b2L priority_scan 44 7200 [(6, 0.5771), (8, 0.0156)]
N8-b2L priority_scan 44 14400 [(6, 0.6914), (8, 0.1035)]
N8-b2L priority_scan 44 28800 [(6, 0.7949), (8, 0.0098)]
N8-b2L priority_scan 44 36000 [(6, 0.7363), (8, 0.0107)]
N8-b2L position_scan 33 900 [(6, 0.3311), (8, 0.0732)]
N8-b2L position_scan 33 1800 [(6, 0.002), (8, 0.0)]
N8-b2L position_scan 33 3600 [(6, 0.0), (8, 0.0)]
N8-b2L position_scan 33 7200 [(6, 0.0098), (8, 0.0)]
N8-b2L position_scan 33 14400 [(6, 0.0029), (8, 0.0)]
N8-b2L position_scan 33 28800 [(6, 0.041), (8, 0.0)]
N8-b2L position_scan 33 36000 [(6, 0.002), (8, 0.0)]
N8-b2L phase_scan 22 900 [(6, 0.1387), (8, 0.0029)]
N8-b2L phase_scan 22 1800 [(6, 0.2402), (8, 0.0)]
N8-b2L phase_scan 22 3600 [(6, 0.1035), (8, 0.0)]
N8-b2L phase_scan 22 7200 [(6, 0.3633), (8, 0.1562)]
N8-b2L phase_scan 22 14400 [(6, 0.1221), (8, 0.4551)]
N8-b2L phase_scan 22 28800 [(6, 0.8037), (8, 0.8594)]
N8-b2L phase_scan 22 36000 [(6, 0.8867), (8, 0.9082)]
N8-b4L priority_scan 11 900 [(6, 0.0479), (8, 0.0029)]
N8-b4L priority_scan 11 1800 [(6, 0.4756), (8, 0.2139)]
N8-b4L priority_scan 11 3600 [(6, 0.4854), (8, 0.0674)]
N8-b4L priority_scan 11 7200 [(6, 0.6719), (8, 0.2471)]
N8-b4L priority_scan 11 14400 [(6, 0.8428), (8, 0.6807)]
N8-b4L priority_scan 11 28800 [(6, 0.874), (8, 0.7246)]
N8-b4L priority_scan 11 36000 [(6, 0.9111), (8, 0.7832)]
N8-b4L priority_scan 88 900 [(6, 0.1602), (8, 0.042)]
N8-b4L priority_scan 88 1800 [(6, 0.5234), (8, 0.1904)]
N8-b4L priority_scan 88 3600 [(6, 0.7324), (8, 0.5918)]
N8-b4L priority_scan 88 7200 [(6, 0.7646), (8, 0.373)]
N8-b4L priority_scan 88 14400 [(6, 0.8516), (8, 0.7441)]
N8-b4L priority_scan 88 28800 [(6, 0.9072), (8, 0.8486)]
N8-b4L priority_scan 88 36000 [(6, 0.9219), (8, 0.8535)]
N8-b4L position_scan 77 900 [(6, 0.3057), (8, 0.0752)]
N8-b4L position_scan 77 1800 [(6, 0.6162), (8, 0.3418)]
N8-b4L position_scan 77 3600 [(6, 0.6064), (8, 0.3623)]
N8-b4L position_scan 77 7200 [(6, 0.6318), (8, 0.4336)]
N8-b4L position_scan 77 14400 [(6, 0.7744), (8, 0.7842)]
N8-b4L position_scan 77 28800 [(6, 0.8584), (8, 0.8896)]
N8-b4L position_scan 77 36000 [(6, 0.7598), (8, 0.8564)]
N8-b4L phase_scan 66 900 [(6, 0.4668), (8, 0.1709)]
N8-b4L phase_scan 66 1800 [(6, 0.4863), (8, 0.1836)]
N8-b4L phase_scan 66 3600 [(6, 0.5557), (8, 0.1895)]
N8-b4L phase_scan 66 7200 [(6, 0.0723), (8, 0.3428)]
N8-b4L phase_scan 66 14400 [(6, 0.7246), (8, 0.7598)]
N8-b4L phase_scan 66 28800 [(6, 0.8496), (8, 0.9014)]
N8-b4L phase_scan 66 36000 [(6, 0.8838), (8, 0.8975)]
N8-b16L priority_scan 55 900 [(6, 0.0166), (8, 0.0)]
N8-b16L priority_scan 55 1800 [(6, 0.2373), (8, 0.0635)]
N8-b16L priority_scan 55 3600 [(6, 0.667), (8, 0.54)]
N8-b16L priority_scan 55 7200 [(6, 0.8047), (8, 0.7148)]
N8-b16L priority_scan 55 14400 [(6, 0.8779), (8, 0.793)]
N8-b16L priority_scan 55 28800 [(6, 0.9121), (8, 0.8418)]
N8-b16L priority_scan 55 36000 [(6, 0.9258), (8, 0.875)]
N8-b16L position_scan 44 900 [(6, 0.3906), (8, 0.1641)]
N8-b16L position_scan 44 1800 [(6, 0.5605), (8, 0.2549)]
N8-b16L position_scan 44 3600 [(6, 0.709), (8, 0.4951)]
N8-b16L position_scan 44 7200 [(6, 0.7861), (8, 0.6934)]
N8-b16L position_scan 44 14400 [(6, 0.8516), (8, 0.7803)]
N8-b16L position_scan 44 28800 [(6, 0.9072), (8, 0.877)]
N8-b16L position_scan 44 36000 [(6, 0.9385), (8, 0.9199)]
N8-b16L phase_scan 33 900 [(6, 0.4639), (8, 0.1865)]
N8-b16L phase_scan 33 1800 [(6, 0.6064), (8, 0.3428)]
N8-b16L phase_scan 33 3600 [(6, 0.707), (8, 0.5381)]
N8-b16L phase_scan 33 7200 [(6, 0.7969), (8, 0.6787)]
N8-b16L phase_scan 33 14400 [(6, 0.8633), (8, 0.8242)]
N8-b16L phase_scan 33 28800 [(6, 0.9268), (8, 0.8662)]
N8-b16L phase_scan 33 36000 [(6, 0.9375), (8, 0.9033)]
D priority_scan 22 900 [(4, 0.1855), (6, 0.0283), (8, 0.0039)]
D priority_scan 22 1800 [(4, 0.2061), (6, 0.0215), (8, 0.002)]
D priority_scan 22 3600 [(4, 0.1963), (6, 0.0303), (8, 0.0039)]
D priority_scan 22 7200 [(4, 0.6445), (6, 0.2256), (8, 0.0488)]
D priority_scan 22 14400 [(4, 0.7822), (6, 0.4033), (8, 0.1035)]
D priority_scan 22 28800 [(4, 0.918), (6, 0.7412), (8, 0.3906)]
D priority_scan 22 36000 [(4, 0.9434), (6, 0.8193), (8, 0.6025)]
D position_scan 11 900 [(4, 0.7715), (6, 0.4326), (8, 0.1152)]
D position_scan 11 1800 [(4, 0.8486), (6, 0.5479), (8, 0.2432)]
D position_scan 11 3600 [(4, 0.915), (6, 0.7383), (8, 0.5186)]
D position_scan 11 7200 [(4, 0.9365), (6, 0.7793), (8, 0.6006)]
D position_scan 11 14400 [(4, 0.9463), (6, 0.8574), (8, 0.668)]
D position_scan 11 28800 [(4, 0.9785), (6, 0.9238), (8, 0.6094)]
D position_scan 11 36000 [(4, 0.9873), (6, 0.9424), (8, 0.5439)]
D position_scan 88 900 [(4, 0.7295), (6, 0.335), (8, 0.0869)]
D position_scan 88 1800 [(4, 0.8486), (6, 0.582), (8, 0.2969)]
D position_scan 88 3600 [(4, 0.9092), (6, 0.7314), (8, 0.501)]
D position_scan 88 7200 [(4, 0.9209), (6, 0.7598), (8, 0.5518)]
D position_scan 88 14400 [(4, 0.959), (6, 0.8467), (8, 0.5986)]
D position_scan 88 28800 [(4, 0.9805), (6, 0.916), (8, 0.7471)]
D position_scan 88 36000 [(4, 0.9746), (6, 0.9229), (8, 0.749)]
D phase_scan 77 900 [(4, 0.7656), (6, 0.4072), (8, 0.1221)]
D phase_scan 77 1800 [(4, 0.8184), (6, 0.4619), (8, 0.1748)]
D phase_scan 77 3600 [(4, 0.8984), (6, 0.6709), (8, 0.3457)]
D phase_scan 77 7200 [(4, 0.917), (6, 0.7334), (8, 0.3721)]
D phase_scan 77 14400 [(4, 0.9697), (6, 0.8887), (8, 0.6172)]
D phase_scan 77 28800 [(4, 0.9727), (6, 0.9219), (8, 0.4141)]
D phase_scan 77 36000 [(4, 0.9834), (6, 0.9131), (8, 0.3223)]
RL priority_scan 66 900 [(4, 0.1875), (6, 0.0215), (8, 0.0039)]
RL priority_scan 66 1800 [(4, 0.1914), (6, 0.0225), (8, 0.0059)]
RL priority_scan 66 3600 [(4, 0.6475), (6, 0.252), (8, 0.041)]
RL priority_scan 66 7200 [(4, 0.915), (6, 0.7568), (8, 0.4805)]
RL priority_scan 66 14400 [(4, 0.9463), (6, 0.835), (8, 0.6504)]
RL priority_scan 66 28800 [(4, 0.957), (6, 0.8848), (8, 0.7559)]
RL priority_scan 66 36000 [(4, 0.9639), (6, 0.8877), (8, 0.6768)]
RL position_scan 55 900 [(4, 0.7588), (6, 0.4102), (8, 0.165)]
RL position_scan 55 1800 [(4, 0.8242), (6, 0.5156), (8, 0.2061)]
RL position_scan 55 3600 [(4, 0.8799), (6, 0.6797), (8, 0.4795)]
RL position_scan 55 7200 [(4, 0.9297), (6, 0.7979), (8, 0.5801)]
RL position_scan 55 14400 [(4, 0.9473), (6, 0.8535), (8, 0.6514)]
RL position_scan 55 28800 [(4, 0.9736), (6, 0.9414), (8, 0.793)]
RL position_scan 55 36000 [(4, 0.9766), (6, 0.9268), (8, 0.7246)]
RL phase_scan 44 900 [(4, 0.7686), (6, 0.4336), (8, 0.127)]
RL phase_scan 44 1800 [(4, 0.8594), (6, 0.499), (8, 0.1973)]
RL phase_scan 44 3600 [(4, 0.9004), (6, 0.6377), (8, 0.1787)]
RL phase_scan 44 7200 [(4, 0.9219), (6, 0.7969), (8, 0.5312)]
RL phase_scan 44 14400 [(4, 0.9531), (6, 0.8613), (8, 0.3311)]
RL phase_scan 44 28800 [(4, 0.9746), (6, 0.9482), (8, 0.2031)]
RL phase_scan 44 36000 [(4, 0.9805), (6, 0.9238), (8, 0.0693)]
