X46-b2 priority_scan 11 900 [(4, 0.2432), (6, 0.0322), (8, 0.0049)]
X46-b2 priority_scan 11 1800 [(4, 0.75), (6, 0.2227), (8, 0.0225)]
X46-b2 priority_scan 11 3600 [(4, 0.8105), (6, 0.2852), (8, 0.0127)]
X46-b2 priority_scan 11 7200 [(4, 0.877), (6, 0.5928), (8, 0.0859)]
X46-b2 priority_scan 11 14400 [(4, 0.9336), (6, 0.5811), (8, 0.0059)]
X46-b2 priority_scan 11 28800 [(4, 0.9502), (6, 0.4629), (8, 0.0)]
X46-b2 priority_scan 11 36000 [(4, 0.9629), (6, 0.6582), (8, 0.0029)]
X46-b2 priority_scan 88 900 [(4, 0.1953), (6, 0.0273), (8, 0.002)]
X46-b2 priority_scan 88 1800 [(4, 0.7422), (6, 0.249), (8, 0.0283)]
X46-b2 priority_scan 88 3600 [(4, 0.8789), (6, 0.5352), (8, 0.1074)]
X46-b2 priority_scan 88 7200 [(4, 0.9072), (6, 0.5508), (8, 0.042)]
X46-b2 priority_scan 88 14400 [(4, 0.9463), (6, 0.6982), (8, 0.0264)]
X46-b2 priority_scan 88 28800 [(4, 0.9648), (6, 0.832), (8, 0.0078)]
X46-b2 priority_scan 88 36000 [(4, 0.9717), (6, 0.8682), (8, 0.0293)]
X46-b2 position_scan 77 900 [(4, 0.6807), (6, 0.1309), (8, 0.0)]
X46-b2 position_scan 77 1800 [(4, 0.835), (6, 0.3584), (8, 0.0039)]
X46-b2 position_scan 77 3600 [(4, 0.8936), (6, 0.5439), (8, 0.043)]
X46-b2 position_scan 77 7200 [(4, 0.9287), (6, 0.6572), (8, 0.0029)]
X46-b2 position_scan 77 14400 [(4, 0.9658), (6, 0.8105), (8, 0.0059)]
X46-b2 position_scan 77 28800 [(4, 0.9629), (6, 0.8164), (8, 0.0)]
X46-b2 position_scan 77 36000 [(4, 0.9688), (6, 0.8428), (8, 0.0)]
X46-b2 phase_scan 66 900 [(4, 0.7598), (6, 0.2256), (8, 0.0342)]
X46-b2 phase_scan 66 1800 [(4, 0.8252), (6, 0.4834), (8, 0.0439)]
X46-b2 phase_scan 66 3600 [(4, 0.8926), (6, 0.5459), (8, 0.0127)]
X46-b2 phase_scan 66 7200 [(4, 0.9336), (6, 0.7783), (8, 0.0459)]
X46-b2 phase_scan 66 14400 [(4, 0.9414), (6, 0.8223), (8, 0.0156)]
X46-b2 phase_scan 66 28800 [(4, 0.9697), (6, 0.8496), (8, 0.002)]
X46-b2 phase_scan 66 36000 [(4, 0.9746), (6, 0.8887), (8, 0.001)]
N8-b2L priority_scan 55 900 [(6, 0.1055), (8, 0.0156)]
N8-b2L priority_scan 55 1800 [(6, 0.3594), (8, 0.0537)]
N8-b2L priority_scan 55 3600 [(6, 0.5215), (8, 0.0723)]
N8-b2L priority_scan 55 7200 [(6, 0.6553), (8, 0.04)]
N8-b2L priority_scan 55 14400 [(6, 0.4463), (8, 0.0068)]
N8-b2L priority_scan 55 28800 [(6, 0.7969), (8, 0.0039)]
N8-b2L priority_scan 55 36000 [(6, 0.75), (8, 0.0)]
N8-b2L position_scan 44 900 [(6, 0.0469), (8, 0.0)]
N8-b2L position_scan 44 1800 [(6, 0.4131), (8, 0.0703)]
N8-b2L position_scan 44 3600 [(6, 0.0537), (8, 0.0)]
N8-b2L position_scan 44 7200 [(6, 0.0), (8, 0.0)]
N8-b2L position_scan 44 14400 [(6, 0.0098), (8, 0.0)]
N8-b2L position_scan 44 28800 [(6, 0.1113), (8, 0.0)]
N8-b2L position_scan 44 36000 [(6, 0.2266), (8, 0.001)]
N8-b2L phase_scan 33 900 [(6, 0.1953), (8, 0.0078)]
N8-b2L phase_scan 33 1800 [(6, 0.5293), (8, 0.1963)]
N8-b2L phase_scan 33 3600 [(6, 0.4043), (8, 0.0078)]
N8-b2L phase_scan 33 7200 [(6, 0.5166), (8, 0.4971)]
N8-b2L phase_scan 33 14400 [(6, 0.501), (8, 0.7598)]
N8-b2L phase_scan 33 28800 [(6, 0.4541), (8, 0.8037)]
N8-b2L phase_scan 33 36000 [(6, 0.6201), (8, 0.7979)]
N8-b4L priority_scan 22 900 [(6, 0.0322), (8, 0.002)]
N8-b4L priority_scan 22 1800 [(6, 0.4766), (8, 0.1426)]
N8-b4L priority_scan 22 3600 [(6, 0.6152), (8, 0.2793)]
N8-b4L priority_scan 22 7200 [(6, 0.7734), (8, 0.6182)]
N8-b4L priority_scan 22 14400 [(6, 0.834), (8, 0.665)]
N8-b4L priority_scan 22 28800 [(6, 0.8945), (8, 0.7656)]
N8-b4L priority_scan 22 36000 [(6, 0.917), (8, 0.8535)]
N8-b4L position_scan 11 900 [(6, 0.1992), (8, 0.0195)]
N8-b4L position_scan 11 1800 [(6, 0.3955), (8, 0.0791)]
N8-b4L position_scan 11 3600 [(6, 0.5518), (8, 0.1943)]
N8-b4L position_scan 11 7200 [(6, 0.7715), (8, 0.6855)]
N8-b4L position_scan 11 14400 [(6, 0.8223), (8, 0.8281)]
N8-b4L position_scan 11 28800 [(6, 0.4355), (8, 0.7734)]
N8-b4L position_scan 11 36000 [(6, 0.6611), (8, 0.8281)]
N8-b4L position_scan 88 900 [(6, 0.1562), (8, 0.0059)]
N8-b4L position_scan 88 1800 [(6, 0.5723), (8, 0.2832)]
N8-b4L position_scan 88 3600 [(6, 0.4844), (8, 0.0684)]
N8-b4L position_scan 88 7200 [(6, 0.5088), (8, 0.0352)]
N8-b4L position_scan 88 14400 [(6, 0.7217), (8, 0.6152)]
N8-b4L position_scan 88 28800 [(6, 0.8066), (8, 0.8145)]
N8-b4L position_scan 88 36000 [(6, 0.8418), (8, 0.8164)]
N8-b4L phase_scan 77 900 [(6, 0.3281), (8, 0.0459)]
N8-b4L phase_scan 77 1800 [(6, 0.4961), (8, 0.1836)]
N8-b4L phase_scan 77 3600 [(6, 0.5928), (8, 0.3379)]
N8-b4L phase_scan 77 7200 [(6, 0.5039), (8, 0.5889)]
N8-b4L phase_scan 77 14400 [(6, 0.7852), (8, 0.8086)]
N8-b4L phase_scan 77 28800 [(6, 0.499), (8, 0.7148)]
N8-b4L phase_scan 77 36000 [(6, 0.8066), (8, 0.876)]
N8-b16L priority_scan 66 900 [(6, 0.0234), (8, 0.002)]
N8-b16L priority_scan 66 1800 [(6, 0.3818), (8, 0.165)]
N8-b16L priority_scan 66 3600 [(6, 0.6709), (8, 0.501)]
N8-b16L priority_scan 66 7200 [(6, 0.7861), (8, 0.6357)]
N8-b16L priority_scan 66 14400 [(6, 0.8662), (8, 0.79)]
N8-b16L priority_scan 66 28800 [(6, 0.917), (8, 0.8535)]
N8-b16L priority_scan 66 36000 [(6, 0.9209), (8, 0.8779)]
N8-b16L position_scan 55 900 [(6, 0.3594), (8, 0.1367)]
N8-b16L position_scan 55 1800 [(6, 0.5498), (8, 0.2842)]
N8-b16L position_scan 55 3600 [(6, 0.5996), (8, 0.2959)]
N8-b16L position_scan 55 7200 [(6, 0.5625), (8, 0.2188)]
N8-b16L position_scan 55 14400 [(6, 0.8652), (8, 0.7412)]
N8-b16L position_scan 55 28800 [(6, 0.915), (8, 0.8604)]
N8-b16L position_scan 55 36000 [(6, 0.9297), (8, 0.9082)]
N8-b16L phase_scan 44 900 [(6, 0.3457), (8, 0.0635)]
N8-b16L phase_scan 44 1800 [(6, 0.3506), (8, 0.0244)]
N8-b16L phase_scan 44 3600 [(6, 0.6914), (8, 0.5273)]
N8-b16L phase_scan 44 7200 [(6, 0.7891), (8, 0.6924)]
N8-b16L phase_scan 44 14400 [(6, 0.8555), (8, 0.7793)]
N8-b16L phase_scan 44 28800 [(6, 0.8975), (8, 0.8555)]
N8-b16L phase_scan 44 36000 [(6, 0.9072), (8, 0.8896)]
D priority_scan 33 900 [(4, 0.1895), (6, 0.0205), (8, 0.001)]
D priority_scan 33 1800 [(4, 0.2021), (6, 0.0195), (8, 0.0029)]
D priority_scan 33 3600 [(4, 0.2109), (6, 0.0391), (8, 0.0049)]
D priority_scan 33 7200 [(4, 0.8604), (6, 0.665), (8, 0.374)]
D priority_scan 33 14400 [(4, 0.9404), (6, 0.8154), (8, 0.6484)]
D priority_scan 33 28800 [(4, 0.9668), (6, 0.9199), (8, 0.8174)]
D priority_scan 33 36000 [(4, 0.9795), (6, 0.9189), (8, 0.8076)]
D position_scan 22 900 [(4, 0.7246), (6, 0.3613), (8, 0.1055)]
D position_scan 22 1800 [(4, 0.835), (6, 0.5859), (8, 0.3086)]
D position_scan 22 3600 [(4, 0.8857), (6, 0.6846), (8, 0.457)]
D position_scan 22 7200 [(4, 0.9131), (6, 0.7725), (8, 0.5811)]
D position_scan 22 14400 [(4, 0.9658), (6, 0.8672), (8, 0.6152)]
D position_scan 22 28800 [(4, 0.9775), (6, 0.9287), (8, 0.7812)]
D position_scan 22 36000 [(4, 0.959), (6, 0.8936), (8, 0.7197)]
D phase_scan 11 900 [(4, 0.7793), (6, 0.4248), (8, 0.1348)]
D phase_scan 11 1800 [(4, 0.8867), (6, 0.5742), (8, 0.2891)]
D phase_scan 11 3600 [(4, 0.9082), (6, 0.708), (8, 0.4814)]
D phase_scan 11 7200 [(4, 0.9355), (6, 0.7656), (8, 0.5312)]
D phase_scan 11 14400 [(4, 0.958), (6, 0.8154), (8, 0.4844)]
D phase_scan 11 28800 [(4, 0.9746), (6, 0.8975), (8, 0.4336)]
D phase_scan 11 36000 [(4, 0.9863), (6, 0.9092), (8, 0.3125)]
D phase_scan 88 900 [(4, 0.7432), (6, 0.3418), (8, 0.124)]
D phase_scan 88 1800 [(4, 0.8604), (6, 0.5762), (8, 0.3242)]
D phase_scan 88 3600 [(4, 0.9033), (6, 0.6885), (8, 0.4609)]
D phase_scan 88 7200 [(4, 0.9365), (6, 0.7803), (8, 0.5566)]
D phase_scan 88 14400 [(4, 0.9463), (6, 0.8389), (8, 0.3447)]
D phase_scan 88 28800 [(4, 0.9736), (6, 0.9102), (8, 0.4004)]
D phase_scan 88 36000 [(4, 0.9785), (6, 0.9355), (8, 0.2842)]
RL priority_scan 77 900 [(4, 0.1738), (6, 0.0264), (8, 0.0039)]
RL priority_scan 77 1800 [(4, 0.1816), (6, 0.0254), (8, 0.0029)]
RL priority_scan 77 3600 [(4, 0.6748), (6, 0.2158), (8, 0.0137)]
RL priority_scan 77 7200 [(4, 0.9092), (6, 0.5488), (8, 0.1055)]
RL priority_scan 77 14400 [(4, 0.9395), (6, 0.7617), (8, 0.4355)]
RL priority_scan 77 28800 [(4, 0.9375), (6, 0.7803), (8, 0.5439)]
RL priority_scan 77 36000 [(4, 0.958), (6, 0.8428), (8, 0.5342)]
RL position_scan 66 900 [(4, 0.7568), (6, 0.4346), (8, 0.1709)]
RL position_scan 66 1800 [(4, 0.8438), (6, 0.5898), (8, 0.3291)]
RL position_scan 66 3600 [(4, 0.9141), (6, 0.7051), (8, 0.4707)]
RL position_scan 66 7200 [(4, 0.9199), (6, 0.7461), (8, 0.5498)]
RL position_scan 66 14400 [(4, 0.9609), (6, 0.8623), (8, 0.5957)]
RL position_scan 66 28800 [(4, 0.9756), (6, 0.8848), (8, 0.1855)]
RL position_scan 66 36000 [(4, 0.9844), (6, 0.9355), (8, 0.5967)]
RL phase_scan 55 900 [(4, 0.7617), (6, 0.3691), (8, 0.1426)]
RL phase_scan 55 1800 [(4, 0.8213), (6, 0.4844), (8, 0.1309)]
RL phase_scan 55 3600 [(4, 0.8975), (6, 0.6367), (8, 0.3643)]
RL phase_scan 55 7200 [(4, 0.918), (6, 0.7305), (8, 0.3125)]
RL phase_scan 55 14400 [(4, 0.9609), (6, 0.8672), (8, 0.293)]
RL phase_scan 55 28800 [(4, 0.9795), (6, 0.9365), (8, 0.2227)]
RL phase_scan 55 36000 [(4, 0.9785), (6, 0.9307), (8, 0.0225)]
